Archive member included to satisfy reference by file (symbol)

d:/ac6/systemworkbench/plugins/fr.ac6.mcu.externaltools.arm-none.win32_1.17.0.201812190825/tools/compiler/bin/../lib/gcc/arm-none-eabi/7.3.1/../../../../arm-none-eabi/lib/thumb/v7-m\libm.a(lib_a-sf_cos.o)
                              Main/demo/demo.o (cosf)
d:/ac6/systemworkbench/plugins/fr.ac6.mcu.externaltools.arm-none.win32_1.17.0.201812190825/tools/compiler/bin/../lib/gcc/arm-none-eabi/7.3.1/../../../../arm-none-eabi/lib/thumb/v7-m\libm.a(lib_a-sf_sin.o)
                              Main/demo/demo.o (sinf)
d:/ac6/systemworkbench/plugins/fr.ac6.mcu.externaltools.arm-none.win32_1.17.0.201812190825/tools/compiler/bin/../lib/gcc/arm-none-eabi/7.3.1/../../../../arm-none-eabi/lib/thumb/v7-m\libm.a(lib_a-ef_rem_pio2.o)
                              d:/ac6/systemworkbench/plugins/fr.ac6.mcu.externaltools.arm-none.win32_1.17.0.201812190825/tools/compiler/bin/../lib/gcc/arm-none-eabi/7.3.1/../../../../arm-none-eabi/lib/thumb/v7-m\libm.a(lib_a-sf_cos.o) (__ieee754_rem_pio2f)
d:/ac6/systemworkbench/plugins/fr.ac6.mcu.externaltools.arm-none.win32_1.17.0.201812190825/tools/compiler/bin/../lib/gcc/arm-none-eabi/7.3.1/../../../../arm-none-eabi/lib/thumb/v7-m\libm.a(lib_a-kf_cos.o)
                              d:/ac6/systemworkbench/plugins/fr.ac6.mcu.externaltools.arm-none.win32_1.17.0.201812190825/tools/compiler/bin/../lib/gcc/arm-none-eabi/7.3.1/../../../../arm-none-eabi/lib/thumb/v7-m\libm.a(lib_a-sf_cos.o) (__kernel_cosf)
d:/ac6/systemworkbench/plugins/fr.ac6.mcu.externaltools.arm-none.win32_1.17.0.201812190825/tools/compiler/bin/../lib/gcc/arm-none-eabi/7.3.1/../../../../arm-none-eabi/lib/thumb/v7-m\libm.a(lib_a-kf_rem_pio2.o)
                              d:/ac6/systemworkbench/plugins/fr.ac6.mcu.externaltools.arm-none.win32_1.17.0.201812190825/tools/compiler/bin/../lib/gcc/arm-none-eabi/7.3.1/../../../../arm-none-eabi/lib/thumb/v7-m\libm.a(lib_a-ef_rem_pio2.o) (__kernel_rem_pio2f)
d:/ac6/systemworkbench/plugins/fr.ac6.mcu.externaltools.arm-none.win32_1.17.0.201812190825/tools/compiler/bin/../lib/gcc/arm-none-eabi/7.3.1/../../../../arm-none-eabi/lib/thumb/v7-m\libm.a(lib_a-kf_sin.o)
                              d:/ac6/systemworkbench/plugins/fr.ac6.mcu.externaltools.arm-none.win32_1.17.0.201812190825/tools/compiler/bin/../lib/gcc/arm-none-eabi/7.3.1/../../../../arm-none-eabi/lib/thumb/v7-m\libm.a(lib_a-sf_cos.o) (__kernel_sinf)
d:/ac6/systemworkbench/plugins/fr.ac6.mcu.externaltools.arm-none.win32_1.17.0.201812190825/tools/compiler/bin/../lib/gcc/arm-none-eabi/7.3.1/../../../../arm-none-eabi/lib/thumb/v7-m\libm.a(lib_a-sf_fabs.o)
                              d:/ac6/systemworkbench/plugins/fr.ac6.mcu.externaltools.arm-none.win32_1.17.0.201812190825/tools/compiler/bin/../lib/gcc/arm-none-eabi/7.3.1/../../../../arm-none-eabi/lib/thumb/v7-m\libm.a(lib_a-ef_rem_pio2.o) (fabsf)
d:/ac6/systemworkbench/plugins/fr.ac6.mcu.externaltools.arm-none.win32_1.17.0.201812190825/tools/compiler/bin/../lib/gcc/arm-none-eabi/7.3.1/../../../../arm-none-eabi/lib/thumb/v7-m\libm.a(lib_a-sf_floor.o)
                              d:/ac6/systemworkbench/plugins/fr.ac6.mcu.externaltools.arm-none.win32_1.17.0.201812190825/tools/compiler/bin/../lib/gcc/arm-none-eabi/7.3.1/../../../../arm-none-eabi/lib/thumb/v7-m\libm.a(lib_a-kf_rem_pio2.o) (floorf)
d:/ac6/systemworkbench/plugins/fr.ac6.mcu.externaltools.arm-none.win32_1.17.0.201812190825/tools/compiler/bin/../lib/gcc/arm-none-eabi/7.3.1/../../../../arm-none-eabi/lib/thumb/v7-m\libm.a(lib_a-sf_scalbn.o)
                              d:/ac6/systemworkbench/plugins/fr.ac6.mcu.externaltools.arm-none.win32_1.17.0.201812190825/tools/compiler/bin/../lib/gcc/arm-none-eabi/7.3.1/../../../../arm-none-eabi/lib/thumb/v7-m\libm.a(lib_a-kf_rem_pio2.o) (scalbnf)
d:/ac6/systemworkbench/plugins/fr.ac6.mcu.externaltools.arm-none.win32_1.17.0.201812190825/tools/compiler/bin/../lib/gcc/arm-none-eabi/7.3.1/../../../../arm-none-eabi/lib/thumb/v7-m\libm.a(lib_a-sf_copysign.o)
                              d:/ac6/systemworkbench/plugins/fr.ac6.mcu.externaltools.arm-none.win32_1.17.0.201812190825/tools/compiler/bin/../lib/gcc/arm-none-eabi/7.3.1/../../../../arm-none-eabi/lib/thumb/v7-m\libm.a(lib_a-sf_scalbn.o) (copysignf)
d:/ac6/systemworkbench/plugins/fr.ac6.mcu.externaltools.arm-none.win32_1.17.0.201812190825/tools/compiler/bin/../lib/gcc/arm-none-eabi/7.3.1/thumb/v7-m\libgcc.a(_arm_addsubdf3.o)
                              Main/vgaCore.o (__aeabi_dsub)
d:/ac6/systemworkbench/plugins/fr.ac6.mcu.externaltools.arm-none.win32_1.17.0.201812190825/tools/compiler/bin/../lib/gcc/arm-none-eabi/7.3.1/thumb/v7-m\libgcc.a(_arm_muldivdf3.o)
                              Main/vgaCore.o (__aeabi_dmul)
d:/ac6/systemworkbench/plugins/fr.ac6.mcu.externaltools.arm-none.win32_1.17.0.201812190825/tools/compiler/bin/../lib/gcc/arm-none-eabi/7.3.1/thumb/v7-m\libgcc.a(_arm_fixdfsi.o)
                              Main/vgaCore.o (__aeabi_d2iz)
[...]
Memory Configuration

Name             Origin             Length             Attributes
RAM              0x20000000         0x00005000         xrw
FLASH            0x08000000         0x00010000         xr
*default*        0x00000000         0xffffffff

Linker script and memory map

LOAD d:/ac6/systemworkbench/plugins/fr.ac6.mcu.externaltools.arm-none.win32_1.17.0.201812190825/tools/compiler/bin/../lib/gcc/arm-none-eabi/7.3.1/thumb/v7-m/crti.o
LOAD d:/ac6/systemworkbench/plugins/fr.ac6.mcu.externaltools.arm-none.win32_1.17.0.201812190825/tools/compiler/bin/../lib/gcc/arm-none-eabi/7.3.1/thumb/v7-m/crtbegin.o
LOAD d:/ac6/systemworkbench/plugins/fr.ac6.mcu.externaltools.arm-none.win32_1.17.0.201812190825/tools/compiler/bin/../lib/gcc/arm-none-eabi/7.3.1/../../../../arm-none-eabi/lib/thumb/v7-m/crt0.o
LOAD Drivers/STM32F1xx_HAL_Driver/Src/stm32f1xx_hal.o
LOAD Drivers/STM32F1xx_HAL_Driver/Src/stm32f1xx_hal_cortex.o
LOAD Drivers/STM32F1xx_HAL_Driver/Src/stm32f1xx_hal_dma.o
LOAD Drivers/STM32F1xx_HAL_Driver/Src/stm32f1xx_hal_flash.o
LOAD Drivers/STM32F1xx_HAL_Driver/Src/stm32f1xx_hal_flash_ex.o
LOAD Drivers/STM32F1xx_HAL_Driver/Src/stm32f1xx_hal_gpio.o
LOAD Drivers/STM32F1xx_HAL_Driver/Src/stm32f1xx_hal_gpio_ex.o
LOAD Drivers/STM32F1xx_HAL_Driver/Src/stm32f1xx_hal_pcd.o
LOAD Drivers/STM32F1xx_HAL_Driver/Src/stm32f1xx_hal_pcd_ex.o
LOAD Drivers/STM32F1xx_HAL_Driver/Src/stm32f1xx_hal_pwr.o
LOAD Drivers/STM32F1xx_HAL_Driver/Src/stm32f1xx_hal_rcc.o
LOAD Drivers/STM32F1xx_HAL_Driver/Src/stm32f1xx_hal_rcc_ex.o
LOAD Drivers/STM32F1xx_HAL_Driver/Src/stm32f1xx_hal_rtc.o
LOAD Drivers/STM32F1xx_HAL_Driver/Src/stm32f1xx_hal_rtc_ex.o
LOAD Drivers/STM32F1xx_HAL_Driver/Src/stm32f1xx_hal_tim.o
LOAD Drivers/STM32F1xx_HAL_Driver/Src/stm32f1xx_hal_tim_ex.o
LOAD Drivers/STM32F1xx_HAL_Driver/Src/stm32f1xx_ll_usb.o
LOAD Main/demo/demo.o
LOAD Main/font8x8.o
LOAD Main/main.o
LOAD Main/timing.o
LOAD Main/vga.o
LOAD Main/vgaCore.o
LOAD Main/vgaText.o
LOAD Main/game/Platform.o
LOAD Main/game/gameFont4x4.o
LOAD Main/game/stack.o
LOAD Main/game/xonix.o
LOAD Middlewares/ST/STM32_USB_Device_Library/Class/CDC/Src/usbd_cdc.o
LOAD Middlewares/ST/STM32_USB_Device_Library/Core/Src/usbd_core.o
LOAD Middlewares/ST/STM32_USB_Device_Library/Core/Src/usbd_ctlreq.o
LOAD Middlewares/ST/STM32_USB_Device_Library/Core/Src/usbd_ioreq.o
LOAD Src/main.o
LOAD Src/stm32f1xx_hal_msp.o
LOAD Src/stm32f1xx_it.o
LOAD Src/syscalls.o
LOAD Src/system_stm32f1xx.o
LOAD Src/usb_device.o
LOAD Src/usbd_cdc_if.o
LOAD Src/usbd_conf.o
LOAD Src/usbd_desc.o
LOAD startup/startup_stm32f103xb.o
LOAD d:/ac6/systemworkbench/plugins/fr.ac6.mcu.externaltools.arm-none.win32_1.17.0.201812190825/tools/compiler/bin/../lib/gcc/arm-none-eabi/7.3.1/../../../../arm-none-eabi/lib/thumb/v7-m\libstdc++_nano.a
LOAD d:/ac6/systemworkbench/plugins/fr.ac6.mcu.externaltools.arm-none.win32_1.17.0.201812190825/tools/compiler/bin/../lib/gcc/arm-none-eabi/7.3.1/../../../../arm-none-eabi/lib/thumb/v7-m\libm.a
START GROUP
LOAD d:/ac6/systemworkbench/plugins/fr.ac6.mcu.externaltools.arm-none.win32_1.17.0.201812190825/tools/compiler/bin/../lib/gcc/arm-none-eabi/7.3.1/thumb/v7-m\libgcc.a
LOAD d:/ac6/systemworkbench/plugins/fr.ac6.mcu.externaltools.arm-none.win32_1.17.0.201812190825/tools/compiler/bin/../lib/gcc/arm-none-eabi/7.3.1/../../../../arm-none-eabi/lib/thumb/v7-m\libc_nano.a
END GROUP
START GROUP
LOAD d:/ac6/systemworkbench/plugins/fr.ac6.mcu.externaltools.arm-none.win32_1.17.0.201812190825/tools/compiler/bin/../lib/gcc/arm-none-eabi/7.3.1/thumb/v7-m\libgcc.a
LOAD d:/ac6/systemworkbench/plugins/fr.ac6.mcu.externaltools.arm-none.win32_1.17.0.201812190825/tools/compiler/bin/../lib/gcc/arm-none-eabi/7.3.1/../../../../arm-none-eabi/lib/thumb/v7-m\libc_nano.a
LOAD d:/ac6/systemworkbench/plugins/fr.ac6.mcu.externaltools.arm-none.win32_1.17.0.201812190825/tools/compiler/bin/../lib/gcc/arm-none-eabi/7.3.1/../../../../arm-none-eabi/lib/thumb/v7-m\libnosys.a
END GROUP
START GROUP
LOAD d:/ac6/systemworkbench/plugins/fr.ac6.mcu.externaltools.arm-none.win32_1.17.0.201812190825/tools/compiler/bin/../lib/gcc/arm-none-eabi/7.3.1/thumb/v7-m\libgcc.a
LOAD d:/ac6/systemworkbench/plugins/fr.ac6.mcu.externaltools.arm-none.win32_1.17.0.201812190825/tools/compiler/bin/../lib/gcc/arm-none-eabi/7.3.1/../../../../arm-none-eabi/lib/thumb/v7-m\libc_nano.a
LOAD d:/ac6/systemworkbench/plugins/fr.ac6.mcu.externaltools.arm-none.win32_1.17.0.201812190825/tools/compiler/bin/../lib/gcc/arm-none-eabi/7.3.1/../../../../arm-none-eabi/lib/thumb/v7-m\libnosys.a
END GROUP
LOAD d:/ac6/systemworkbench/plugins/fr.ac6.mcu.externaltools.arm-none.win32_1.17.0.201812190825/tools/compiler/bin/../lib/gcc/arm-none-eabi/7.3.1/thumb/v7-m/crtend.o
LOAD d:/ac6/systemworkbench/plugins/fr.ac6.mcu.externaltools.arm-none.win32_1.17.0.201812190825/tools/compiler/bin/../lib/gcc/arm-none-eabi/7.3.1/thumb/v7-m/crtn.o
                0x20005000                _estack = 0x20005000
                0x00000200                _Min_Heap_Size = 0x200
                0x00000400                _Min_Stack_Size = 0x400

.isr_vector     0x08000000      0x10c
                0x08000000                . = ALIGN (0x4)
 *(.isr_vector)
 .isr_vector    0x08000000      0x10c startup/startup_stm32f103xb.o
                0x08000000                g_pfnVectors
                0x0800010c                . = ALIGN (0x4)

.text           0x08000110     0x96c4
                0x08000110                . = ALIGN (0x4)
 *(.text)
 .text          0x08000110       0x40 d:/ac6/systemworkbench/plugins/fr.ac6.mcu.externaltools.arm-none.win32_1.17.0.201812190825/tools/compiler/bin/../lib/gcc/arm-none-eabi/7.3.1/thumb/v7-m/crtbegin.o
 .text          0x08000150      0x378 d:/ac6/systemworkbench/plugins/fr.ac6.mcu.externaltools.arm-none.win32_1.17.0.201812190825/tools/compiler/bin/../lib/gcc/arm-none-eabi/7.3.1/thumb/v7-m\libgcc.a(_arm_addsubdf3.o)
                0x08000150                __aeabi_drsub
                0x08000158                __aeabi_dsub
                0x08000158                __subdf3
                0x0800015c                __aeabi_dadd
                0x0800015c                __adddf3
                0x080003d4                __floatunsidf
                0x080003d4                __aeabi_ui2d
                0x080003f4                __floatsidf
                0x080003f4                __aeabi_i2d
                0x08000418                __aeabi_f2d
                0x08000418                __extendsfdf2
                0x0800045c                __floatundidf
                0x0800045c                __aeabi_ul2d
                0x0800046c                __floatdidf
                0x0800046c                __aeabi_l2d
 .text          0x080004c8      0x424 d:/ac6/systemworkbench/plugins/fr.ac6.mcu.externaltools.arm-none.win32_1.17.0.201812190825/tools/compiler/bin/../lib/gcc/arm-none-eabi/7.3.1/thumb/v7-m\libgcc.a(_arm_muldivdf3.o)
                0x080004c8                __aeabi_dmul
                0x080004c8                __muldf3
                0x0800071c                __divdf3
                0x0800071c                __aeabi_ddiv
 .text          0x080008ec       0x50 d:/ac6/systemworkbench/plugins/fr.ac6.mcu.externaltools.arm-none.win32_1.17.0.201812190825/tools/compiler/bin/../lib/gcc/arm-none-eabi/7.3.1/thumb/v7-m\libgcc.a(_arm_fixdfsi.o)
                0x080008ec                __aeabi_d2iz
                0x080008ec                __fixdfsi
 .text          0x0800093c       0x40 d:/ac6/systemworkbench/plugins/fr.ac6.mcu.externaltools.arm-none.win32_1.17.0.201812190825/tools/compiler/bin/../lib/gcc/arm-none-eabi/7.3.1/thumb/v7-m\libgcc.a(_arm_fixunsdfsi.o)
                0x0800093c                __aeabi_d2uiz
                0x0800093c                __fixunsdfsi
 .text          0x0800097c      0x21c d:/ac6/systemworkbench/plugins/fr.ac6.mcu.externaltools.arm-none.win32_1.17.0.201812190825/tools/compiler/bin/../lib/gcc/arm-none-eabi/7.3.1/thumb/v7-m\libgcc.a(_arm_addsubsf3.o)
                0x0800097c                __aeabi_frsub
                0x08000984                __subsf3
                0x08000984                __aeabi_fsub
                0x08000988                __aeabi_fadd
                0x08000988                __addsf3
                0x08000ae8                __aeabi_ui2f
                0x08000ae8                __floatunsisf
                0x08000af0                __aeabi_i2f
                0x08000af0                __floatsisf
                0x08000b0c                __aeabi_ul2f
                0x08000b0c                __floatundisf
                0x08000b1c                __aeabi_l2f
                0x08000b1c                __floatdisf
 .text          0x08000b98      0x2a0 d:/ac6/systemworkbench/plugins/fr.ac6.mcu.externaltools.arm-none.win32_1.17.0.201812190825/tools/compiler/bin/../lib/gcc/arm-none-eabi/7.3.1/thumb/v7-m\libgcc.a(_arm_muldivsf3.o)
                0x08000b98                __mulsf3
                0x08000b98                __aeabi_fmul
                0x08000d00                __aeabi_fdiv
                0x08000d00                __divsf3
 .text          0x08000e38       0xec d:/ac6/systemworkbench/plugins/fr.ac6.mcu.externaltools.arm-none.win32_1.17.0.201812190825/tools/compiler/bin/../lib/gcc/arm-none-eabi/7.3.1/thumb/v7-m\libgcc.a(_arm_cmpsf2.o)
                0x08000e38                __gesf2
                0x08000e38                __gtsf2
                0x08000e40                __lesf2
                0x08000e40                __ltsf2
                0x08000e48                __nesf2
                0x08000e48                __eqsf2
                0x08000e48                __cmpsf2
                0x08000ea8                __aeabi_cfrcmple
                0x08000eb0                __aeabi_cfcmpeq
                0x08000eb0                __aeabi_cfcmple
                0x08000ec0                __aeabi_fcmpeq
                0x08000ed4                __aeabi_fcmplt
                0x08000ee8                __aeabi_fcmple
                0x08000efc                __aeabi_fcmpge
                0x08000f10                __aeabi_fcmpgt
 .text          0x08000f24       0x4c d:/ac6/systemworkbench/plugins/fr.ac6.mcu.externaltools.arm-none.win32_1.17.0.201812190825/tools/compiler/bin/../lib/gcc/arm-none-eabi/7.3.1/thumb/v7-m\libgcc.a(_arm_fixsfsi.o)
                0x08000f24                __aeabi_f2iz
                0x08000f24                __fixsfsi
 .text          0x08000f70       0x40 d:/ac6/systemworkbench/plugins/fr.ac6.mcu.externaltools.arm-none.win32_1.17.0.201812190825/tools/compiler/bin/../lib/gcc/arm-none-eabi/7.3.1/thumb/v7-m\libgcc.a(_arm_fixunssfsi.o)
                0x08000f70                __fixunssfsi
                0x08000f70                __aeabi_f2uiz
 *(.text*)
 .text.HAL_InitTick
                0x08000fb0       0x48 Drivers/STM32F1xx_HAL_Driver/Src/stm32f1xx_hal.o
                0x08000fb0                HAL_InitTick
 .text.HAL_Init
                0x08000ff8       0x24 Drivers/STM32F1xx_HAL_Driver/Src/stm32f1xx_hal.o
                0x08000ff8                HAL_Init
 .text.HAL_IncTick
                0x0800101c       0x18 Drivers/STM32F1xx_HAL_Driver/Src/stm32f1xx_hal.o
                0x0800101c                HAL_IncTick
 .text.HAL_GetTick
                0x08001034        0xc Drivers/STM32F1xx_HAL_Driver/Src/stm32f1xx_hal.o
                0x08001034                HAL_GetTick
 .text.HAL_NVIC_SetPriorityGrouping
                0x08001040       0x24 Drivers/STM32F1xx_HAL_Driver/Src/stm32f1xx_hal_cortex.o
                0x08001040                HAL_NVIC_SetPriorityGrouping
 .text.HAL_NVIC_SetPriority
                0x08001064       0x68 Drivers/STM32F1xx_HAL_Driver/Src/stm32f1xx_hal_cortex.o
                0x08001064                HAL_NVIC_SetPriority
 .text.HAL_NVIC_EnableIRQ
                0x080010cc       0x18 Drivers/STM32F1xx_HAL_Driver/Src/stm32f1xx_hal_cortex.o
                0x080010cc                HAL_NVIC_EnableIRQ
 .text.HAL_SYSTICK_Config
                0x080010e4       0x2c Drivers/STM32F1xx_HAL_Driver/Src/stm32f1xx_hal_cortex.o
                0x080010e4                HAL_SYSTICK_Config
 .text.HAL_GPIO_Init
                0x08001110      0x1d4 Drivers/STM32F1xx_HAL_Driver/Src/stm32f1xx_hal_gpio.o
                0x08001110                HAL_GPIO_Init
 .text.HAL_PCD_Init
                0x080012e4       0xd6 Drivers/STM32F1xx_HAL_Driver/Src/stm32f1xx_hal_pcd.o
                0x080012e4                HAL_PCD_Init
 .text.HAL_PCD_Start
                0x080013ba       0x2e Drivers/STM32F1xx_HAL_Driver/Src/stm32f1xx_hal_pcd.o
                0x080013ba                HAL_PCD_Start
 .text.HAL_PCD_SetAddress
                0x080013e8       0x28 Drivers/STM32F1xx_HAL_Driver/Src/stm32f1xx_hal_pcd.o
                0x080013e8                HAL_PCD_SetAddress
 .text.HAL_PCD_EP_Open
                0x08001410       0x52 Drivers/STM32F1xx_HAL_Driver/Src/stm32f1xx_hal_pcd.o
                0x08001410                HAL_PCD_EP_Open
 .text.HAL_PCD_EP_Close
                0x08001462       0x4e Drivers/STM32F1xx_HAL_Driver/Src/stm32f1xx_hal_pcd.o
                0x08001462                HAL_PCD_EP_Close
 .text.HAL_PCD_EP_Receive
                0x080014b0       0x3e Drivers/STM32F1xx_HAL_Driver/Src/stm32f1xx_hal_pcd.o
                0x080014b0                HAL_PCD_EP_Receive
 .text.HAL_PCD_EP_GetRxCount
                0x080014ee        0xe Drivers/STM32F1xx_HAL_Driver/Src/stm32f1xx_hal_pcd.o
                0x080014ee                HAL_PCD_EP_GetRxCount
 .text.HAL_PCD_EP_Transmit
                0x080014fc       0x3c Drivers/STM32F1xx_HAL_Driver/Src/stm32f1xx_hal_pcd.o
                0x080014fc                HAL_PCD_EP_Transmit
 .text.PCD_EP_ISR_Handler
                0x08001538      0x444 Drivers/STM32F1xx_HAL_Driver/Src/stm32f1xx_hal_pcd.o
 .text.HAL_PCD_IRQHandler
                0x0800197c      0x160 Drivers/STM32F1xx_HAL_Driver/Src/stm32f1xx_hal_pcd.o
                0x0800197c                HAL_PCD_IRQHandler
 .text.HAL_PCD_EP_SetStall
                0x08001adc       0x5c Drivers/STM32F1xx_HAL_Driver/Src/stm32f1xx_hal_pcd.o
                0x08001adc                HAL_PCD_EP_SetStall
 .text.HAL_PCD_EP_ClrStall
                0x08001b38       0x4e Drivers/STM32F1xx_HAL_Driver/Src/stm32f1xx_hal_pcd.o
                0x08001b38                HAL_PCD_EP_ClrStall
 .text.HAL_PCDEx_PMAConfig
                0x08001b86       0x30 Drivers/STM32F1xx_HAL_Driver/Src/stm32f1xx_hal_pcd_ex.o
                0x08001b86                HAL_PCDEx_PMAConfig
 *fill*         0x08001bb6        0x2 
 .text.HAL_PWR_EnableBkUpAccess
                0x08001bb8        0xc Drivers/STM32F1xx_HAL_Driver/Src/stm32f1xx_hal_pwr.o
                0x08001bb8                HAL_PWR_EnableBkUpAccess
 .text.RCC_Delay
                0x08001bc4       0x2c Drivers/STM32F1xx_HAL_Driver/Src/stm32f1xx_hal_rcc.o
 .text.HAL_RCC_OscConfig
                0x08001bf0      0x3dc Drivers/STM32F1xx_HAL_Driver/Src/stm32f1xx_hal_rcc.o
                0x08001bf0                HAL_RCC_OscConfig
 .text.HAL_RCC_GetSysClockFreq
                0x08001fcc       0x70 Drivers/STM32F1xx_HAL_Driver/Src/stm32f1xx_hal_rcc.o
                0x08001fcc                HAL_RCC_GetSysClockFreq
 .text.HAL_RCC_ClockConfig
                0x0800203c      0x19c Drivers/STM32F1xx_HAL_Driver/Src/stm32f1xx_hal_rcc.o
                0x0800203c                HAL_RCC_ClockConfig
 .text.HAL_RCC_GetHCLKFreq
                0x080021d8        0xc Drivers/STM32F1xx_HAL_Driver/Src/stm32f1xx_hal_rcc.o
                0x080021d8                HAL_RCC_GetHCLKFreq
 .text.HAL_RCC_GetPCLK2Freq
                0x080021e4       0x20 Drivers/STM32F1xx_HAL_Driver/Src/stm32f1xx_hal_rcc.o
                0x080021e4                HAL_RCC_GetPCLK2Freq
 .text.HAL_RCCEx_PeriphCLKConfig
                0x08002204      0x114 Drivers/STM32F1xx_HAL_Driver/Src/stm32f1xx_hal_rcc_ex.o
                0x08002204                HAL_RCCEx_PeriphCLKConfig
 .text.HAL_RCCEx_GetPeriphCLKFreq
                0x08002318       0xfc Drivers/STM32F1xx_HAL_Driver/Src/stm32f1xx_hal_rcc_ex.o
                0x08002318                HAL_RCCEx_GetPeriphCLKFreq
 .text.RTC_EnterInitMode
                0x08002414       0x30 Drivers/STM32F1xx_HAL_Driver/Src/stm32f1xx_hal_rtc.o
 .text.RTC_ExitInitMode
                0x08002444       0x32 Drivers/STM32F1xx_HAL_Driver/Src/stm32f1xx_hal_rtc.o
 .text.HAL_RTC_WaitForSynchro
                0x08002476       0x38 Drivers/STM32F1xx_HAL_Driver/Src/stm32f1xx_hal_rtc.o
                0x08002476                HAL_RTC_WaitForSynchro
 *fill*         0x080024ae        0x2 
 .text.HAL_RTC_Init
                0x080024b0       0xc4 Drivers/STM32F1xx_HAL_Driver/Src/stm32f1xx_hal_rtc.o
                0x080024b0                HAL_RTC_Init
 .text.TIM_OC1_SetConfig
                0x08002574       0x5c Drivers/STM32F1xx_HAL_Driver/Src/stm32f1xx_hal_tim.o
 .text.TIM_OC3_SetConfig
                0x080025d0       0x64 Drivers/STM32F1xx_HAL_Driver/Src/stm32f1xx_hal_tim.o
 .text.TIM_OC4_SetConfig
                0x08002634       0x48 Drivers/STM32F1xx_HAL_Driver/Src/stm32f1xx_hal_tim.o
 .text.TIM_TI1_ConfigInputStage
                0x0800267c       0x24 Drivers/STM32F1xx_HAL_Driver/Src/stm32f1xx_hal_tim.o
 .text.TIM_TI2_ConfigInputStage
                0x080026a0       0x26 Drivers/STM32F1xx_HAL_Driver/Src/stm32f1xx_hal_tim.o
 .text.TIM_ETR_SetConfig
                0x080026c6       0x16 Drivers/STM32F1xx_HAL_Driver/Src/stm32f1xx_hal_tim.o
 .text.TIM_SlaveTimer_SetConfig
                0x080026dc       0x74 Drivers/STM32F1xx_HAL_Driver/Src/stm32f1xx_hal_tim.o
 .text.HAL_TIM_SlaveConfigSynchronization
                0x08002750       0x40 Drivers/STM32F1xx_HAL_Driver/Src/stm32f1xx_hal_tim.o
                0x08002750                HAL_TIM_SlaveConfigSynchronization
 .text.HAL_TIM_PeriodElapsedCallback
                0x08002790        0x2 Drivers/STM32F1xx_HAL_Driver/Src/stm32f1xx_hal_tim.o
                0x08002790                HAL_TIM_PeriodElapsedCallback
 .text.HAL_TIM_OC_DelayElapsedCallback
                0x08002792        0x2 Drivers/STM32F1xx_HAL_Driver/Src/stm32f1xx_hal_tim.o
                0x08002792                HAL_TIM_OC_DelayElapsedCallback
 .text.HAL_TIM_IC_CaptureCallback
                0x08002794        0x2 Drivers/STM32F1xx_HAL_Driver/Src/stm32f1xx_hal_tim.o
                0x08002794                HAL_TIM_IC_CaptureCallback
 .text.HAL_TIM_PWM_PulseFinishedCallback
                0x08002796        0x2 Drivers/STM32F1xx_HAL_Driver/Src/stm32f1xx_hal_tim.o
                0x08002796                HAL_TIM_PWM_PulseFinishedCallback
 .text.HAL_TIM_TriggerCallback
                0x08002798        0x2 Drivers/STM32F1xx_HAL_Driver/Src/stm32f1xx_hal_tim.o
                0x08002798                HAL_TIM_TriggerCallback
 .text.HAL_TIM_IRQHandler
                0x0800279a      0x17a Drivers/STM32F1xx_HAL_Driver/Src/stm32f1xx_hal_tim.o
                0x0800279a                HAL_TIM_IRQHandler
 .text.TIM_Base_SetConfig
                0x08002914       0x74 Drivers/STM32F1xx_HAL_Driver/Src/stm32f1xx_hal_tim.o
                0x08002914                TIM_Base_SetConfig
 .text.HAL_TIM_Base_Init
                0x08002988       0x32 Drivers/STM32F1xx_HAL_Driver/Src/stm32f1xx_hal_tim.o
                0x08002988                HAL_TIM_Base_Init
 *fill*         0x080029ba        0x2 
 .text.TIM_OC2_SetConfig
                0x080029bc       0x64 Drivers/STM32F1xx_HAL_Driver/Src/stm32f1xx_hal_tim.o
                0x080029bc                TIM_OC2_SetConfig
 .text.HAL_TIM_OC_ConfigChannel
                0x08002a20       0x5e Drivers/STM32F1xx_HAL_Driver/Src/stm32f1xx_hal_tim.o
                0x08002a20                HAL_TIM_OC_ConfigChannel
 .text.HAL_TIM_PWM_ConfigChannel
                0x08002a7e       0xdc Drivers/STM32F1xx_HAL_Driver/Src/stm32f1xx_hal_tim.o
                0x08002a7e                HAL_TIM_PWM_ConfigChannel
 .text.TIM_CCxChannelCmd
                0x08002b5a       0x1c Drivers/STM32F1xx_HAL_Driver/Src/stm32f1xx_hal_tim.o
                0x08002b5a                TIM_CCxChannelCmd
 .text.HAL_TIMEx_MasterConfigSynchronization
                0x08002b76       0x52 Drivers/STM32F1xx_HAL_Driver/Src/stm32f1xx_hal_tim_ex.o
                0x08002b76                HAL_TIMEx_MasterConfigSynchronization
 .text.HAL_TIMEx_CommutationCallback
                0x08002bc8        0x2 Drivers/STM32F1xx_HAL_Driver/Src/stm32f1xx_hal_tim_ex.o
                0x08002bc8                HAL_TIMEx_CommutationCallback
 .text.HAL_TIMEx_BreakCallback
                0x08002bca        0x2 Drivers/STM32F1xx_HAL_Driver/Src/stm32f1xx_hal_tim_ex.o
                0x08002bca                HAL_TIMEx_BreakCallback
 .text.USB_CoreInit
                0x08002bcc        0xe Drivers/STM32F1xx_HAL_Driver/Src/stm32f1xx_ll_usb.o
                0x08002bcc                USB_CoreInit
 .text.USB_EnableGlobalInt
                0x08002bda       0x10 Drivers/STM32F1xx_HAL_Driver/Src/stm32f1xx_ll_usb.o
                0x08002bda                USB_EnableGlobalInt
 .text.USB_DisableGlobalInt
                0x08002bea       0x14 Drivers/STM32F1xx_HAL_Driver/Src/stm32f1xx_ll_usb.o
                0x08002bea                USB_DisableGlobalInt
 .text.USB_SetCurrentMode
                0x08002bfe        0x4 Drivers/STM32F1xx_HAL_Driver/Src/stm32f1xx_ll_usb.o
                0x08002bfe                USB_SetCurrentMode
 .text.USB_DevInit
                0x08002c02       0x2c Drivers/STM32F1xx_HAL_Driver/Src/stm32f1xx_ll_usb.o
                0x08002c02                USB_DevInit
 .text.USB_ActivateEndpoint
                0x08002c2e      0x328 Drivers/STM32F1xx_HAL_Driver/Src/stm32f1xx_ll_usb.o
                0x08002c2e                USB_ActivateEndpoint
 .text.USB_DeactivateEndpoint
                0x08002f56      0x1c4 Drivers/STM32F1xx_HAL_Driver/Src/stm32f1xx_ll_usb.o
                0x08002f56                USB_DeactivateEndpoint
 .text.USB_EPSetStall
                0x0800311a       0x6e Drivers/STM32F1xx_HAL_Driver/Src/stm32f1xx_ll_usb.o
                0x0800311a                USB_EPSetStall
 .text.USB_EPClearStall
                0x08003188       0x92 Drivers/STM32F1xx_HAL_Driver/Src/stm32f1xx_ll_usb.o
                0x08003188                USB_EPClearStall
 .text.USB_SetDevAddress
                0x0800321a        0xc Drivers/STM32F1xx_HAL_Driver/Src/stm32f1xx_ll_usb.o
                0x0800321a                USB_SetDevAddress
 .text.USB_DevConnect
                0x08003226        0x4 Drivers/STM32F1xx_HAL_Driver/Src/stm32f1xx_ll_usb.o
                0x08003226                USB_DevConnect
 .text.USB_DevDisconnect
                0x0800322a        0x4 Drivers/STM32F1xx_HAL_Driver/Src/stm32f1xx_ll_usb.o
                0x0800322a                USB_DevDisconnect
 .text.USB_ReadInterrupts
                0x0800322e        0x6 Drivers/STM32F1xx_HAL_Driver/Src/stm32f1xx_ll_usb.o
                0x0800322e                USB_ReadInterrupts
 .text.USB_EP0_OutStart
                0x08003234        0x4 Drivers/STM32F1xx_HAL_Driver/Src/stm32f1xx_ll_usb.o
                0x08003234                USB_EP0_OutStart
 .text.USB_WritePMA
                0x08003238       0x2a Drivers/STM32F1xx_HAL_Driver/Src/stm32f1xx_ll_usb.o
                0x08003238                USB_WritePMA
 .text.USB_EPStartXfer
                0x08003262      0x2ba Drivers/STM32F1xx_HAL_Driver/Src/stm32f1xx_ll_usb.o
                0x08003262                USB_EPStartXfer
 .text.USB_ReadPMA
                0x0800351c       0x1e Drivers/STM32F1xx_HAL_Driver/Src/stm32f1xx_ll_usb.o
                0x0800351c                USB_ReadPMA
 *fill*         0x0800353a        0x2 
 .text._Z41__static_initialization_and_destruction_0ii
                0x0800353c       0x60 Main/demo/demo.o
 .text._ZN7VgaDemo9DemoSetupEv
                0x0800359c       0x28 Main/demo/demo.o
                0x0800359c                VgaDemo::DemoSetup()
 .text._ZN7VgaDemo7zrotateEf
                0x080035c4       0x94 Main/demo/demo.o
                0x080035c4                VgaDemo::zrotate(float)
 .text._ZN7VgaDemo7yrotateEf
                0x08003658       0x98 Main/demo/demo.o
                0x08003658                VgaDemo::yrotate(float)
 .text._ZN7VgaDemo7xrotateEf
                0x080036f0       0x9c Main/demo/demo.o
                0x080036f0                VgaDemo::xrotate(float)
 .text._ZN7VgaDemo9draw_cubeEh
                0x0800378c      0x118 Main/demo/demo.o
                0x0800378c                VgaDemo::draw_cube(unsigned char)
 .text._ZN7VgaDemo9printcubeEv
                0x080038a4       0x88 Main/demo/demo.o
                0x080038a4                VgaDemo::printcube()
 .text._ZN7VgaDemo8DemoLoopEv
                0x0800392c       0xcc Main/demo/demo.o
                0x0800392c                VgaDemo::DemoLoop()
 .text._GLOBAL__sub_I_cube3d
                0x080039f8        0xe Main/demo/demo.o
 .text.initialize
                0x08003a06        0x2 Main/main.o
                0x08003a06                initialize
 .text.setup    0x08003a08       0x6c Main/main.o
                0x08003a08                setup
 .text._Z14ClearUsbBufferv
                0x08003a74       0x18 Main/main.o
                0x08003a74                ClearUsbBuffer()
 .text._Z22showSinclairScreenshotPKc
                0x08003a8c       0x38 Main/main.o
                0x08003a8c                showSinclairScreenshot(char const*)
 .text.loop     0x08003ac4      0x1f0 Main/main.o
                0x08003ac4                loop
 .text._ZN3Vga6bitmapEttPKhthh
                0x08003cb4      0x158 Main/vga.o
                0x08003cb4                Vga::bitmap(unsigned short, unsigned short, unsigned char const*, unsigned short, unsigned char, unsigned char)
 .text._ZN3Vga9draw_charEPKhtth
                0x08003e0c       0x2a Main/vga.o
                0x08003e0c                Vga::draw_char(unsigned char const*, unsigned short, unsigned short, unsigned char)
 .text._ZN3Vga9draw_textEPKhttPKc
                0x08003e36       0x3e Main/vga.o
                0x08003e36                Vga::draw_text(unsigned char const*, unsigned short, unsigned short, char const*)
 .text._ZN3Vga4hresEv
                0x08003e74        0x6 Main/vga.o
                0x08003e74                Vga::hres()
 .text._ZN3Vga4vresEv
                0x08003e7a        0x4 Main/vga.o
                0x08003e7a                Vga::vres()
 .text._ZN3Vga9set_pixelEhhc
                0x08003e7e       0x62 Main/vga.o
                0x08003e7e                Vga::set_pixel(unsigned char, unsigned char, char)
 .text._ZN3Vga8draw_rowEhtth
                0x08003ee0       0xda Main/vga.o
                0x08003ee0                Vga::draw_row(unsigned char, unsigned short, unsigned short, unsigned char)
 .text._ZN3Vga11draw_columnEhtth
                0x08003fba       0x9c Main/vga.o
                0x08003fba                Vga::draw_column(unsigned char, unsigned short, unsigned short, unsigned char)
 .text._ZN3Vga9draw_lineEhhhhh
                0x08004056      0x114 Main/vga.o
                0x08004056                Vga::draw_line(unsigned char, unsigned char, unsigned char, unsigned char, unsigned char)
 *fill*         0x0800416a        0x2 
 .text._ZN3Vga16GetBitmapAddressEh
                0x0800416c       0x34 Main/vgaCore.o
                0x0800416c                Vga::GetBitmapAddress(unsigned char)
 .text._ZN3Vga16GetBitmapAddressEhh
                0x080041a0        0xe Main/vgaCore.o
                0x080041a0                Vga::GetBitmapAddress(unsigned char, unsigned char)
 .text._ZN3Vga20ConvertSinclairColorEh
                0x080041ae       0x48 Main/vgaCore.o
                0x080041ae                Vga::ConvertSinclairColor(unsigned char)
 *fill*         0x080041f6        0x2 
 .text._ZN3Vga12clear_screenEt
                0x080041f8       0x38 Main/vgaCore.o
                0x080041f8                Vga::clear_screen(unsigned short)
 .text._ZN3Vga6millisEv
                0x08004230       0x7c Main/vgaCore.o
                0x08004230                Vga::millis()
 .text._ZN3Vga5delayEm
                0x080042ac       0x1a Main/vgaCore.o
                0x080042ac                Vga::delay(unsigned long)
 *fill*         0x080042c6        0x2 
 .text.TIM2_IRQHandler
                0x080042c8       0x3c Main/vgaCore.o
                0x080042c8                TIM2_IRQHandler
 .text.TIM4_IRQHandler
                0x08004304       0x40 Main/vgaCore.o
                0x08004304                TIM4_IRQHandler
 .text._ZN3Vga9InitVSyncENS_6Timing8PolarityEiii
                0x08004344      0x104 Main/vgaCore.o
                0x08004344                Vga::InitVSync(Vga::Timing::Polarity, int, int, int)
 .text._ZN3Vga9InitHSyncENS_6Timing8PolarityEiii
                0x08004448      0x1c4 Main/vgaCore.o
                0x08004448                Vga::InitHSync(Vga::Timing::Polarity, int, int, int)
 *fill*         0x0800460c        0x4 
 .text._ZN3Vga7InitVgaENS_6TimingE
                0x08004610      0x144 Main/vgaCore.o
                0x08004610                Vga::InitVga(Vga::Timing)
 .text._Z6DoDrawv
                0x08004754     0x106c Main/vgaCore.o
                0x08004754                DoDraw()
 .text.TIM3_IRQHandler
                0x080057c0       0x80 Main/vgaCore.o
                0x080057c0                TIM3_IRQHandler
 .text._ZN3Vga11select_fontEPKh
                0x08005840        0xc Main/vgaText.o
                0x08005840                Vga::select_font(unsigned char const*)
 .text._ZN3Vga10print_charEhhht
                0x0800584c       0x2c Main/vgaText.o
                0x0800584c                Vga::print_char(unsigned char, unsigned char, unsigned char, unsigned short)
 .text._ZN3Vga11InvertColorEv
                0x08005878       0x28 Main/vgaText.o
                0x08005878                Vga::InvertColor()
 .text._ZN3Vga10showCursorEv
                0x080058a0       0x1c Main/vgaText.o
                0x080058a0                Vga::showCursor()
 .text._ZN3Vga10hideCursorEv
                0x080058bc       0x1c Main/vgaText.o
                0x080058bc                Vga::hideCursor()
 .text._ZN3Vga17setCursorPositionEhh
                0x080058d8       0x3c Main/vgaText.o
                0x080058d8                Vga::setCursorPosition(unsigned char, unsigned char)
 .text._ZN3Vga10cursorNextEv
                0x08005914       0x28 Main/vgaText.o
                0x08005914                Vga::cursorNext()
 .text._ZN3Vga5printEht
                0x0800593c       0x7c Main/vgaText.o
                0x0800593c                Vga::print(unsigned char, unsigned short)
 .text._ZN3Vga5printEPKct
                0x080059b8       0x16 Main/vgaText.o
                0x080059b8                Vga::print(char const*, unsigned short)
 .text._ZN3Vga7printAtEhhPKct
                0x080059ce       0x14 Main/vgaText.o
                0x080059ce                Vga::printAt(unsigned char, unsigned char, char const*, unsigned short)
 *fill*         0x080059e2        0x2 
 .text.DrawRunnerToGWorld
                0x080059e4       0x28 Main/game/Platform.o
                0x080059e4                DrawRunnerToGWorld
 .text.DrawWayToGWorld
                0x08005a0c       0x1c Main/game/Platform.o
                0x08005a0c                DrawWayToGWorld
 .text.DrawEaterToGWorld
                0x08005a28       0x1c Main/game/Platform.o
                0x08005a28                DrawEaterToGWorld
 .text.DrawEmptyToGWorld
                0x08005a44       0x1c Main/game/Platform.o
                0x08005a44                DrawEmptyToGWorld
 .text.DrawFlyerToGWorld
                0x08005a60       0x1c Main/game/Platform.o
                0x08005a60                DrawFlyerToGWorld
 .text.DrawFilledToGWorld
                0x08005a7c       0x1c Main/game/Platform.o
                0x08005a7c                DrawFilledToGWorld
 .text.DrawSmallFilledToGWorld
                0x08005a98       0x1c Main/game/Platform.o
                0x08005a98                DrawSmallFilledToGWorld
 .text.DrawComplete
                0x08005ab4       0x94 Main/game/Platform.o
                0x08005ab4                DrawComplete
 .text.DrawCompleteBorder
                0x08005b48       0x58 Main/game/Platform.o
                0x08005b48                DrawCompleteBorder
 .text.GameInit
                0x08005ba0       0x18 Main/game/Platform.o
                0x08005ba0                GameInit
 .text.ScoreLevel
                0x08005bb8       0x38 Main/game/Platform.o
                0x08005bb8                ScoreLevel
 .text.ScorePercentage
                0x08005bf0       0x38 Main/game/Platform.o
                0x08005bf0                ScorePercentage
 .text.ScoreRunner
                0x08005c28       0x38 Main/game/Platform.o
                0x08005c28                ScoreRunner
 .text.ScorePoints
                0x08005c60       0x38 Main/game/Platform.o
                0x08005c60                ScorePoints
 .text.DisplayHighScore
                0x08005c98        0x2 Main/game/Platform.o
                0x08005c98                DisplayHighScore
 .text.ExitXonix
                0x08005c9a        0x2 Main/game/Platform.o
                0x08005c9a                ExitXonix
 .text._Z12GetUsbBufferPch
                0x08005c9c       0x2c Main/game/Platform.o
                0x08005c9c                GetUsbBuffer(char*, unsigned char)
 .text.GameUpdate
                0x08005cc8       0x90 Main/game/Platform.o
                0x08005cc8                GameUpdate
 .text.InitMySegments
                0x08005d58        0xa Main/game/stack.o
                0x08005d58                InitMySegments
 .text.InitSegmentStack
                0x08005d62       0x26 Main/game/stack.o
                0x08005d62                InitSegmentStack
 .text.DeinitMySegments
                0x08005d88        0xa Main/game/stack.o
                0x08005d88                DeinitMySegments
 .text.DeinitSegmentStack
                0x08005d92       0x1a Main/game/stack.o
                0x08005d92                DeinitSegmentStack
 .text.ReallocMySegments
                0x08005dac        0xa Main/game/stack.o
                0x08005dac                ReallocMySegments
 .text.PushSeg  0x08005db6       0x72 Main/game/stack.o
                0x08005db6                PushSeg
 .text.PopSeg   0x08005e28       0x58 Main/game/stack.o
                0x08005e28                PopSeg
 .text.ResetGlobals
                0x08005e80       0x50 Main/game/xonix.o
                0x08005e80                ResetGlobals
 .text.TestFree
                0x08005ed0       0x48 Main/game/xonix.o
                0x08005ed0                TestFree
 .text.RandomPosition
                0x08005f18       0x58 Main/game/xonix.o
                0x08005f18                RandomPosition
 .text.NewEater
                0x08005f70       0xcc Main/game/xonix.o
                0x08005f70                NewEater
 .text.ResetStatus
                0x0800603c       0x60 Main/game/xonix.o
                0x0800603c                ResetStatus
 .text.SetPlayerToStatus
                0x0800609c       0x34 Main/game/xonix.o
                0x0800609c                SetPlayerToStatus
 .text.NewRunner
                0x080060d0       0x38 Main/game/xonix.o
                0x080060d0                NewRunner
 .text.UnsetPlayerToStatus
                0x08006108       0x38 Main/game/xonix.o
                0x08006108                UnsetPlayerToStatus
 .text.SetEaterToStatus
                0x08006140       0x18 Main/game/xonix.o
                0x08006140                SetEaterToStatus
 .text.UnsetEaterToStatus
                0x08006158       0x18 Main/game/xonix.o
                0x08006158                UnsetEaterToStatus
 .text.ClearWay
                0x08006170       0x40 Main/game/xonix.o
                0x08006170                ClearWay
 .text.FillWay  0x080061b0       0x54 Main/game/xonix.o
                0x080061b0                FillWay
 .text.NewFlyer
                0x08006204       0xa8 Main/game/xonix.o
                0x08006204                NewFlyer
 .text.NewPlayRoom
                0x080062ac       0x80 Main/game/xonix.o
                0x080062ac                NewPlayRoom
 .text.Do_New   0x0800632c       0x18 Main/game/xonix.o
                0x0800632c                Do_New
 .text.NewLevel
                0x08006344       0x58 Main/game/xonix.o
                0x08006344                NewLevel
 .text.SetOldRect
                0x0800639c       0x1e Main/game/xonix.o
                0x0800639c                SetOldRect
 .text.SetUnionRect
                0x080063ba       0x42 Main/game/xonix.o
                0x080063ba                SetUnionRect
 .text.FindStartPoints
                0x080063fc       0xc8 Main/game/xonix.o
                0x080063fc                FindStartPoints
 .text.SeedFillUp
                0x080064c4      0x308 Main/game/xonix.o
                0x080064c4                SeedFillUp
 .text.FillNewArea
                0x080067cc       0xe0 Main/game/xonix.o
                0x080067cc                FillNewArea
 .text.NewEaterPosition
                0x080068ac      0x138 Main/game/xonix.o
                0x080068ac                NewEaterPosition
 .text.CheckPercentage
                0x080069e4       0x20 Main/game/xonix.o
                0x080069e4                CheckPercentage
 .text.GetNewPlayer
                0x08006a04       0x70 Main/game/xonix.o
                0x08006a04                GetNewPlayer
 .text.HorizontalBounceCheck
                0x08006a74       0x2c Main/game/xonix.o
                0x08006a74                HorizontalBounceCheck
 .text.VerticalBounceCheck
                0x08006aa0       0x2c Main/game/xonix.o
                0x08006aa0                VerticalBounceCheck
 .text.NewRunnerPosition
                0x08006acc      0x1d8 Main/game/xonix.o
                0x08006acc                NewRunnerPosition
 .text.NewFlyerPosition
                0x08006ca4      0x1d0 Main/game/xonix.o
                0x08006ca4                NewFlyerPosition
 .text.Animate  0x08006e74       0x64 Main/game/xonix.o
                0x08006e74                Animate
 .text.USBD_CDC_DataIn
                0x08006ed8       0x12 Middlewares/ST/STM32_USB_Device_Library/Class/CDC/Src/usbd_cdc.o
 .text.USBD_CDC_EP0_RxReady
                0x08006eea       0x28 Middlewares/ST/STM32_USB_Device_Library/Class/CDC/Src/usbd_cdc.o
 *fill*         0x08006f12        0x2 
 .text.USBD_CDC_GetFSCfgDesc
                0x08006f14        0xc Middlewares/ST/STM32_USB_Device_Library/Class/CDC/Src/usbd_cdc.o
 .text.USBD_CDC_GetHSCfgDesc
                0x08006f20        0xc Middlewares/ST/STM32_USB_Device_Library/Class/CDC/Src/usbd_cdc.o
 .text.USBD_CDC_GetOtherSpeedCfgDesc
                0x08006f2c        0xc Middlewares/ST/STM32_USB_Device_Library/Class/CDC/Src/usbd_cdc.o
 .text.USBD_CDC_GetDeviceQualifierDescriptor
                0x08006f38        0xc Middlewares/ST/STM32_USB_Device_Library/Class/CDC/Src/usbd_cdc.o
                0x08006f38                USBD_CDC_GetDeviceQualifierDescriptor
 .text.USBD_CDC_DataOut
                0x08006f44       0x2e Middlewares/ST/STM32_USB_Device_Library/Class/CDC/Src/usbd_cdc.o
 *fill*         0x08006f72        0x2 
 .text.USBD_CDC_Setup
                0x08006f74       0x74 Middlewares/ST/STM32_USB_Device_Library/Class/CDC/Src/usbd_cdc.o
 .text.USBD_CDC_DeInit
                0x08006fe8       0x3a Middlewares/ST/STM32_USB_Device_Library/Class/CDC/Src/usbd_cdc.o
 .text.USBD_CDC_Init
                0x08007022       0x96 Middlewares/ST/STM32_USB_Device_Library/Class/CDC/Src/usbd_cdc.o
 .text.USBD_CDC_RegisterInterface
                0x080070b8        0xe Middlewares/ST/STM32_USB_Device_Library/Class/CDC/Src/usbd_cdc.o
                0x080070b8                USBD_CDC_RegisterInterface
 .text.USBD_CDC_SetTxBuffer
                0x080070c6       0x10 Middlewares/ST/STM32_USB_Device_Library/Class/CDC/Src/usbd_cdc.o
                0x080070c6                USBD_CDC_SetTxBuffer
 .text.USBD_CDC_SetRxBuffer
                0x080070d6        0xc Middlewares/ST/STM32_USB_Device_Library/Class/CDC/Src/usbd_cdc.o
                0x080070d6                USBD_CDC_SetRxBuffer
 .text.USBD_CDC_TransmitPacket
                0x080070e2       0x2e Middlewares/ST/STM32_USB_Device_Library/Class/CDC/Src/usbd_cdc.o
                0x080070e2                USBD_CDC_TransmitPacket
 .text.USBD_CDC_ReceivePacket
                0x08007110       0x32 Middlewares/ST/STM32_USB_Device_Library/Class/CDC/Src/usbd_cdc.o
                0x08007110                USBD_CDC_ReceivePacket
 .text.USBD_Init
                0x08007142       0x2e Middlewares/ST/STM32_USB_Device_Library/Core/Src/usbd_core.o
                0x08007142                USBD_Init
 .text.USBD_RegisterClass
                0x08007170        0xe Middlewares/ST/STM32_USB_Device_Library/Core/Src/usbd_core.o
                0x08007170                USBD_RegisterClass
 .text.USBD_Start
                0x0800717e        0xa Middlewares/ST/STM32_USB_Device_Library/Core/Src/usbd_core.o
                0x0800717e                USBD_Start
 .text.USBD_SetClassConfig
                0x08007188       0x1a Middlewares/ST/STM32_USB_Device_Library/Core/Src/usbd_core.o
                0x08007188                USBD_SetClassConfig
 .text.USBD_ClrClassConfig
                0x080071a2        0xe Middlewares/ST/STM32_USB_Device_Library/Core/Src/usbd_core.o
                0x080071a2                USBD_ClrClassConfig
 .text.USBD_LL_SetupStage
                0x080071b0       0x5a Middlewares/ST/STM32_USB_Device_Library/Core/Src/usbd_core.o
                0x080071b0                USBD_LL_SetupStage
 .text.USBD_LL_DataOutStage
                0x0800720a       0x6a Middlewares/ST/STM32_USB_Device_Library/Core/Src/usbd_core.o
                0x0800720a                USBD_LL_DataOutStage
 .text.USBD_LL_DataInStage
                0x08007274       0xb0 Middlewares/ST/STM32_USB_Device_Library/Core/Src/usbd_core.o
                0x08007274                USBD_LL_DataInStage
 .text.USBD_LL_Reset
                0x08007324       0x3e Middlewares/ST/STM32_USB_Device_Library/Core/Src/usbd_core.o
                0x08007324                USBD_LL_Reset
 .text.USBD_LL_SetSpeed
                0x08007362        0x6 Middlewares/ST/STM32_USB_Device_Library/Core/Src/usbd_core.o
                0x08007362                USBD_LL_SetSpeed
 .text.USBD_LL_Suspend
                0x08007368       0x12 Middlewares/ST/STM32_USB_Device_Library/Core/Src/usbd_core.o
                0x08007368                USBD_LL_Suspend
 .text.USBD_LL_Resume
                0x0800737a        0xc Middlewares/ST/STM32_USB_Device_Library/Core/Src/usbd_core.o
                0x0800737a                USBD_LL_Resume
 .text.USBD_LL_SOF
                0x08007386       0x1c Middlewares/ST/STM32_USB_Device_Library/Core/Src/usbd_core.o
                0x08007386                USBD_LL_SOF
 .text.USBD_GetLen
                0x080073a2       0x14 Middlewares/ST/STM32_USB_Device_Library/Core/Src/usbd_ctlreq.o
 .text.USBD_SetFeature
                0x080073b6       0x20 Middlewares/ST/STM32_USB_Device_Library/Core/Src/usbd_ctlreq.o
 .text.USBD_ParseSetupRequest
                0x080073d6       0x28 Middlewares/ST/STM32_USB_Device_Library/Core/Src/usbd_ctlreq.o
                0x080073d6                USBD_ParseSetupRequest
 .text.USBD_CtlError
                0x080073fe       0x14 Middlewares/ST/STM32_USB_Device_Library/Core/Src/usbd_ctlreq.o
                0x080073fe                USBD_CtlError
 .text.USBD_GetDescriptor
                0x08007412      0x132 Middlewares/ST/STM32_USB_Device_Library/Core/Src/usbd_ctlreq.o
 .text.USBD_SetAddress
                0x08007544       0x4a Middlewares/ST/STM32_USB_Device_Library/Core/Src/usbd_ctlreq.o
 *fill*         0x0800758e        0x2 
 .text.USBD_SetConfig
                0x08007590       0xa4 Middlewares/ST/STM32_USB_Device_Library/Core/Src/usbd_ctlreq.o
 .text.USBD_GetConfig
                0x08007634       0x3a Middlewares/ST/STM32_USB_Device_Library/Core/Src/usbd_ctlreq.o
 .text.USBD_GetStatus
                0x0800766e       0x2c Middlewares/ST/STM32_USB_Device_Library/Core/Src/usbd_ctlreq.o
 .text.USBD_ClrFeature
                0x0800769a       0x30 Middlewares/ST/STM32_USB_Device_Library/Core/Src/usbd_ctlreq.o
 .text.USBD_StdDevReq
                0x080076ca       0x48 Middlewares/ST/STM32_USB_Device_Library/Core/Src/usbd_ctlreq.o
                0x080076ca                USBD_StdDevReq
 .text.USBD_StdItfReq
                0x08007712       0x38 Middlewares/ST/STM32_USB_Device_Library/Core/Src/usbd_ctlreq.o
                0x08007712                USBD_StdItfReq
 .text.USBD_StdEPReq
                0x0800774a      0x118 Middlewares/ST/STM32_USB_Device_Library/Core/Src/usbd_ctlreq.o
                0x0800774a                USBD_StdEPReq
 .text.USBD_GetString
                0x08007862       0x3a Middlewares/ST/STM32_USB_Device_Library/Core/Src/usbd_ctlreq.o
                0x08007862                USBD_GetString
 .text.USBD_CtlSendData
                0x0800789c       0x1a Middlewares/ST/STM32_USB_Device_Library/Core/Src/usbd_ioreq.o
                0x0800789c                USBD_CtlSendData
 .text.USBD_CtlContinueSendData
                0x080078b6       0x10 Middlewares/ST/STM32_USB_Device_Library/Core/Src/usbd_ioreq.o
                0x080078b6                USBD_CtlContinueSendData
 .text.USBD_CtlPrepareRx
                0x080078c6       0x1e Middlewares/ST/STM32_USB_Device_Library/Core/Src/usbd_ioreq.o
                0x080078c6                USBD_CtlPrepareRx
 .text.USBD_CtlContinueRx
                0x080078e4       0x10 Middlewares/ST/STM32_USB_Device_Library/Core/Src/usbd_ioreq.o
                0x080078e4                USBD_CtlContinueRx
 .text.USBD_CtlSendStatus
                0x080078f4       0x16 Middlewares/ST/STM32_USB_Device_Library/Core/Src/usbd_ioreq.o
                0x080078f4                USBD_CtlSendStatus
 .text.USBD_CtlReceiveStatus
                0x0800790a       0x16 Middlewares/ST/STM32_USB_Device_Library/Core/Src/usbd_ioreq.o
                0x0800790a                USBD_CtlReceiveStatus
 .text.MX_GPIO_Init
                0x08007920       0x44 Src/main.o
 .text.MX_RTC_Init
                0x08007964       0x24 Src/main.o
 .text.SystemClock_Config
                0x08007988       0x6e Src/main.o
                0x08007988                SystemClock_Config
 .text.main     0x080079f6       0x24 Src/main.o
                0x080079f6                main
 .text.Error_Handler
                0x08007a1a        0x2 Src/main.o
                0x08007a1a                Error_Handler
 .text.HAL_MspInit
                0x08007a1c       0x54 Src/stm32f1xx_hal_msp.o
                0x08007a1c                HAL_MspInit
 .text.HAL_RTC_MspInit
                0x08007a70       0x40 Src/stm32f1xx_hal_msp.o
                0x08007a70                HAL_RTC_MspInit
 .text.HAL_TIM_Base_MspInit
                0x08007ab0       0x2c Src/stm32f1xx_hal_msp.o
                0x08007ab0                HAL_TIM_Base_MspInit
 .text.NMI_Handler
                0x08007adc        0x2 Src/stm32f1xx_it.o
                0x08007adc                NMI_Handler
 .text.HardFault_Handler
                0x08007ade        0x2 Src/stm32f1xx_it.o
                0x08007ade                HardFault_Handler
 .text.MemManage_Handler
                0x08007ae0        0x2 Src/stm32f1xx_it.o
                0x08007ae0                MemManage_Handler
 .text.BusFault_Handler
                0x08007ae2        0x2 Src/stm32f1xx_it.o
                0x08007ae2                BusFault_Handler
 .text.UsageFault_Handler
                0x08007ae4        0x2 Src/stm32f1xx_it.o
                0x08007ae4                UsageFault_Handler
 .text.SVC_Handler
                0x08007ae6        0x2 Src/stm32f1xx_it.o
                0x08007ae6                SVC_Handler
 .text.DebugMon_Handler
                0x08007ae8        0x2 Src/stm32f1xx_it.o
                0x08007ae8                DebugMon_Handler
 .text.PendSV_Handler
                0x08007aea        0x2 Src/stm32f1xx_it.o
                0x08007aea                PendSV_Handler
 .text.SysTick_Handler
                0x08007aec        0x8 Src/stm32f1xx_it.o
                0x08007aec                SysTick_Handler
 .text.USB_LP_CAN1_RX0_IRQHandler
                0x08007af4       0x10 Src/stm32f1xx_it.o
                0x08007af4                USB_LP_CAN1_RX0_IRQHandler
 .text._sbrk    0x08007b04       0x3c Src/syscalls.o
                0x08007b04                _sbrk
 .text.SystemInit
                0x08007b40       0x4c Src/system_stm32f1xx.o
                0x08007b40                SystemInit
 .text.MX_USB_DEVICE_Init
                0x08007b8c       0x54 Src/usb_device.o
                0x08007b8c                MX_USB_DEVICE_Init
 .text.CDC_DeInit_FS
                0x08007be0        0x4 Src/usbd_cdc_if.o
 .text.CDC_Control_FS
                0x08007be4        0x4 Src/usbd_cdc_if.o
 .text.CDC_Receive_FS
                0x08007be8       0x1c Src/usbd_cdc_if.o
 .text.CDC_Init_FS
                0x08007c04       0x28 Src/usbd_cdc_if.o
 .text.CDC_Transmit_FS
                0x08007c2c       0x2c Src/usbd_cdc_if.o
                0x08007c2c                CDC_Transmit_FS
 .text.USBD_Get_USB_Status
                0x08007c58       0x12 Src/usbd_conf.o
 *fill*         0x08007c6a        0x2 
 .text.HAL_PCD_MspInit
                0x08007c6c       0x40 Src/usbd_conf.o
                0x08007c6c                HAL_PCD_MspInit
 .text.HAL_PCD_SetupStageCallback
                0x08007cac       0x10 Src/usbd_conf.o
                0x08007cac                HAL_PCD_SetupStageCallback
 .text.HAL_PCD_DataOutStageCallback
                0x08007cbc       0x14 Src/usbd_conf.o
                0x08007cbc                HAL_PCD_DataOutStageCallback
 .text.HAL_PCD_DataInStageCallback
                0x08007cd0       0x12 Src/usbd_conf.o
                0x08007cd0                HAL_PCD_DataInStageCallback
 .text.HAL_PCD_SOFCallback
                0x08007ce2        0xc Src/usbd_conf.o
                0x08007ce2                HAL_PCD_SOFCallback
 .text.HAL_PCD_ResetCallback
                0x08007cee       0x22 Src/usbd_conf.o
                0x08007cee                HAL_PCD_ResetCallback
 .text.HAL_PCD_SuspendCallback
                0x08007d10       0x20 Src/usbd_conf.o
                0x08007d10                HAL_PCD_SuspendCallback
 .text.HAL_PCD_ResumeCallback
                0x08007d30        0xc Src/usbd_conf.o
                0x08007d30                HAL_PCD_ResumeCallback
 .text.USBD_LL_Init
                0x08007d3c       0x84 Src/usbd_conf.o
                0x08007d3c                USBD_LL_Init
 .text.USBD_LL_Start
                0x08007dc0       0x10 Src/usbd_conf.o
                0x08007dc0                USBD_LL_Start
 .text.USBD_LL_OpenEP
                0x08007dd0       0x16 Src/usbd_conf.o
                0x08007dd0                USBD_LL_OpenEP
 .text.USBD_LL_CloseEP
                0x08007de6       0x10 Src/usbd_conf.o
                0x08007de6                USBD_LL_CloseEP
 .text.USBD_LL_StallEP
                0x08007df6       0x10 Src/usbd_conf.o
                0x08007df6                USBD_LL_StallEP
 .text.USBD_LL_ClearStallEP
                0x08007e06       0x10 Src/usbd_conf.o
                0x08007e06                USBD_LL_ClearStallEP
 .text.USBD_LL_IsStallEP
                0x08007e16       0x26 Src/usbd_conf.o
                0x08007e16                USBD_LL_IsStallEP
 .text.USBD_LL_SetUSBAddress
                0x08007e3c       0x10 Src/usbd_conf.o
                0x08007e3c                USBD_LL_SetUSBAddress
 .text.USBD_LL_Transmit
                0x08007e4c       0x10 Src/usbd_conf.o
                0x08007e4c                USBD_LL_Transmit
 .text.USBD_LL_PrepareReceive
                0x08007e5c       0x10 Src/usbd_conf.o
                0x08007e5c                USBD_LL_PrepareReceive
 .text.USBD_LL_GetRxDataSize
                0x08007e6c        0xc Src/usbd_conf.o
                0x08007e6c                USBD_LL_GetRxDataSize
 .text.USBD_static_malloc
                0x08007e78        0x8 Src/usbd_conf.o
                0x08007e78                USBD_static_malloc
 .text.USBD_static_free
                0x08007e80        0x2 Src/usbd_conf.o
                0x08007e80                USBD_static_free
 .text.HAL_PCDEx_SetConnectionState
                0x08007e82        0x2 Src/usbd_conf.o
                0x08007e82                HAL_PCDEx_SetConnectionState
 .text.USBD_FS_DeviceDescriptor
                0x08007e84        0xc Src/usbd_desc.o
                0x08007e84                USBD_FS_DeviceDescriptor
 .text.USBD_FS_LangIDStrDescriptor
                0x08007e90        0xc Src/usbd_desc.o
                0x08007e90                USBD_FS_LangIDStrDescriptor
 .text.IntToUnicode
                0x08007e9c       0x36 Src/usbd_desc.o
 *fill*         0x08007ed2        0x2 
 .text.Get_SerialNum
                0x08007ed4       0x38 Src/usbd_desc.o
 .text.USBD_FS_SerialStrDescriptor
                0x08007f0c       0x14 Src/usbd_desc.o
                0x08007f0c                USBD_FS_SerialStrDescriptor
 .text.USBD_FS_ProductStrDescriptor
                0x08007f20       0x24 Src/usbd_desc.o
                0x08007f20                USBD_FS_ProductStrDescriptor
 .text.USBD_FS_ManufacturerStrDescriptor
                0x08007f44       0x1c Src/usbd_desc.o
                0x08007f44                USBD_FS_ManufacturerStrDescriptor
 .text.USBD_FS_ConfigStrDescriptor
                0x08007f60       0x24 Src/usbd_desc.o
                0x08007f60                USBD_FS_ConfigStrDescriptor
 .text.USBD_FS_InterfaceStrDescriptor
                0x08007f84       0x24 Src/usbd_desc.o
                0x08007f84                USBD_FS_InterfaceStrDescriptor
 .text.Reset_Handler
                0x08007fa8       0x48 startup/startup_stm32f103xb.o
                0x08007fa8                Reset_Handler
 .text.Default_Handler
                0x08007ff0        0x2 startup/startup_stm32f103xb.o
                0x08007ff0                RTC_Alarm_IRQHandler
                0x08007ff0                EXTI2_IRQHandler
                0x08007ff0                TIM1_CC_IRQHandler
                0x08007ff0                PVD_IRQHandler
                0x08007ff0                EXTI3_IRQHandler
                0x08007ff0                EXTI0_IRQHandler
                0x08007ff0                I2C2_EV_IRQHandler
                0x08007ff0                ADC1_2_IRQHandler
                0x08007ff0                SPI1_IRQHandler
                0x08007ff0                TAMPER_IRQHandler
                0x08007ff0                DMA1_Channel4_IRQHandler
                0x08007ff0                USART3_IRQHandler
                0x08007ff0                RTC_IRQHandler
                0x08007ff0                DMA1_Channel7_IRQHandler
                0x08007ff0                CAN1_RX1_IRQHandler
                0x08007ff0                I2C1_EV_IRQHandler
                0x08007ff0                DMA1_Channel6_IRQHandler
                0x08007ff0                RCC_IRQHandler
                0x08007ff0                TIM1_TRG_COM_IRQHandler
                0x08007ff0                DMA1_Channel1_IRQHandler
                0x08007ff0                Default_Handler
                0x08007ff0                EXTI15_10_IRQHandler
                0x08007ff0                EXTI9_5_IRQHandler
                0x08007ff0                SPI2_IRQHandler
                0x08007ff0                DMA1_Channel5_IRQHandler
                0x08007ff0                EXTI4_IRQHandler
                0x08007ff0                USB_HP_CAN1_TX_IRQHandler
                0x08007ff0                DMA1_Channel3_IRQHandler
                0x08007ff0                TIM1_UP_IRQHandler
                0x08007ff0                WWDG_IRQHandler
                0x08007ff0                TIM1_BRK_IRQHandler
                0x08007ff0                EXTI1_IRQHandler
                0x08007ff0                USART2_IRQHandler
                0x08007ff0                I2C2_ER_IRQHandler
                0x08007ff0                DMA1_Channel2_IRQHandler
                0x08007ff0                CAN1_SCE_IRQHandler
                0x08007ff0                FLASH_IRQHandler
                0x08007ff0                USART1_IRQHandler
                0x08007ff0                I2C1_ER_IRQHandler
                0x08007ff0                USBWakeUp_IRQHandler
 *fill*         0x08007ff2        0x2 
 .text.cosf     0x08007ff4       0x78 d:/ac6/systemworkbench/plugins/fr.ac6.mcu.externaltools.arm-none.win32_1.17.0.201812190825/tools/compiler/bin/../lib/gcc/arm-none-eabi/7.3.1/../../../../arm-none-eabi/lib/thumb/v7-m\libm.a(lib_a-sf_cos.o)
                0x08007ff4                cosf
 .text.sinf     0x0800806c       0x7c d:/ac6/systemworkbench/plugins/fr.ac6.mcu.externaltools.arm-none.win32_1.17.0.201812190825/tools/compiler/bin/../lib/gcc/arm-none-eabi/7.3.1/../../../../arm-none-eabi/lib/thumb/v7-m\libm.a(lib_a-sf_sin.o)
                0x0800806c                sinf
 .text.__ieee754_rem_pio2f
                0x080080e8      0x2e4 d:/ac6/systemworkbench/plugins/fr.ac6.mcu.externaltools.arm-none.win32_1.17.0.201812190825/tools/compiler/bin/../lib/gcc/arm-none-eabi/7.3.1/../../../../arm-none-eabi/lib/thumb/v7-m\libm.a(lib_a-ef_rem_pio2.o)
                0x080080e8                __ieee754_rem_pio2f
 .text.__kernel_cosf
                0x080083cc      0x188 d:/ac6/systemworkbench/plugins/fr.ac6.mcu.externaltools.arm-none.win32_1.17.0.201812190825/tools/compiler/bin/../lib/gcc/arm-none-eabi/7.3.1/../../../../arm-none-eabi/lib/thumb/v7-m\libm.a(lib_a-kf_cos.o)
                0x080083cc                __kernel_cosf
 .text.__kernel_rem_pio2f
                0x08008554      0x6c4 d:/ac6/systemworkbench/plugins/fr.ac6.mcu.externaltools.arm-none.win32_1.17.0.201812190825/tools/compiler/bin/../lib/gcc/arm-none-eabi/7.3.1/../../../../arm-none-eabi/lib/thumb/v7-m\libm.a(lib_a-kf_rem_pio2.o)
                0x08008554                __kernel_rem_pio2f
 .text.__kernel_sinf
                0x08008c18       0xec d:/ac6/systemworkbench/plugins/fr.ac6.mcu.externaltools.arm-none.win32_1.17.0.201812190825/tools/compiler/bin/../lib/gcc/arm-none-eabi/7.3.1/../../../../arm-none-eabi/lib/thumb/v7-m\libm.a(lib_a-kf_sin.o)
                0x08008c18                __kernel_sinf
 .text.fabsf    0x08008d04        0x8 d:/ac6/systemworkbench/plugins/fr.ac6.mcu.externaltools.arm-none.win32_1.17.0.201812190825/tools/compiler/bin/../lib/gcc/arm-none-eabi/7.3.1/../../../../arm-none-eabi/lib/thumb/v7-m\libm.a(lib_a-sf_fabs.o)
                0x08008d04                fabsf
 .text.floorf   0x08008d0c       0x88 d:/ac6/systemworkbench/plugins/fr.ac6.mcu.externaltools.arm-none.win32_1.17.0.201812190825/tools/compiler/bin/../lib/gcc/arm-none-eabi/7.3.1/../../../../arm-none-eabi/lib/thumb/v7-m\libm.a(lib_a-sf_floor.o)
                0x08008d0c                floorf
 .text.scalbnf  0x08008d94       0xb0 d:/ac6/systemworkbench/plugins/fr.ac6.mcu.externaltools.arm-none.win32_1.17.0.201812190825/tools/compiler/bin/../lib/gcc/arm-none-eabi/7.3.1/../../../../arm-none-eabi/lib/thumb/v7-m\libm.a(lib_a-sf_scalbn.o)
                0x08008d94                scalbnf
 .text.copysignf
                0x08008e44        0xc d:/ac6/systemworkbench/plugins/fr.ac6.mcu.externaltools.arm-none.win32_1.17.0.201812190825/tools/compiler/bin/../lib/gcc/arm-none-eabi/7.3.1/../../../../arm-none-eabi/lib/thumb/v7-m\libm.a(lib_a-sf_copysign.o)
                0x08008e44                copysignf
 .text.__errno  0x08008e50        0xc d:/ac6/systemworkbench/plugins/fr.ac6.mcu.externaltools.arm-none.win32_1.17.0.201812190825/tools/compiler/bin/../lib/gcc/arm-none-eabi/7.3.1/../../../../arm-none-eabi/lib/thumb/v7-m\libc_nano.a(lib_a-errno.o)
                0x08008e50                __errno
 .text.__libc_init_array
                0x08008e5c       0x48 d:/ac6/systemworkbench/plugins/fr.ac6.mcu.externaltools.arm-none.win32_1.17.0.201812190825/tools/compiler/bin/../lib/gcc/arm-none-eabi/7.3.1/../../../../arm-none-eabi/lib/thumb/v7-m\libc_nano.a(lib_a-init.o)
                0x08008e5c                __libc_init_array
 .text.malloc   0x08008ea4       0x10 d:/ac6/systemworkbench/plugins/fr.ac6.mcu.externaltools.arm-none.win32_1.17.0.201812190825/tools/compiler/bin/../lib/gcc/arm-none-eabi/7.3.1/../../../../arm-none-eabi/lib/thumb/v7-m\libc_nano.a(lib_a-malloc.o)
                0x08008ea4                malloc
 .text.free     0x08008eb4       0x10 d:/ac6/systemworkbench/plugins/fr.ac6.mcu.externaltools.arm-none.win32_1.17.0.201812190825/tools/compiler/bin/../lib/gcc/arm-none-eabi/7.3.1/../../../../arm-none-eabi/lib/thumb/v7-m\libc_nano.a(lib_a-malloc.o)
                0x08008eb4                free
 .text.memcpy   0x08008ec4       0x16 d:/ac6/systemworkbench/plugins/fr.ac6.mcu.externaltools.arm-none.win32_1.17.0.201812190825/tools/compiler/bin/../lib/gcc/arm-none-eabi/7.3.1/../../../../arm-none-eabi/lib/thumb/v7-m\libc_nano.a(lib_a-memcpy-stub.o)
                0x08008ec4                memcpy
 .text.memset   0x08008eda       0x10 d:/ac6/systemworkbench/plugins/fr.ac6.mcu.externaltools.arm-none.win32_1.17.0.201812190825/tools/compiler/bin/../lib/gcc/arm-none-eabi/7.3.1/../../../../arm-none-eabi/lib/thumb/v7-m\libc_nano.a(lib_a-memset.o)
                0x08008eda                memset
 *fill*         0x08008eea        0x2 
 .text._free_r  0x08008eec       0x98 d:/ac6/systemworkbench/plugins/fr.ac6.mcu.externaltools.arm-none.win32_1.17.0.201812190825/tools/compiler/bin/../lib/gcc/arm-none-eabi/7.3.1/../../../../arm-none-eabi/lib/thumb/v7-m\libc_nano.a(lib_a-nano-freer.o)
                0x08008eec                _free_r
 .text._malloc_r
                0x08008f84       0xb4 d:/ac6/systemworkbench/plugins/fr.ac6.mcu.externaltools.arm-none.win32_1.17.0.201812190825/tools/compiler/bin/../lib/gcc/arm-none-eabi/7.3.1/../../../../arm-none-eabi/lib/thumb/v7-m\libc_nano.a(lib_a-nano-mallocr.o)
                0x08008f84                _malloc_r
 .text.srand    0x08009038       0x48 d:/ac6/systemworkbench/plugins/fr.ac6.mcu.externaltools.arm-none.win32_1.17.0.201812190825/tools/compiler/bin/../lib/gcc/arm-none-eabi/7.3.1/../../../../arm-none-eabi/lib/thumb/v7-m\libc_nano.a(lib_a-rand.o)
                0x08009038                srand
 .text.rand     0x08009080       0x68 d:/ac6/systemworkbench/plugins/fr.ac6.mcu.externaltools.arm-none.win32_1.17.0.201812190825/tools/compiler/bin/../lib/gcc/arm-none-eabi/7.3.1/../../../../arm-none-eabi/lib/thumb/v7-m\libc_nano.a(lib_a-rand.o)
                0x08009080                rand
 .text.realloc  0x080090e8       0x10 d:/ac6/systemworkbench/plugins/fr.ac6.mcu.externaltools.arm-none.win32_1.17.0.201812190825/tools/compiler/bin/../lib/gcc/arm-none-eabi/7.3.1/../../../../arm-none-eabi/lib/thumb/v7-m\libc_nano.a(lib_a-realloc.o)
                0x080090e8                realloc
 .text._sbrk_r  0x080090f8       0x20 d:/ac6/systemworkbench/plugins/fr.ac6.mcu.externaltools.arm-none.win32_1.17.0.201812190825/tools/compiler/bin/../lib/gcc/arm-none-eabi/7.3.1/../../../../arm-none-eabi/lib/thumb/v7-m\libc_nano.a(lib_a-sbrkr.o)
                0x080090f8                _sbrk_r
 .text.sprintf  0x08009118       0x40 d:/ac6/systemworkbench/plugins/fr.ac6.mcu.externaltools.arm-none.win32_1.17.0.201812190825/tools/compiler/bin/../lib/gcc/arm-none-eabi/7.3.1/../../../../arm-none-eabi/lib/thumb/v7-m\libc_nano.a(lib_a-sprintf.o)
                0x08009118                siprintf
                0x08009118                sprintf
 .text.__malloc_lock
                0x08009158        0x2 d:/ac6/systemworkbench/plugins/fr.ac6.mcu.externaltools.arm-none.win32_1.17.0.201812190825/tools/compiler/bin/../lib/gcc/arm-none-eabi/7.3.1/../../../../arm-none-eabi/lib/thumb/v7-m\libc_nano.a(lib_a-mlock.o)
                0x08009158                __malloc_lock
 .text.__malloc_unlock
                0x0800915a        0x2 d:/ac6/systemworkbench/plugins/fr.ac6.mcu.externaltools.arm-none.win32_1.17.0.201812190825/tools/compiler/bin/../lib/gcc/arm-none-eabi/7.3.1/../../../../arm-none-eabi/lib/thumb/v7-m\libc_nano.a(lib_a-mlock.o)
                0x0800915a                __malloc_unlock
 .text._realloc_r
                0x0800915c       0x4c d:/ac6/systemworkbench/plugins/fr.ac6.mcu.externaltools.arm-none.win32_1.17.0.201812190825/tools/compiler/bin/../lib/gcc/arm-none-eabi/7.3.1/../../../../arm-none-eabi/lib/thumb/v7-m\libc_nano.a(lib_a-nano-reallocr.o)
                0x0800915c                _realloc_r
 .text.__ssputs_r
                0x080091a8       0xb4 d:/ac6/systemworkbench/plugins/fr.ac6.mcu.externaltools.arm-none.win32_1.17.0.201812190825/tools/compiler/bin/../lib/gcc/arm-none-eabi/7.3.1/../../../../arm-none-eabi/lib/thumb/v7-m\libc_nano.a(lib_a-nano-svfprintf.o)
                0x080091a8                __ssputs_r
 .text._svfprintf_r
                0x0800925c      0x1f0 d:/ac6/systemworkbench/plugins/fr.ac6.mcu.externaltools.arm-none.win32_1.17.0.201812190825/tools/compiler/bin/../lib/gcc/arm-none-eabi/7.3.1/../../../../arm-none-eabi/lib/thumb/v7-m\libc_nano.a(lib_a-nano-svfprintf.o)
                0x0800925c                _svfiprintf_r
                0x0800925c                _svfprintf_r
 .text._printf_common
                0x0800944c       0xec d:/ac6/systemworkbench/plugins/fr.ac6.mcu.externaltools.arm-none.win32_1.17.0.201812190825/tools/compiler/bin/../lib/gcc/arm-none-eabi/7.3.1/../../../../arm-none-eabi/lib/thumb/v7-m\libc_nano.a(lib_a-nano-vfprintf_i.o)
                0x0800944c                _printf_common
 .text._printf_i
                0x08009538      0x224 d:/ac6/systemworkbench/plugins/fr.ac6.mcu.externaltools.arm-none.win32_1.17.0.201812190825/tools/compiler/bin/../lib/gcc/arm-none-eabi/7.3.1/../../../../arm-none-eabi/lib/thumb/v7-m\libc_nano.a(lib_a-nano-vfprintf_i.o)
                0x08009538                _printf_i
 .text.memchr   0x0800975c       0x1c d:/ac6/systemworkbench/plugins/fr.ac6.mcu.externaltools.arm-none.win32_1.17.0.201812190825/tools/compiler/bin/../lib/gcc/arm-none-eabi/7.3.1/../../../../arm-none-eabi/lib/thumb/v7-m\libc_nano.a(lib_a-memchr-stub.o)
                0x0800975c                memchr
 .text.memmove  0x08009778       0x32 d:/ac6/systemworkbench/plugins/fr.ac6.mcu.externaltools.arm-none.win32_1.17.0.201812190825/tools/compiler/bin/../lib/gcc/arm-none-eabi/7.3.1/../../../../arm-none-eabi/lib/thumb/v7-m\libc_nano.a(lib_a-memmove.o)
                0x08009778                memmove
 .text._malloc_usable_size_r
                0x080097aa       0x10 d:/ac6/systemworkbench/plugins/fr.ac6.mcu.externaltools.arm-none.win32_1.17.0.201812190825/tools/compiler/bin/../lib/gcc/arm-none-eabi/7.3.1/../../../../arm-none-eabi/lib/thumb/v7-m\libc_nano.a(lib_a-nano-msizer.o)
                0x080097aa                _malloc_usable_size_r
 *(.glue_7)
 .glue_7        0x080097ba        0x0 linker stubs
 *(.glue_7t)
 .glue_7t       0x080097ba        0x0 linker stubs
 *(.eh_frame)
 *fill*         0x080097ba        0x2 
 .eh_frame      0x080097bc        0x0 d:/ac6/systemworkbench/plugins/fr.ac6.mcu.externaltools.arm-none.win32_1.17.0.201812190825/tools/compiler/bin/../lib/gcc/arm-none-eabi/7.3.1/thumb/v7-m/crtbegin.o
 *(.init)
 .init          0x080097bc        0x4 d:/ac6/systemworkbench/plugins/fr.ac6.mcu.externaltools.arm-none.win32_1.17.0.201812190825/tools/compiler/bin/../lib/gcc/arm-none-eabi/7.3.1/thumb/v7-m/crti.o
                0x080097bc                _init
 .init          0x080097c0        0x8 d:/ac6/systemworkbench/plugins/fr.ac6.mcu.externaltools.arm-none.win32_1.17.0.201812190825/tools/compiler/bin/../lib/gcc/arm-none-eabi/7.3.1/thumb/v7-m/crtn.o
 *(.fini)
 .fini          0x080097c8        0x4 d:/ac6/systemworkbench/plugins/fr.ac6.mcu.externaltools.arm-none.win32_1.17.0.201812190825/tools/compiler/bin/../lib/gcc/arm-none-eabi/7.3.1/thumb/v7-m/crti.o
                0x080097c8                _fini
 .fini          0x080097cc        0x8 d:/ac6/systemworkbench/plugins/fr.ac6.mcu.externaltools.arm-none.win32_1.17.0.201812190825/tools/compiler/bin/../lib/gcc/arm-none-eabi/7.3.1/thumb/v7-m/crtn.o
                0x080097d4                . = ALIGN (0x4)
                0x080097d4                _etext = .

.vfp11_veneer   0x080097d4        0x0
 .vfp11_veneer  0x080097d4        0x0 linker stubs

.v4_bx          0x080097d4        0x0
 .v4_bx         0x080097d4        0x0 linker stubs

.iplt           0x080097d4        0x0
 .iplt          0x080097d4        0x0 d:/ac6/systemworkbench/plugins/fr.ac6.mcu.externaltools.arm-none.win32_1.17.0.201812190825/tools/compiler/bin/../lib/gcc/arm-none-eabi/7.3.1/thumb/v7-m/crtbegin.o

.rodata         0x080097d8     0x288c
                0x080097d8                . = ALIGN (0x4)
 *(.rodata)
 .rodata        0x080097d8       0x12 Drivers/STM32F1xx_HAL_Driver/Src/stm32f1xx_hal_rcc.o
 *fill*         0x080097ea        0x2 
 .rodata        0x080097ec       0x12 Drivers/STM32F1xx_HAL_Driver/Src/stm32f1xx_hal_rcc_ex.o
 *fill*         0x080097fe        0x2 
 .rodata        0x08009800      0x803 Main/font8x8.o
                0x08009800                font8x8
 *fill*         0x0800a003        0x1 
 .rodata        0x0800a004     0x1b00 Main/main.o
 *fill*         0x0800bb04        0x4 
 .rodata        0x0800bb08       0x78 Main/timing.o
                0x0800bb08                Vga::timing_720x400_70hz
                0x0800bb30                Vga::timing_640x480_60_01hz
                0x0800bb58                Vga::timing_640x480_60hz
 .rodata        0x0800bb80       0x1b Main/game/gameFont4x4.o
                0x0800bb80                gameFont4x4
 *fill*         0x0800bb9b        0x1 
 .rodata        0x0800bb9c       0x18 Src/system_stm32f1xx.o
                0x0800bb9c                AHBPrescTable
                0x0800bbac                APBPrescTable
 *(.rodata*)
 .rodata.str1.4
                0x0800bbb4       0x15 Main/demo/demo.o
 *fill*         0x0800bbc9        0x3 
 .rodata.str1.4
                0x0800bbcc        0x6 Main/main.o
 *fill*         0x0800bbd2        0x2 
 .rodata.str1.4
                0x0800bbd4       0x41 Main/game/Platform.o
                                 0x45 (size before relaxing)
 *fill*         0x0800bc15        0x3 
 .rodata.str1.4
                0x0800bc18       0x48 Src/usbd_desc.o
                                 0x46 (size before relaxing)
 .rodata.npio2_hw
                0x0800bc60       0x80 d:/ac6/systemworkbench/plugins/fr.ac6.mcu.externaltools.arm-none.win32_1.17.0.201812190825/tools/compiler/bin/../lib/gcc/arm-none-eabi/7.3.1/../../../../arm-none-eabi/lib/thumb/v7-m\libm.a(lib_a-ef_rem_pio2.o)
 .rodata.two_over_pi
                0x0800bce0      0x318 d:/ac6/systemworkbench/plugins/fr.ac6.mcu.externaltools.arm-none.win32_1.17.0.201812190825/tools/compiler/bin/../lib/gcc/arm-none-eabi/7.3.1/../../../../arm-none-eabi/lib/thumb/v7-m\libm.a(lib_a-ef_rem_pio2.o)
 .rodata.PIo2   0x0800bff8       0x2c d:/ac6/systemworkbench/plugins/fr.ac6.mcu.externaltools.arm-none.win32_1.17.0.201812190825/tools/compiler/bin/../lib/gcc/arm-none-eabi/7.3.1/../../../../arm-none-eabi/lib/thumb/v7-m\libm.a(lib_a-kf_rem_pio2.o)
 .rodata.init_jk
                0x0800c024        0xc d:/ac6/systemworkbench/plugins/fr.ac6.mcu.externaltools.arm-none.win32_1.17.0.201812190825/tools/compiler/bin/../lib/gcc/arm-none-eabi/7.3.1/../../../../arm-none-eabi/lib/thumb/v7-m\libm.a(lib_a-kf_rem_pio2.o)
 .rodata._svfprintf_r.str1.1
                0x0800c030       0x11 d:/ac6/systemworkbench/plugins/fr.ac6.mcu.externaltools.arm-none.win32_1.17.0.201812190825/tools/compiler/bin/../lib/gcc/arm-none-eabi/7.3.1/../../../../arm-none-eabi/lib/thumb/v7-m\libc_nano.a(lib_a-nano-svfprintf.o)
 .rodata._printf_i.str1.1
                0x0800c041       0x22 d:/ac6/systemworkbench/plugins/fr.ac6.mcu.externaltools.arm-none.win32_1.17.0.201812190825/tools/compiler/bin/../lib/gcc/arm-none-eabi/7.3.1/../../../../arm-none-eabi/lib/thumb/v7-m\libc_nano.a(lib_a-nano-vfprintf_i.o)
                0x0800c064                . = ALIGN (0x4)
 *fill*         0x0800c063        0x1 

.rel.dyn        0x0800c064        0x0
 .rel.iplt      0x0800c064        0x0 d:/ac6/systemworkbench/plugins/fr.ac6.mcu.externaltools.arm-none.win32_1.17.0.201812190825/tools/compiler/bin/../lib/gcc/arm-none-eabi/7.3.1/thumb/v7-m/crtbegin.o

.ARM.extab
 *(.ARM.extab* .gnu.linkonce.armextab.*)

.ARM            0x0800c064        0x0
                0x0800c064                __exidx_start = .
 *(.ARM.exidx*)
                0x0800c064                __exidx_end = .

.preinit_array  0x0800c064        0x0
                0x0800c064                PROVIDE (__preinit_array_start = .)
 *(.preinit_array*)
                0x0800c064                PROVIDE (__preinit_array_end = .)

.init_array     0x0800c064        0x8
                0x0800c064                PROVIDE (__init_array_start = .)
 *(SORT_BY_NAME(.init_array.*))
 *(.init_array*)
 .init_array    0x0800c064        0x4 d:/ac6/systemworkbench/plugins/fr.ac6.mcu.externaltools.arm-none.win32_1.17.0.201812190825/tools/compiler/bin/../lib/gcc/arm-none-eabi/7.3.1/thumb/v7-m/crtbegin.o
 .init_array    0x0800c068        0x4 Main/demo/demo.o
                0x0800c06c                PROVIDE (__init_array_end = .)

.fini_array     0x0800c06c        0x4
                [!provide]                PROVIDE (__fini_array_start = .)
 *(SORT_BY_NAME(.fini_array.*))
 *(.fini_array*)
 .fini_array    0x0800c06c        0x4 d:/ac6/systemworkbench/plugins/fr.ac6.mcu.externaltools.arm-none.win32_1.17.0.201812190825/tools/compiler/bin/../lib/gcc/arm-none-eabi/7.3.1/thumb/v7-m/crtbegin.o
                [!provide]                PROVIDE (__fini_array_end = .)
                0x0800c070                _sidata = LOADADDR (.data)

.data           0x20000000      0x1e8 load address 0x0800c070
                0x20000000                . = ALIGN (0x4)
                0x20000000                _sdata = .
 *(.data)
 .data          0x20000000        0x8 Drivers/STM32F1xx_HAL_Driver/Src/stm32f1xx_hal.o
                0x20000000                uwTickFreq
                0x20000004                uwTickPrio
 .data          0x20000008        0x8 Main/main.o
 .data          0x20000010      0x110 Middlewares/ST/STM32_USB_Device_Library/Class/CDC/Src/usbd_cdc.o
                0x20000010                USBD_CDC_CfgFSDesc
                0x20000054                USBD_CDC_CfgHSDesc
                0x20000098                USBD_CDC_OtherSpeedCfgDesc
                0x200000e8                USBD_CDC
 .data          0x20000120        0x4 Src/system_stm32f1xx.o
                0x20000120                SystemCoreClock
 .data          0x20000124       0x10 Src/usbd_cdc_if.o
                0x20000124                USBD_Interface_fops_FS
 .data          0x20000134       0x50 Src/usbd_desc.o
                0x20000134                USBD_FS_DeviceDesc
                0x20000148                USBD_LangIDDesc
                0x2000014c                USBD_StringSerial
                0x20000168                FS_Desc
 *(.data*)
 .data._impure_ptr
                0x20000184        0x4 d:/ac6/systemworkbench/plugins/fr.ac6.mcu.externaltools.arm-none.win32_1.17.0.201812190825/tools/compiler/bin/../lib/gcc/arm-none-eabi/7.3.1/../../../../arm-none-eabi/lib/thumb/v7-m\libc_nano.a(lib_a-impure.o)
                0x20000184                _impure_ptr
 .data.impure_data
                0x20000188       0x60 d:/ac6/systemworkbench/plugins/fr.ac6.mcu.externaltools.arm-none.win32_1.17.0.201812190825/tools/compiler/bin/../lib/gcc/arm-none-eabi/7.3.1/../../../../arm-none-eabi/lib/thumb/v7-m\libc_nano.a(lib_a-impure.o)
                0x200001e8                . = ALIGN (0x4)
                0x200001e8                _edata = .

.igot.plt       0x200001e8        0x0 load address 0x0800c258
 .igot.plt      0x200001e8        0x0 d:/ac6/systemworkbench/plugins/fr.ac6.mcu.externaltools.arm-none.win32_1.17.0.201812190825/tools/compiler/bin/../lib/gcc/arm-none-eabi/7.3.1/thumb/v7-m/crtbegin.o
                0x200001e8                . = ALIGN (0x4)

.bss            0x200001e8     0x3fdc load address 0x0800c258
                0x200001e8                _sbss = .
                0x200001e8                __bss_start__ = _sbss
 *(.bss)
 .bss           0x200001e8       0x1c d:/ac6/systemworkbench/plugins/fr.ac6.mcu.externaltools.arm-none.win32_1.17.0.201812190825/tools/compiler/bin/../lib/gcc/arm-none-eabi/7.3.1/thumb/v7-m/crtbegin.o
 .bss           0x20000204       0x70 Main/demo/demo.o
                0x20000204                cube3d
                0x20000264                cube2d
 .bss           0x20000274     0x1ed4 Main/vgaCore.o
                0x20000274                Vga::BitmapMode
                0x20000278                Vga::VideoMemoryColors
                0x20000948                Vga::VideoMemoryPixels
 .bss           0x20002148        0x7 Main/vgaText.o
                0x2000214c                Vga::cursor_y
                0x2000214d                Vga::cursor_x
 *fill*         0x2000214f        0x1 
 .bss           0x20002150      0xb80 Main/game/Platform.o
 .bss           0x20002cd0        0x1 Middlewares/ST/STM32_USB_Device_Library/Class/CDC/Src/usbd_cdc.o
 .bss           0x20002cd1        0x1 Middlewares/ST/STM32_USB_Device_Library/Core/Src/usbd_ctlreq.o
 *fill*         0x20002cd2        0x2 
 .bss           0x20002cd4        0x8 Src/syscalls.o
                0x20002cd8                __env
 .bss           0x20002cdc      0x220 Src/usbd_conf.o
 *(.bss*)
 .bss.__malloc_free_list
                0x20002efc        0x4 d:/ac6/systemworkbench/plugins/fr.ac6.mcu.externaltools.arm-none.win32_1.17.0.201812190825/tools/compiler/bin/../lib/gcc/arm-none-eabi/7.3.1/../../../../arm-none-eabi/lib/thumb/v7-m\libc_nano.a(lib_a-nano-mallocr.o)
                0x20002efc                __malloc_free_list
 .bss.__malloc_sbrk_start
                0x20002f00        0x4 d:/ac6/systemworkbench/plugins/fr.ac6.mcu.externaltools.arm-none.win32_1.17.0.201812190825/tools/compiler/bin/../lib/gcc/arm-none-eabi/7.3.1/../../../../arm-none-eabi/lib/thumb/v7-m\libc_nano.a(lib_a-nano-mallocr.o)
                0x20002f00                __malloc_sbrk_start
 *(COMMON)
 COMMON         0x20002f04        0x4 Drivers/STM32F1xx_HAL_Driver/Src/stm32f1xx_hal.o
                0x20002f04                uwTick
 COMMON         0x20002f08      0x210 Main/game/xonix.o
                0x20002f08                gEater
                0x20002f88                gRun
                0x20002f8c                gFlyerCount
                0x20002f90                gMyRunner
                0x20002fb0                gFlyer
                0x200030f0                gEaterCount
                0x200030f4                gMyStatusArea
                0x200030f8                gLevel
                0x200030fc                gFillCount
                0x20003100                gPause
                0x20003104                gEndOfGame
                0x20003108                gLoops
                0x2000310c                gQuit
                0x20003110                gPlayer
                0x20003114                gHighScore
 COMMON         0x20003118       0x54 Src/main.o
                0x20003118                htim3
                0x20003158                hrtc
 COMMON         0x2000316c      0x224 Src/usb_device.o
                0x2000316c                hUsbDeviceFS
 COMMON         0x20003390      0x7d0 Src/usbd_cdc_if.o
                0x20003390                UserRxBufferFS
                0x20003778                UserTxBufferFS
 COMMON         0x20003b60      0x460 Src/usbd_conf.o
                0x20003b60                hpcd_USB_FS
 COMMON         0x20003fc0      0x200 Src/usbd_desc.o
                0x20003fc0                USBD_StrDesc
 COMMON         0x200041c0        0x4 d:/ac6/systemworkbench/plugins/fr.ac6.mcu.externaltools.arm-none.win32_1.17.0.201812190825/tools/compiler/bin/../lib/gcc/arm-none-eabi/7.3.1/../../../../arm-none-eabi/lib/thumb/v7-m\libc_nano.a(lib_a-reent.o)
                0x200041c0                errno
                0x200041c4                . = ALIGN (0x4)
                0x200041c4                _ebss = .
                0x200041c4                __bss_end__ = _ebss

._user_heap_stack
                0x200041c4      0x604 load address 0x0800c258
                0x200041c8                . = ALIGN (0x8)
 *fill*         0x200041c4        0x4 
                0x200041c8                PROVIDE (end = .)
                [!provide]                PROVIDE (_end = .)
                0x200043c8                . = (. + _Min_Heap_Size)
 *fill*         0x200041c8      0x200 
                0x200047c8                . = (. + _Min_Stack_Size)
 *fill*         0x200043c8      0x400 
                0x200047c8                . = ALIGN (0x8)

/DISCARD/
 libc.a(*)
 libm.a(*)
 libgcc.a(*)

.ARM.attributes
                0x00000000       0x29
 *(.ARM.attributes)
 .ARM.attributes
                0x00000000       0x1d d:/ac6/systemworkbench/plugins/fr.ac6.mcu.externaltools.arm-none.win32_1.17.0.201812190825/tools/compiler/bin/../lib/gcc/arm-none-eabi/7.3.1/thumb/v7-m/crti.o
 .ARM.attributes
                0x0000001d       0x2d d:/ac6/systemworkbench/plugins/fr.ac6.mcu.externaltools.arm-none.win32_1.17.0.201812190825/tools/compiler/bin/../lib/gcc/arm-none-eabi/7.3.1/thumb/v7-m/crtbegin.o
 .ARM.attributes
                0x0000004a       0x33 Drivers/STM32F1xx_HAL_Driver/Src/stm32f1xx_hal.o
 .ARM.attributes
                0x0000007d       0x33 Drivers/STM32F1xx_HAL_Driver/Src/stm32f1xx_hal_cortex.o
 .ARM.attributes
                0x000000b0       0x33 Drivers/STM32F1xx_HAL_Driver/Src/stm32f1xx_hal_gpio.o
 .ARM.attributes
                0x000000e3       0x33 Drivers/STM32F1xx_HAL_Driver/Src/stm32f1xx_hal_pcd.o
 .ARM.attributes
                0x00000116       0x33 Drivers/STM32F1xx_HAL_Driver/Src/stm32f1xx_hal_pcd_ex.o
 .ARM.attributes
                0x00000149       0x33 Drivers/STM32F1xx_HAL_Driver/Src/stm32f1xx_hal_pwr.o
 .ARM.attributes
                0x0000017c       0x33 Drivers/STM32F1xx_HAL_Driver/Src/stm32f1xx_hal_rcc.o
 .ARM.attributes
                0x000001af       0x33 Drivers/STM32F1xx_HAL_Driver/Src/stm32f1xx_hal_rcc_ex.o
 .ARM.attributes
                0x000001e2       0x33 Drivers/STM32F1xx_HAL_Driver/Src/stm32f1xx_hal_rtc.o
 .ARM.attributes
                0x00000215       0x33 Drivers/STM32F1xx_HAL_Driver/Src/stm32f1xx_hal_tim.o
 .ARM.attributes
                0x00000248       0x33 Drivers/STM32F1xx_HAL_Driver/Src/stm32f1xx_hal_tim_ex.o
 .ARM.attributes
                0x0000027b       0x33 Drivers/STM32F1xx_HAL_Driver/Src/stm32f1xx_ll_usb.o
 .ARM.attributes
                0x000002ae       0x33 Main/demo/demo.o
 .ARM.attributes
                0x000002e1       0x33 Main/font8x8.o
 .ARM.attributes
                0x00000314       0x33 Main/main.o
 .ARM.attributes
                0x00000347       0x33 Main/timing.o
 .ARM.attributes
                0x0000037a       0x33 Main/vga.o
 .ARM.attributes
                0x000003ad       0x33 Main/vgaCore.o
 .ARM.attributes
                0x000003e0       0x33 Main/vgaText.o
 .ARM.attributes
                0x00000413       0x33 Main/game/Platform.o
 .ARM.attributes
                0x00000446       0x33 Main/game/gameFont4x4.o
 .ARM.attributes
                0x00000479       0x33 Main/game/stack.o
 .ARM.attributes
                0x000004ac       0x33 Main/game/xonix.o
 .ARM.attributes
                0x000004df       0x33 Middlewares/ST/STM32_USB_Device_Library/Class/CDC/Src/usbd_cdc.o
 .ARM.attributes
                0x00000512       0x33 Middlewares/ST/STM32_USB_Device_Library/Core/Src/usbd_core.o
 .ARM.attributes
                0x00000545       0x33 Middlewares/ST/STM32_USB_Device_Library/Core/Src/usbd_ctlreq.o
 .ARM.attributes
                0x00000578       0x33 Middlewares/ST/STM32_USB_Device_Library/Core/Src/usbd_ioreq.o
 .ARM.attributes
                0x000005ab       0x33 Src/main.o
 .ARM.attributes
                0x000005de       0x33 Src/stm32f1xx_hal_msp.o
 .ARM.attributes
                0x00000611       0x33 Src/stm32f1xx_it.o
 .ARM.attributes
                0x00000644       0x33 Src/syscalls.o
 .ARM.attributes
                0x00000677       0x33 Src/system_stm32f1xx.o
 .ARM.attributes
                0x000006aa       0x33 Src/usb_device.o
 .ARM.attributes
                0x000006dd       0x33 Src/usbd_cdc_if.o
 .ARM.attributes
                0x00000710       0x33 Src/usbd_conf.o
 .ARM.attributes
                0x00000743       0x33 Src/usbd_desc.o
 .ARM.attributes
                0x00000776       0x21 startup/startup_stm32f103xb.o
 .ARM.attributes
                0x00000797       0x2d d:/ac6/systemworkbench/plugins/fr.ac6.mcu.externaltools.arm-none.win32_1.17.0.201812190825/tools/compiler/bin/../lib/gcc/arm-none-eabi/7.3.1/../../../../arm-none-eabi/lib/thumb/v7-m\libm.a(lib_a-sf_cos.o)
 .ARM.attributes
                0x000007c4       0x2d d:/ac6/systemworkbench/plugins/fr.ac6.mcu.externaltools.arm-none.win32_1.17.0.201812190825/tools/compiler/bin/../lib/gcc/arm-none-eabi/7.3.1/../../../../arm-none-eabi/lib/thumb/v7-m\libm.a(lib_a-sf_sin.o)
 .ARM.attributes
                0x000007f1       0x2d d:/ac6/systemworkbench/plugins/fr.ac6.mcu.externaltools.arm-none.win32_1.17.0.201812190825/tools/compiler/bin/../lib/gcc/arm-none-eabi/7.3.1/../../../../arm-none-eabi/lib/thumb/v7-m\libm.a(lib_a-ef_rem_pio2.o)
 .ARM.attributes
                0x0000081e       0x2d d:/ac6/systemworkbench/plugins/fr.ac6.mcu.externaltools.arm-none.win32_1.17.0.201812190825/tools/compiler/bin/../lib/gcc/arm-none-eabi/7.3.1/../../../../arm-none-eabi/lib/thumb/v7-m\libm.a(lib_a-kf_cos.o)
 .ARM.attributes
                0x0000084b       0x2d d:/ac6/systemworkbench/plugins/fr.ac6.mcu.externaltools.arm-none.win32_1.17.0.201812190825/tools/compiler/bin/../lib/gcc/arm-none-eabi/7.3.1/../../../../arm-none-eabi/lib/thumb/v7-m\libm.a(lib_a-kf_rem_pio2.o)
 .ARM.attributes
                0x00000878       0x2d d:/ac6/systemworkbench/plugins/fr.ac6.mcu.externaltools.arm-none.win32_1.17.0.201812190825/tools/compiler/bin/../lib/gcc/arm-none-eabi/7.3.1/../../../../arm-none-eabi/lib/thumb/v7-m\libm.a(lib_a-kf_sin.o)
 .ARM.attributes
                0x000008a5       0x2d d:/ac6/systemworkbench/plugins/fr.ac6.mcu.externaltools.arm-none.win32_1.17.0.201812190825/tools/compiler/bin/../lib/gcc/arm-none-eabi/7.3.1/../../../../arm-none-eabi/lib/thumb/v7-m\libm.a(lib_a-sf_fabs.o)
 .ARM.attributes
                0x000008d2       0x2d d:/ac6/systemworkbench/plugins/fr.ac6.mcu.externaltools.arm-none.win32_1.17.0.201812190825/tools/compiler/bin/../lib/gcc/arm-none-eabi/7.3.1/../../../../arm-none-eabi/lib/thumb/v7-m\libm.a(lib_a-sf_floor.o)
 .ARM.attributes
                0x000008ff       0x2d d:/ac6/systemworkbench/plugins/fr.ac6.mcu.externaltools.arm-none.win32_1.17.0.201812190825/tools/compiler/bin/../lib/gcc/arm-none-eabi/7.3.1/../../../../arm-none-eabi/lib/thumb/v7-m\libm.a(lib_a-sf_scalbn.o)
 .ARM.attributes
                0x0000092c       0x2d d:/ac6/systemworkbench/plugins/fr.ac6.mcu.externaltools.arm-none.win32_1.17.0.201812190825/tools/compiler/bin/../lib/gcc/arm-none-eabi/7.3.1/../../../../arm-none-eabi/lib/thumb/v7-m\libm.a(lib_a-sf_copysign.o)
 .ARM.attributes
                0x00000959       0x1d d:/ac6/systemworkbench/plugins/fr.ac6.mcu.externaltools.arm-none.win32_1.17.0.201812190825/tools/compiler/bin/../lib/gcc/arm-none-eabi/7.3.1/thumb/v7-m\libgcc.a(_arm_addsubdf3.o)
 .ARM.attributes
                0x00000976       0x1d d:/ac6/systemworkbench/plugins/fr.ac6.mcu.externaltools.arm-none.win32_1.17.0.201812190825/tools/compiler/bin/../lib/gcc/arm-none-eabi/7.3.1/thumb/v7-m\libgcc.a(_arm_muldivdf3.o)
 .ARM.attributes
                0x00000993       0x1d d:/ac6/systemworkbench/plugins/fr.ac6.mcu.externaltools.arm-none.win32_1.17.0.201812190825/tools/compiler/bin/../lib/gcc/arm-none-eabi/7.3.1/thumb/v7-m\libgcc.a(_arm_fixdfsi.o)
 .ARM.attributes
                0x000009b0       0x1d d:/ac6/systemworkbench/plugins/fr.ac6.mcu.externaltools.arm-none.win32_1.17.0.201812190825/tools/compiler/bin/../lib/gcc/arm-none-eabi/7.3.1/thumb/v7-m\libgcc.a(_arm_fixunsdfsi.o)
 .ARM.attributes
                0x000009cd       0x1d d:/ac6/systemworkbench/plugins/fr.ac6.mcu.externaltools.arm-none.win32_1.17.0.201812190825/tools/compiler/bin/../lib/gcc/arm-none-eabi/7.3.1/thumb/v7-m\libgcc.a(_arm_addsubsf3.o)
 .ARM.attributes
                0x000009ea       0x1d d:/ac6/systemworkbench/plugins/fr.ac6.mcu.externaltools.arm-none.win32_1.17.0.201812190825/tools/compiler/bin/../lib/gcc/arm-none-eabi/7.3.1/thumb/v7-m\libgcc.a(_arm_muldivsf3.o)
 .ARM.attributes
                0x00000a07       0x1d d:/ac6/systemworkbench/plugins/fr.ac6.mcu.externaltools.arm-none.win32_1.17.0.201812190825/tools/compiler/bin/../lib/gcc/arm-none-eabi/7.3.1/thumb/v7-m\libgcc.a(_arm_cmpsf2.o)
 .ARM.attributes
                0x00000a24       0x1d d:/ac6/systemworkbench/plugins/fr.ac6.mcu.externaltools.arm-none.win32_1.17.0.201812190825/tools/compiler/bin/../lib/gcc/arm-none-eabi/7.3.1/thumb/v7-m\libgcc.a(_arm_fixsfsi.o)
 .ARM.attributes
                0x00000a41       0x1d d:/ac6/systemworkbench/plugins/fr.ac6.mcu.externaltools.arm-none.win32_1.17.0.201812190825/tools/compiler/bin/../lib/gcc/arm-none-eabi/7.3.1/thumb/v7-m\libgcc.a(_arm_fixunssfsi.o)
 .ARM.attributes
                0x00000a5e       0x2d d:/ac6/systemworkbench/plugins/fr.ac6.mcu.externaltools.arm-none.win32_1.17.0.201812190825/tools/compiler/bin/../lib/gcc/arm-none-eabi/7.3.1/../../../../arm-none-eabi/lib/thumb/v7-m\libc_nano.a(lib_a-errno.o)
 .ARM.attributes
                0x00000a8b       0x2d d:/ac6/systemworkbench/plugins/fr.ac6.mcu.externaltools.arm-none.win32_1.17.0.201812190825/tools/compiler/bin/../lib/gcc/arm-none-eabi/7.3.1/../../../../arm-none-eabi/lib/thumb/v7-m\libc_nano.a(lib_a-impure.o)
 .ARM.attributes
                0x00000ab8       0x2d d:/ac6/systemworkbench/plugins/fr.ac6.mcu.externaltools.arm-none.win32_1.17.0.201812190825/tools/compiler/bin/../lib/gcc/arm-none-eabi/7.3.1/../../../../arm-none-eabi/lib/thumb/v7-m\libc_nano.a(lib_a-init.o)
 .ARM.attributes
                0x00000ae5       0x2d d:/ac6/systemworkbench/plugins/fr.ac6.mcu.externaltools.arm-none.win32_1.17.0.201812190825/tools/compiler/bin/../lib/gcc/arm-none-eabi/7.3.1/../../../../arm-none-eabi/lib/thumb/v7-m\libc_nano.a(lib_a-malloc.o)
 .ARM.attributes
                0x00000b12       0x2d d:/ac6/systemworkbench/plugins/fr.ac6.mcu.externaltools.arm-none.win32_1.17.0.201812190825/tools/compiler/bin/../lib/gcc/arm-none-eabi/7.3.1/../../../../arm-none-eabi/lib/thumb/v7-m\libc_nano.a(lib_a-memcpy-stub.o)
 .ARM.attributes
                0x00000b3f       0x2d d:/ac6/systemworkbench/plugins/fr.ac6.mcu.externaltools.arm-none.win32_1.17.0.201812190825/tools/compiler/bin/../lib/gcc/arm-none-eabi/7.3.1/../../../../arm-none-eabi/lib/thumb/v7-m\libc_nano.a(lib_a-memset.o)
 .ARM.attributes
                0x00000b6c       0x2d d:/ac6/systemworkbench/plugins/fr.ac6.mcu.externaltools.arm-none.win32_1.17.0.201812190825/tools/compiler/bin/../lib/gcc/arm-none-eabi/7.3.1/../../../../arm-none-eabi/lib/thumb/v7-m\libc_nano.a(lib_a-nano-freer.o)
 .ARM.attributes
                0x00000b99       0x2d d:/ac6/systemworkbench/plugins/fr.ac6.mcu.externaltools.arm-none.win32_1.17.0.201812190825/tools/compiler/bin/../lib/gcc/arm-none-eabi/7.3.1/../../../../arm-none-eabi/lib/thumb/v7-m\libc_nano.a(lib_a-nano-mallocr.o)
 .ARM.attributes
                0x00000bc6       0x2d d:/ac6/systemworkbench/plugins/fr.ac6.mcu.externaltools.arm-none.win32_1.17.0.201812190825/tools/compiler/bin/../lib/gcc/arm-none-eabi/7.3.1/../../../../arm-none-eabi/lib/thumb/v7-m\libc_nano.a(lib_a-rand.o)
 .ARM.attributes
                0x00000bf3       0x2d d:/ac6/systemworkbench/plugins/fr.ac6.mcu.externaltools.arm-none.win32_1.17.0.201812190825/tools/compiler/bin/../lib/gcc/arm-none-eabi/7.3.1/../../../../arm-none-eabi/lib/thumb/v7-m\libc_nano.a(lib_a-realloc.o)
 .ARM.attributes
                0x00000c20       0x2d d:/ac6/systemworkbench/plugins/fr.ac6.mcu.externaltools.arm-none.win32_1.17.0.201812190825/tools/compiler/bin/../lib/gcc/arm-none-eabi/7.3.1/../../../../arm-none-eabi/lib/thumb/v7-m\libc_nano.a(lib_a-sbrkr.o)
 .ARM.attributes
                0x00000c4d       0x2d d:/ac6/systemworkbench/plugins/fr.ac6.mcu.externaltools.arm-none.win32_1.17.0.201812190825/tools/compiler/bin/../lib/gcc/arm-none-eabi/7.3.1/../../../../arm-none-eabi/lib/thumb/v7-m\libc_nano.a(lib_a-sprintf.o)
 .ARM.attributes
                0x00000c7a       0x2d d:/ac6/systemworkbench/plugins/fr.ac6.mcu.externaltools.arm-none.win32_1.17.0.201812190825/tools/compiler/bin/../lib/gcc/arm-none-eabi/7.3.1/../../../../arm-none-eabi/lib/thumb/v7-m\libc_nano.a(lib_a-mlock.o)
 .ARM.attributes
                0x00000ca7       0x2d d:/ac6/systemworkbench/plugins/fr.ac6.mcu.externaltools.arm-none.win32_1.17.0.201812190825/tools/compiler/bin/../lib/gcc/arm-none-eabi/7.3.1/../../../../arm-none-eabi/lib/thumb/v7-m\libc_nano.a(lib_a-nano-reallocr.o)
 .ARM.attributes
                0x00000cd4       0x2d d:/ac6/systemworkbench/plugins/fr.ac6.mcu.externaltools.arm-none.win32_1.17.0.201812190825/tools/compiler/bin/../lib/gcc/arm-none-eabi/7.3.1/../../../../arm-none-eabi/lib/thumb/v7-m\libc_nano.a(lib_a-nano-svfprintf.o)
 .ARM.attributes
                0x00000d01       0x2d d:/ac6/systemworkbench/plugins/fr.ac6.mcu.externaltools.arm-none.win32_1.17.0.201812190825/tools/compiler/bin/../lib/gcc/arm-none-eabi/7.3.1/../../../../arm-none-eabi/lib/thumb/v7-m\libc_nano.a(lib_a-nano-vfprintf_i.o)
 .ARM.attributes
                0x00000d2e       0x2d d:/ac6/systemworkbench/plugins/fr.ac6.mcu.externaltools.arm-none.win32_1.17.0.201812190825/tools/compiler/bin/../lib/gcc/arm-none-eabi/7.3.1/../../../../arm-none-eabi/lib/thumb/v7-m\libc_nano.a(lib_a-reent.o)
 .ARM.attributes
                0x00000d5b       0x2d d:/ac6/systemworkbench/plugins/fr.ac6.mcu.externaltools.arm-none.win32_1.17.0.201812190825/tools/compiler/bin/../lib/gcc/arm-none-eabi/7.3.1/../../../../arm-none-eabi/lib/thumb/v7-m\libc_nano.a(lib_a-memchr-stub.o)
 .ARM.attributes