Archive member included to satisfy reference by file (symbol)

d:/ac6/systemworkbench/plugins/fr.ac6.mcu.externaltools.arm-none.win32_1.17.0.201812190825/tools/compiler/bin/../lib/gcc/arm-none-eabi/7.3.1/../../../../arm-none-eabi/lib/thumb/v7-m\libm.a(lib_a-sf_cos.o)
                              Main/demo/demo.o (cosf)
d:/ac6/systemworkbench/plugins/fr.ac6.mcu.externaltools.arm-none.win32_1.17.0.201812190825/tools/compiler/bin/../lib/gcc/arm-none-eabi/7.3.1/../../../../arm-none-eabi/lib/thumb/v7-m\libm.a(lib_a-sf_sin.o)
                              Main/demo/demo.o (sinf)
d:/ac6/systemworkbench/plugins/fr.ac6.mcu.externaltools.arm-none.win32_1.17.0.201812190825/tools/compiler/bin/../lib/gcc/arm-none-eabi/7.3.1/../../../../arm-none-eabi/lib/thumb/v7-m\libm.a(lib_a-ef_rem_pio2.o)
                              d:/ac6/systemworkbench/plugins/fr.ac6.mcu.externaltools.arm-none.win32_1.17.0.201812190825/tools/compiler/bin/../lib/gcc/arm-none-eabi/7.3.1/../../../../arm-none-eabi/lib/thumb/v7-m\libm.a(lib_a-sf_cos.o) (__ieee754_rem_pio2f)
d:/ac6/systemworkbench/plugins/fr.ac6.mcu.externaltools.arm-none.win32_1.17.0.201812190825/tools/compiler/bin/../lib/gcc/arm-none-eabi/7.3.1/../../../../arm-none-eabi/lib/thumb/v7-m\libm.a(lib_a-kf_cos.o)
                              d:/ac6/systemworkbench/plugins/fr.ac6.mcu.externaltools.arm-none.win32_1.17.0.201812190825/tools/compiler/bin/../lib/gcc/arm-none-eabi/7.3.1/../../../../arm-none-eabi/lib/thumb/v7-m\libm.a(lib_a-sf_cos.o) (__kernel_cosf)
d:/ac6/systemworkbench/plugins/fr.ac6.mcu.externaltools.arm-none.win32_1.17.0.201812190825/tools/compiler/bin/../lib/gcc/arm-none-eabi/7.3.1/../../../../arm-none-eabi/lib/thumb/v7-m\libm.a(lib_a-kf_rem_pio2.o)
                              d:/ac6/systemworkbench/plugins/fr.ac6.mcu.externaltools.arm-none.win32_1.17.0.201812190825/tools/compiler/bin/../lib/gcc/arm-none-eabi/7.3.1/../../../../arm-none-eabi/lib/thumb/v7-m\libm.a(lib_a-ef_rem_pio2.o) (__kernel_rem_pio2f)
d:/ac6/systemworkbench/plugins/fr.ac6.mcu.externaltools.arm-none.win32_1.17.0.201812190825/tools/compiler/bin/../lib/gcc/arm-none-eabi/7.3.1/../../../../arm-none-eabi/lib/thumb/v7-m\libm.a(lib_a-kf_sin.o)
                              d:/ac6/systemworkbench/plugins/fr.ac6.mcu.externaltools.arm-none.win32_1.17.0.201812190825/tools/compiler/bin/../lib/gcc/arm-none-eabi/7.3.1/../../../../arm-none-eabi/lib/thumb/v7-m\libm.a(lib_a-sf_cos.o) (__kernel_sinf)
d:/ac6/systemworkbench/plugins/fr.ac6.mcu.externaltools.arm-none.win32_1.17.0.201812190825/tools/compiler/bin/../lib/gcc/arm-none-eabi/7.3.1/../../../../arm-none-eabi/lib/thumb/v7-m\libm.a(lib_a-sf_fabs.o)
                              d:/ac6/systemworkbench/plugins/fr.ac6.mcu.externaltools.arm-none.win32_1.17.0.201812190825/tools/compiler/bin/../lib/gcc/arm-none-eabi/7.3.1/../../../../arm-none-eabi/lib/thumb/v7-m\libm.a(lib_a-ef_rem_pio2.o) (fabsf)
d:/ac6/systemworkbench/plugins/fr.ac6.mcu.externaltools.arm-none.win32_1.17.0.201812190825/tools/compiler/bin/../lib/gcc/arm-none-eabi/7.3.1/../../../../arm-none-eabi/lib/thumb/v7-m\libm.a(lib_a-sf_floor.o)
                              d:/ac6/systemworkbench/plugins/fr.ac6.mcu.externaltools.arm-none.win32_1.17.0.201812190825/tools/compiler/bin/../lib/gcc/arm-none-eabi/7.3.1/../../../../arm-none-eabi/lib/thumb/v7-m\libm.a(lib_a-kf_rem_pio2.o) (floorf)
d:/ac6/systemworkbench/plugins/fr.ac6.mcu.externaltools.arm-none.win32_1.17.0.201812190825/tools/compiler/bin/../lib/gcc/arm-none-eabi/7.3.1/../../../../arm-none-eabi/lib/thumb/v7-m\libm.a(lib_a-sf_scalbn.o)
                              d:/ac6/systemworkbench/plugins/fr.ac6.mcu.externaltools.arm-none.win32_1.17.0.201812190825/tools/compiler/bin/../lib/gcc/arm-none-eabi/7.3.1/../../../../arm-none-eabi/lib/thumb/v7-m\libm.a(lib_a-kf_rem_pio2.o) (scalbnf)
d:/ac6/systemworkbench/plugins/fr.ac6.mcu.externaltools.arm-none.win32_1.17.0.201812190825/tools/compiler/bin/../lib/gcc/arm-none-eabi/7.3.1/../../../../arm-none-eabi/lib/thumb/v7-m\libm.a(lib_a-sf_copysign.o)
                              d:/ac6/systemworkbench/plugins/fr.ac6.mcu.externaltools.arm-none.win32_1.17.0.201812190825/tools/compiler/bin/../lib/gcc/arm-none-eabi/7.3.1/../../../../arm-none-eabi/lib/thumb/v7-m\libm.a(lib_a-sf_scalbn.o) (copysignf)
d:/ac6/systemworkbench/plugins/fr.ac6.mcu.externaltools.arm-none.win32_1.17.0.201812190825/tools/compiler/bin/../lib/gcc/arm-none-eabi/7.3.1/thumb/v7-m\libgcc.a(_arm_addsubdf3.o)
                              Main/vgaCore.o (__aeabi_dsub)
d:/ac6/systemworkbench/plugins/fr.ac6.mcu.externaltools.arm-none.win32_1.17.0.201812190825/tools/compiler/bin/../lib/gcc/arm-none-eabi/7.3.1/thumb/v7-m\libgcc.a(_arm_muldivdf3.o)
                              Main/vgaCore.o (__aeabi_dmul)
d:/ac6/systemworkbench/plugins/fr.ac6.mcu.externaltools.arm-none.win32_1.17.0.201812190825/tools/compiler/bin/../lib/gcc/arm-none-eabi/7.3.1/thumb/v7-m\libgcc.a(_arm_fixdfsi.o)
                              Main/vgaCore.o (__aeabi_d2iz)
[...]
Memory Configuration

Name             Origin             Length             Attributes
RAM              0x20000000         0x00005000         xrw
FLASH            0x08000000         0x00010000         xr
*default*        0x00000000         0xffffffff

Linker script and memory map

LOAD d:/ac6/systemworkbench/plugins/fr.ac6.mcu.externaltools.arm-none.win32_1.17.0.201812190825/tools/compiler/bin/../lib/gcc/arm-none-eabi/7.3.1/thumb/v7-m/crti.o
LOAD d:/ac6/systemworkbench/plugins/fr.ac6.mcu.externaltools.arm-none.win32_1.17.0.201812190825/tools/compiler/bin/../lib/gcc/arm-none-eabi/7.3.1/thumb/v7-m/crtbegin.o
LOAD d:/ac6/systemworkbench/plugins/fr.ac6.mcu.externaltools.arm-none.win32_1.17.0.201812190825/tools/compiler/bin/../lib/gcc/arm-none-eabi/7.3.1/../../../../arm-none-eabi/lib/thumb/v7-m/crt0.o
LOAD Drivers/STM32F1xx_HAL_Driver/Src/stm32f1xx_hal.o
LOAD Drivers/STM32F1xx_HAL_Driver/Src/stm32f1xx_hal_cortex.o
LOAD Drivers/STM32F1xx_HAL_Driver/Src/stm32f1xx_hal_dma.o
LOAD Drivers/STM32F1xx_HAL_Driver/Src/stm32f1xx_hal_flash.o
LOAD Drivers/STM32F1xx_HAL_Driver/Src/stm32f1xx_hal_flash_ex.o
LOAD Drivers/STM32F1xx_HAL_Driver/Src/stm32f1xx_hal_gpio.o
LOAD Drivers/STM32F1xx_HAL_Driver/Src/stm32f1xx_hal_gpio_ex.o
LOAD Drivers/STM32F1xx_HAL_Driver/Src/stm32f1xx_hal_pcd.o
LOAD Drivers/STM32F1xx_HAL_Driver/Src/stm32f1xx_hal_pcd_ex.o
LOAD Drivers/STM32F1xx_HAL_Driver/Src/stm32f1xx_hal_pwr.o
LOAD Drivers/STM32F1xx_HAL_Driver/Src/stm32f1xx_hal_rcc.o
LOAD Drivers/STM32F1xx_HAL_Driver/Src/stm32f1xx_hal_rcc_ex.o
LOAD Drivers/STM32F1xx_HAL_Driver/Src/stm32f1xx_hal_rtc.o
LOAD Drivers/STM32F1xx_HAL_Driver/Src/stm32f1xx_hal_rtc_ex.o
LOAD Drivers/STM32F1xx_HAL_Driver/Src/stm32f1xx_hal_tim.o
LOAD Drivers/STM32F1xx_HAL_Driver/Src/stm32f1xx_hal_tim_ex.o
LOAD Drivers/STM32F1xx_HAL_Driver/Src/stm32f1xx_ll_usb.o
LOAD Main/demo/demo.o
LOAD Main/font8x8.o
LOAD Main/main.o
LOAD Main/timing.o
LOAD Main/vga.o
LOAD Main/vgaCore.o
LOAD Main/vgaDraw.o
LOAD Main/vgaText.o
LOAD Main/game/Platform.o
LOAD Main/game/gameFont4x4.o
LOAD Main/game/stack.o
LOAD Main/game/xonix.o
LOAD Middlewares/ST/STM32_USB_Device_Library/Class/CDC/Src/usbd_cdc.o
LOAD Middlewares/ST/STM32_USB_Device_Library/Core/Src/usbd_core.o
LOAD Middlewares/ST/STM32_USB_Device_Library/Core/Src/usbd_ctlreq.o
LOAD Middlewares/ST/STM32_USB_Device_Library/Core/Src/usbd_ioreq.o
LOAD Src/main.o
LOAD Src/stm32f1xx_hal_msp.o
LOAD Src/stm32f1xx_it.o
LOAD Src/syscalls.o
LOAD Src/system_stm32f1xx.o
LOAD Src/usb_device.o
LOAD Src/usbd_cdc_if.o
LOAD Src/usbd_conf.o
LOAD Src/usbd_desc.o
LOAD startup/startup_stm32f103xb.o
LOAD d:/ac6/systemworkbench/plugins/fr.ac6.mcu.externaltools.arm-none.win32_1.17.0.201812190825/tools/compiler/bin/../lib/gcc/arm-none-eabi/7.3.1/../../../../arm-none-eabi/lib/thumb/v7-m\libstdc++_nano.a
LOAD d:/ac6/systemworkbench/plugins/fr.ac6.mcu.externaltools.arm-none.win32_1.17.0.201812190825/tools/compiler/bin/../lib/gcc/arm-none-eabi/7.3.1/../../../../arm-none-eabi/lib/thumb/v7-m\libm.a
START GROUP
LOAD d:/ac6/systemworkbench/plugins/fr.ac6.mcu.externaltools.arm-none.win32_1.17.0.201812190825/tools/compiler/bin/../lib/gcc/arm-none-eabi/7.3.1/thumb/v7-m\libgcc.a
LOAD d:/ac6/systemworkbench/plugins/fr.ac6.mcu.externaltools.arm-none.win32_1.17.0.201812190825/tools/compiler/bin/../lib/gcc/arm-none-eabi/7.3.1/../../../../arm-none-eabi/lib/thumb/v7-m\libc_nano.a
END GROUP
START GROUP
LOAD d:/ac6/systemworkbench/plugins/fr.ac6.mcu.externaltools.arm-none.win32_1.17.0.201812190825/tools/compiler/bin/../lib/gcc/arm-none-eabi/7.3.1/thumb/v7-m\libgcc.a
LOAD d:/ac6/systemworkbench/plugins/fr.ac6.mcu.externaltools.arm-none.win32_1.17.0.201812190825/tools/compiler/bin/../lib/gcc/arm-none-eabi/7.3.1/../../../../arm-none-eabi/lib/thumb/v7-m\libc_nano.a
LOAD d:/ac6/systemworkbench/plugins/fr.ac6.mcu.externaltools.arm-none.win32_1.17.0.201812190825/tools/compiler/bin/../lib/gcc/arm-none-eabi/7.3.1/../../../../arm-none-eabi/lib/thumb/v7-m\libnosys.a
END GROUP
START GROUP
LOAD d:/ac6/systemworkbench/plugins/fr.ac6.mcu.externaltools.arm-none.win32_1.17.0.201812190825/tools/compiler/bin/../lib/gcc/arm-none-eabi/7.3.1/thumb/v7-m\libgcc.a
LOAD d:/ac6/systemworkbench/plugins/fr.ac6.mcu.externaltools.arm-none.win32_1.17.0.201812190825/tools/compiler/bin/../lib/gcc/arm-none-eabi/7.3.1/../../../../arm-none-eabi/lib/thumb/v7-m\libc_nano.a
LOAD d:/ac6/systemworkbench/plugins/fr.ac6.mcu.externaltools.arm-none.win32_1.17.0.201812190825/tools/compiler/bin/../lib/gcc/arm-none-eabi/7.3.1/../../../../arm-none-eabi/lib/thumb/v7-m\libnosys.a
END GROUP
LOAD d:/ac6/systemworkbench/plugins/fr.ac6.mcu.externaltools.arm-none.win32_1.17.0.201812190825/tools/compiler/bin/../lib/gcc/arm-none-eabi/7.3.1/thumb/v7-m/crtend.o
LOAD d:/ac6/systemworkbench/plugins/fr.ac6.mcu.externaltools.arm-none.win32_1.17.0.201812190825/tools/compiler/bin/../lib/gcc/arm-none-eabi/7.3.1/thumb/v7-m/crtn.o
                0x20005000                _estack = 0x20005000
                0x00000400                _Min_Heap_Size = 0x400
                0x00000400                _Min_Stack_Size = 0x400

.isr_vector     0x08000000      0x10c
                0x08000000                . = ALIGN (0x4)
 *(.isr_vector)
 .isr_vector    0x08000000      0x10c startup/startup_stm32f103xb.o
                0x08000000                g_pfnVectors
                0x0800010c                . = ALIGN (0x4)

.text           0x08000110     0x9394
                0x08000110                . = ALIGN (0x4)
 *(.text)
 .text          0x08000110       0x40 d:/ac6/systemworkbench/plugins/fr.ac6.mcu.externaltools.arm-none.win32_1.17.0.201812190825/tools/compiler/bin/../lib/gcc/arm-none-eabi/7.3.1/thumb/v7-m/crtbegin.o
 .text          0x08000150      0x378 d:/ac6/systemworkbench/plugins/fr.ac6.mcu.externaltools.arm-none.win32_1.17.0.201812190825/tools/compiler/bin/../lib/gcc/arm-none-eabi/7.3.1/thumb/v7-m\libgcc.a(_arm_addsubdf3.o)
                0x08000150                __aeabi_drsub
                0x08000158                __aeabi_dsub
                0x08000158                __subdf3
                0x0800015c                __aeabi_dadd
                0x0800015c                __adddf3
                0x080003d4                __floatunsidf
                0x080003d4                __aeabi_ui2d
                0x080003f4                __floatsidf
                0x080003f4                __aeabi_i2d
                0x08000418                __aeabi_f2d
                0x08000418                __extendsfdf2
                0x0800045c                __floatundidf
                0x0800045c                __aeabi_ul2d
                0x0800046c                __floatdidf
                0x0800046c                __aeabi_l2d
 .text          0x080004c8      0x424 d:/ac6/systemworkbench/plugins/fr.ac6.mcu.externaltools.arm-none.win32_1.17.0.201812190825/tools/compiler/bin/../lib/gcc/arm-none-eabi/7.3.1/thumb/v7-m\libgcc.a(_arm_muldivdf3.o)
                0x080004c8                __aeabi_dmul
                0x080004c8                __muldf3
                0x0800071c                __divdf3
                0x0800071c                __aeabi_ddiv
 .text          0x080008ec       0x50 d:/ac6/systemworkbench/plugins/fr.ac6.mcu.externaltools.arm-none.win32_1.17.0.201812190825/tools/compiler/bin/../lib/gcc/arm-none-eabi/7.3.1/thumb/v7-m\libgcc.a(_arm_fixdfsi.o)
                0x080008ec                __aeabi_d2iz
                0x080008ec                __fixdfsi
 .text          0x0800093c       0x40 d:/ac6/systemworkbench/plugins/fr.ac6.mcu.externaltools.arm-none.win32_1.17.0.201812190825/tools/compiler/bin/../lib/gcc/arm-none-eabi/7.3.1/thumb/v7-m\libgcc.a(_arm_fixunsdfsi.o)
                0x0800093c                __aeabi_d2uiz
                0x0800093c                __fixunsdfsi
 .text          0x0800097c      0x21c d:/ac6/systemworkbench/plugins/fr.ac6.mcu.externaltools.arm-none.win32_1.17.0.201812190825/tools/compiler/bin/../lib/gcc/arm-none-eabi/7.3.1/thumb/v7-m\libgcc.a(_arm_addsubsf3.o)
                0x0800097c                __aeabi_frsub
                0x08000984                __subsf3
                0x08000984                __aeabi_fsub
                0x08000988                __aeabi_fadd
                0x08000988                __addsf3
                0x08000ae8                __aeabi_ui2f
                0x08000ae8                __floatunsisf
                0x08000af0                __aeabi_i2f
                0x08000af0                __floatsisf
                0x08000b0c                __aeabi_ul2f
                0x08000b0c                __floatundisf
                0x08000b1c                __aeabi_l2f
                0x08000b1c                __floatdisf
 .text          0x08000b98      0x2a0 d:/ac6/systemworkbench/plugins/fr.ac6.mcu.externaltools.arm-none.win32_1.17.0.201812190825/tools/compiler/bin/../lib/gcc/arm-none-eabi/7.3.1/thumb/v7-m\libgcc.a(_arm_muldivsf3.o)
                0x08000b98                __mulsf3
                0x08000b98                __aeabi_fmul
                0x08000d00                __aeabi_fdiv
                0x08000d00                __divsf3
 .text          0x08000e38       0xec d:/ac6/systemworkbench/plugins/fr.ac6.mcu.externaltools.arm-none.win32_1.17.0.201812190825/tools/compiler/bin/../lib/gcc/arm-none-eabi/7.3.1/thumb/v7-m\libgcc.a(_arm_cmpsf2.o)
                0x08000e38                __gesf2
                0x08000e38                __gtsf2
                0x08000e40                __lesf2
                0x08000e40                __ltsf2
                0x08000e48                __nesf2
                0x08000e48                __eqsf2
                0x08000e48                __cmpsf2
                0x08000ea8                __aeabi_cfrcmple
                0x08000eb0                __aeabi_cfcmpeq
                0x08000eb0                __aeabi_cfcmple
                0x08000ec0                __aeabi_fcmpeq
                0x08000ed4                __aeabi_fcmplt
                0x08000ee8                __aeabi_fcmple
                0x08000efc                __aeabi_fcmpge
                0x08000f10                __aeabi_fcmpgt
 .text          0x08000f24       0x4c d:/ac6/systemworkbench/plugins/fr.ac6.mcu.externaltools.arm-none.win32_1.17.0.201812190825/tools/compiler/bin/../lib/gcc/arm-none-eabi/7.3.1/thumb/v7-m\libgcc.a(_arm_fixsfsi.o)
                0x08000f24                __aeabi_f2iz
                0x08000f24                __fixsfsi
 .text          0x08000f70       0x40 d:/ac6/systemworkbench/plugins/fr.ac6.mcu.externaltools.arm-none.win32_1.17.0.201812190825/tools/compiler/bin/../lib/gcc/arm-none-eabi/7.3.1/thumb/v7-m\libgcc.a(_arm_fixunssfsi.o)
                0x08000f70                __fixunssfsi
                0x08000f70                __aeabi_f2uiz
 *(.text*)
 .text.HAL_InitTick
                0x08000fb0       0x44 Drivers/STM32F1xx_HAL_Driver/Src/stm32f1xx_hal.o
                0x08000fb0                HAL_InitTick
 .text.HAL_Init
                0x08000ff4       0x24 Drivers/STM32F1xx_HAL_Driver/Src/stm32f1xx_hal.o
                0x08000ff4                HAL_Init
 .text.HAL_IncTick
                0x08001018       0x18 Drivers/STM32F1xx_HAL_Driver/Src/stm32f1xx_hal.o
                0x08001018                HAL_IncTick
 .text.HAL_GetTick
                0x08001030        0xc Drivers/STM32F1xx_HAL_Driver/Src/stm32f1xx_hal.o
                0x08001030                HAL_GetTick
 .text.HAL_SuspendTick
                0x0800103c       0x10 Drivers/STM32F1xx_HAL_Driver/Src/stm32f1xx_hal.o
                0x0800103c                HAL_SuspendTick
 .text.HAL_NVIC_SetPriorityGrouping
                0x0800104c       0x24 Drivers/STM32F1xx_HAL_Driver/Src/stm32f1xx_hal_cortex.o
                0x0800104c                HAL_NVIC_SetPriorityGrouping
 .text.HAL_NVIC_SetPriority
                0x08001070       0x6c Drivers/STM32F1xx_HAL_Driver/Src/stm32f1xx_hal_cortex.o
                0x08001070                HAL_NVIC_SetPriority
 .text.HAL_NVIC_EnableIRQ
                0x080010dc       0x18 Drivers/STM32F1xx_HAL_Driver/Src/stm32f1xx_hal_cortex.o
                0x080010dc                HAL_NVIC_EnableIRQ
 .text.HAL_SYSTICK_Config
                0x080010f4       0x30 Drivers/STM32F1xx_HAL_Driver/Src/stm32f1xx_hal_cortex.o
                0x080010f4                HAL_SYSTICK_Config
 .text.HAL_GPIO_Init
                0x08001124      0x1e0 Drivers/STM32F1xx_HAL_Driver/Src/stm32f1xx_hal_gpio.o
                0x08001124                HAL_GPIO_Init
 .text.HAL_PCD_Init
                0x08001304       0xd8 Drivers/STM32F1xx_HAL_Driver/Src/stm32f1xx_hal_pcd.o
                0x08001304                HAL_PCD_Init
 .text.HAL_PCD_Start
                0x080013dc       0x30 Drivers/STM32F1xx_HAL_Driver/Src/stm32f1xx_hal_pcd.o
                0x080013dc                HAL_PCD_Start
 .text.HAL_PCD_SetAddress
                0x0800140c       0x28 Drivers/STM32F1xx_HAL_Driver/Src/stm32f1xx_hal_pcd.o
                0x0800140c                HAL_PCD_SetAddress
 .text.HAL_PCD_EP_Open
                0x08001434       0x48 Drivers/STM32F1xx_HAL_Driver/Src/stm32f1xx_hal_pcd.o
                0x08001434                HAL_PCD_EP_Open
 .text.HAL_PCD_EP_Close
                0x0800147c       0x44 Drivers/STM32F1xx_HAL_Driver/Src/stm32f1xx_hal_pcd.o
                0x0800147c                HAL_PCD_EP_Close
 .text.HAL_PCD_EP_Receive
                0x080014c0       0x30 Drivers/STM32F1xx_HAL_Driver/Src/stm32f1xx_hal_pcd.o
                0x080014c0                HAL_PCD_EP_Receive
 .text.HAL_PCD_EP_GetRxCount
                0x080014f0       0x10 Drivers/STM32F1xx_HAL_Driver/Src/stm32f1xx_hal_pcd.o
                0x080014f0                HAL_PCD_EP_GetRxCount
 .text.HAL_PCD_EP_Transmit
                0x08001500       0x2c Drivers/STM32F1xx_HAL_Driver/Src/stm32f1xx_hal_pcd.o
                0x08001500                HAL_PCD_EP_Transmit
 .text.HAL_PCD_IRQHandler
                0x0800152c      0x544 Drivers/STM32F1xx_HAL_Driver/Src/stm32f1xx_hal_pcd.o
                0x0800152c                HAL_PCD_IRQHandler
 .text.HAL_PCD_EP_SetStall
                0x08001a70       0x58 Drivers/STM32F1xx_HAL_Driver/Src/stm32f1xx_hal_pcd.o
                0x08001a70                HAL_PCD_EP_SetStall
 .text.HAL_PCD_EP_ClrStall
                0x08001ac8       0x48 Drivers/STM32F1xx_HAL_Driver/Src/stm32f1xx_hal_pcd.o
                0x08001ac8                HAL_PCD_EP_ClrStall
 .text.HAL_PCDEx_PMAConfig
                0x08001b10       0x38 Drivers/STM32F1xx_HAL_Driver/Src/stm32f1xx_hal_pcd_ex.o
                0x08001b10                HAL_PCDEx_PMAConfig
 .text.HAL_PWR_EnableBkUpAccess
                0x08001b48        0xc Drivers/STM32F1xx_HAL_Driver/Src/stm32f1xx_hal_pwr.o
                0x08001b48                HAL_PWR_EnableBkUpAccess
 .text.HAL_RCC_OscConfig
                0x08001b54      0x3d0 Drivers/STM32F1xx_HAL_Driver/Src/stm32f1xx_hal_rcc.o
                0x08001b54                HAL_RCC_OscConfig
 .text.HAL_RCC_GetSysClockFreq
                0x08001f24       0x6c Drivers/STM32F1xx_HAL_Driver/Src/stm32f1xx_hal_rcc.o
                0x08001f24                HAL_RCC_GetSysClockFreq
 .text.HAL_RCC_ClockConfig
                0x08001f90      0x164 Drivers/STM32F1xx_HAL_Driver/Src/stm32f1xx_hal_rcc.o
                0x08001f90                HAL_RCC_ClockConfig
 .text.HAL_RCC_GetHCLKFreq
                0x080020f4        0xc Drivers/STM32F1xx_HAL_Driver/Src/stm32f1xx_hal_rcc.o
                0x080020f4                HAL_RCC_GetHCLKFreq
 .text.HAL_RCC_GetPCLK2Freq
                0x08002100       0x20 Drivers/STM32F1xx_HAL_Driver/Src/stm32f1xx_hal_rcc.o
                0x08002100                HAL_RCC_GetPCLK2Freq
 .text.HAL_RCCEx_PeriphCLKConfig
                0x08002120      0x104 Drivers/STM32F1xx_HAL_Driver/Src/stm32f1xx_hal_rcc_ex.o
                0x08002120                HAL_RCCEx_PeriphCLKConfig
 .text.HAL_RCCEx_GetPeriphCLKFreq
                0x08002224       0xf0 Drivers/STM32F1xx_HAL_Driver/Src/stm32f1xx_hal_rcc_ex.o
                0x08002224                HAL_RCCEx_GetPeriphCLKFreq
 .text.RTC_EnterInitMode
                0x08002314       0x30 Drivers/STM32F1xx_HAL_Driver/Src/stm32f1xx_hal_rtc.o
 .text.RTC_ExitInitMode
                0x08002344       0x34 Drivers/STM32F1xx_HAL_Driver/Src/stm32f1xx_hal_rtc.o
 .text.HAL_RTC_WaitForSynchro.part.3
                0x08002378       0x34 Drivers/STM32F1xx_HAL_Driver/Src/stm32f1xx_hal_rtc.o
 .text.HAL_RTC_Init
                0x080023ac       0xb8 Drivers/STM32F1xx_HAL_Driver/Src/stm32f1xx_hal_rtc.o
                0x080023ac                HAL_RTC_Init
 .text.TIM_OC1_SetConfig
                0x08002464       0x54 Drivers/STM32F1xx_HAL_Driver/Src/stm32f1xx_hal_tim.o
 .text.TIM_OC3_SetConfig
                0x080024b8       0x5c Drivers/STM32F1xx_HAL_Driver/Src/stm32f1xx_hal_tim.o
 .text.TIM_OC4_SetConfig
                0x08002514       0x48 Drivers/STM32F1xx_HAL_Driver/Src/stm32f1xx_hal_tim.o
 .text.TIM_SlaveTimer_SetConfig
                0x0800255c       0xb0 Drivers/STM32F1xx_HAL_Driver/Src/stm32f1xx_hal_tim.o
 .text.HAL_TIM_SlaveConfigSynchronization
                0x0800260c       0x40 Drivers/STM32F1xx_HAL_Driver/Src/stm32f1xx_hal_tim.o
                0x0800260c                HAL_TIM_SlaveConfigSynchronization
 .text.HAL_TIM_PeriodElapsedCallback
                0x0800264c        0x4 Drivers/STM32F1xx_HAL_Driver/Src/stm32f1xx_hal_tim.o
                0x0800264c                HAL_TIM_PeriodElapsedCallback
 .text.HAL_TIM_OC_DelayElapsedCallback
                0x08002650        0x4 Drivers/STM32F1xx_HAL_Driver/Src/stm32f1xx_hal_tim.o
                0x08002650                HAL_TIM_OC_DelayElapsedCallback
 .text.HAL_TIM_IC_CaptureCallback
                0x08002654        0x4 Drivers/STM32F1xx_HAL_Driver/Src/stm32f1xx_hal_tim.o
                0x08002654                HAL_TIM_IC_CaptureCallback
 .text.HAL_TIM_PWM_PulseFinishedCallback
                0x08002658        0x4 Drivers/STM32F1xx_HAL_Driver/Src/stm32f1xx_hal_tim.o
                0x08002658                HAL_TIM_PWM_PulseFinishedCallback
 .text.HAL_TIM_TriggerCallback
                0x0800265c        0x4 Drivers/STM32F1xx_HAL_Driver/Src/stm32f1xx_hal_tim.o
                0x0800265c                HAL_TIM_TriggerCallback
 .text.HAL_TIM_IRQHandler
                0x08002660      0x154 Drivers/STM32F1xx_HAL_Driver/Src/stm32f1xx_hal_tim.o
                0x08002660                HAL_TIM_IRQHandler
 .text.TIM_Base_SetConfig
                0x080027b4       0x78 Drivers/STM32F1xx_HAL_Driver/Src/stm32f1xx_hal_tim.o
                0x080027b4                TIM_Base_SetConfig
 .text.HAL_TIM_Base_Init
                0x0800282c       0x38 Drivers/STM32F1xx_HAL_Driver/Src/stm32f1xx_hal_tim.o
                0x0800282c                HAL_TIM_Base_Init
 .text.TIM_OC2_SetConfig
                0x08002864       0x5c Drivers/STM32F1xx_HAL_Driver/Src/stm32f1xx_hal_tim.o
                0x08002864                TIM_OC2_SetConfig
 .text.HAL_TIM_OC_ConfigChannel
                0x080028c0       0x60 Drivers/STM32F1xx_HAL_Driver/Src/stm32f1xx_hal_tim.o
                0x080028c0                HAL_TIM_OC_ConfigChannel
 .text.HAL_TIM_PWM_ConfigChannel
                0x08002920       0xf8 Drivers/STM32F1xx_HAL_Driver/Src/stm32f1xx_hal_tim.o
                0x08002920                HAL_TIM_PWM_ConfigChannel
 .text.TIM_CCxChannelCmd
                0x08002a18       0x1c Drivers/STM32F1xx_HAL_Driver/Src/stm32f1xx_hal_tim.o
                0x08002a18                TIM_CCxChannelCmd
 .text.HAL_TIMEx_MasterConfigSynchronization
                0x08002a34       0x4c Drivers/STM32F1xx_HAL_Driver/Src/stm32f1xx_hal_tim_ex.o
                0x08002a34                HAL_TIMEx_MasterConfigSynchronization
 .text.HAL_TIMEx_CommutationCallback
                0x08002a80        0x4 Drivers/STM32F1xx_HAL_Driver/Src/stm32f1xx_hal_tim_ex.o
                0x08002a80                HAL_TIMEx_CommutationCallback
 .text.HAL_TIMEx_BreakCallback
                0x08002a84        0x4 Drivers/STM32F1xx_HAL_Driver/Src/stm32f1xx_hal_tim_ex.o
                0x08002a84                HAL_TIMEx_BreakCallback
 .text.USB_CoreInit
                0x08002a88       0x10 Drivers/STM32F1xx_HAL_Driver/Src/stm32f1xx_ll_usb.o
                0x08002a88                USB_CoreInit
 .text.USB_EnableGlobalInt
                0x08002a98       0x14 Drivers/STM32F1xx_HAL_Driver/Src/stm32f1xx_ll_usb.o
                0x08002a98                USB_EnableGlobalInt
 .text.USB_DisableGlobalInt
                0x08002aac       0x14 Drivers/STM32F1xx_HAL_Driver/Src/stm32f1xx_ll_usb.o
                0x08002aac                USB_DisableGlobalInt
 .text.USB_SetCurrentMode
                0x08002ac0        0x4 Drivers/STM32F1xx_HAL_Driver/Src/stm32f1xx_ll_usb.o
                0x08002ac0                USB_SetCurrentMode
 .text.USB_DevInit
                0x08002ac4       0x34 Drivers/STM32F1xx_HAL_Driver/Src/stm32f1xx_ll_usb.o
                0x08002ac4                USB_DevInit
 .text.USB_ActivateEndpoint
                0x08002af8      0x2d8 Drivers/STM32F1xx_HAL_Driver/Src/stm32f1xx_ll_usb.o
                0x08002af8                USB_ActivateEndpoint
 .text.USB_DeactivateEndpoint
                0x08002dd0      0x19c Drivers/STM32F1xx_HAL_Driver/Src/stm32f1xx_ll_usb.o
                0x08002dd0                USB_DeactivateEndpoint
 .text.USB_EPStartXfer
                0x08002f6c      0x200 Drivers/STM32F1xx_HAL_Driver/Src/stm32f1xx_ll_usb.o
                0x08002f6c                USB_EPStartXfer
 .text.USB_EPSetStall
                0x0800316c       0x64 Drivers/STM32F1xx_HAL_Driver/Src/stm32f1xx_ll_usb.o
                0x0800316c                USB_EPSetStall
 .text.USB_EPClearStall
                0x080031d0       0x90 Drivers/STM32F1xx_HAL_Driver/Src/stm32f1xx_ll_usb.o
                0x080031d0                USB_EPClearStall
 .text.USB_SetDevAddress
                0x08003260        0xc Drivers/STM32F1xx_HAL_Driver/Src/stm32f1xx_ll_usb.o
                0x08003260                USB_SetDevAddress
 .text.USB_DevConnect
                0x0800326c        0x4 Drivers/STM32F1xx_HAL_Driver/Src/stm32f1xx_ll_usb.o
                0x0800326c                USB_DevConnect
 .text.USB_DevDisconnect
                0x08003270        0x4 Drivers/STM32F1xx_HAL_Driver/Src/stm32f1xx_ll_usb.o
                0x08003270                USB_DevDisconnect
 .text.USB_ReadInterrupts
                0x08003274        0x8 Drivers/STM32F1xx_HAL_Driver/Src/stm32f1xx_ll_usb.o
                0x08003274                USB_ReadInterrupts
 .text.USB_EP0_OutStart
                0x0800327c        0x4 Drivers/STM32F1xx_HAL_Driver/Src/stm32f1xx_ll_usb.o
                0x0800327c                USB_EP0_OutStart
 .text.USB_WritePMA
                0x08003280       0x1c Drivers/STM32F1xx_HAL_Driver/Src/stm32f1xx_ll_usb.o
                0x08003280                USB_WritePMA
 .text.USB_ReadPMA
                0x0800329c       0x20 Drivers/STM32F1xx_HAL_Driver/Src/stm32f1xx_ll_usb.o
                0x0800329c                USB_ReadPMA
 .text._ZN7VgaDemo9DemoSetupEv
                0x080032bc       0x28 Main/demo/demo.o
                0x080032bc                VgaDemo::DemoSetup()
 .text._ZN7VgaDemo7zrotateEf
                0x080032e4       0x80 Main/demo/demo.o
                0x080032e4                VgaDemo::zrotate(float)
 .text._ZN7VgaDemo7yrotateEf
                0x08003364       0x8c Main/demo/demo.o
                0x08003364                VgaDemo::yrotate(float)
 .text._ZN7VgaDemo7xrotateEf
                0x080033f0       0x7c Main/demo/demo.o
                0x080033f0                VgaDemo::xrotate(float)
 .text._ZN7VgaDemo9draw_cubeEh
                0x0800346c      0x118 Main/demo/demo.o
                0x0800346c                VgaDemo::draw_cube(unsigned char)
 .text._ZN7VgaDemo9printcubeEv
                0x08003584       0x80 Main/demo/demo.o
                0x08003584                VgaDemo::printcube()
 .text._ZN7VgaDemo8DemoLoopEv
                0x08003604       0xec Main/demo/demo.o
                0x08003604                VgaDemo::DemoLoop()
 .text.startup._GLOBAL__sub_I_cube3d
                0x080036f0       0x54 Main/demo/demo.o
 .text.initialize
                0x08003744        0x4 Main/main.o
                0x08003744                initialize
 .text.setup    0x08003748       0x74 Main/main.o
                0x08003748                setup
 .text._Z22showSinclairScreenshotPKc
                0x080037bc       0x38 Main/main.o
                0x080037bc                showSinclairScreenshot(char const*)
 .text.loop     0x080037f4      0x298 Main/main.o
                0x080037f4                loop
 .text._ZN3Vga6bitmapEttPKhthh
                0x08003a8c      0x184 Main/vga.o
                0x08003a8c                Vga::bitmap(unsigned short, unsigned short, unsigned char const*, unsigned short, unsigned char, unsigned char)
 .text._ZN3Vga9draw_charEPKhtth
                0x08003c10       0x2c Main/vga.o
                0x08003c10                Vga::draw_char(unsigned char const*, unsigned short, unsigned short, unsigned char)
 .text._ZN3Vga9draw_textEPKhttPKc
                0x08003c3c       0x60 Main/vga.o
                0x08003c3c                Vga::draw_text(unsigned char const*, unsigned short, unsigned short, char const*)
 .text._ZN3Vga4hresEv
                0x08003c9c        0x8 Main/vga.o
                0x08003c9c                Vga::hres()
 .text._ZN3Vga4vresEv
                0x08003ca4        0x4 Main/vga.o
                0x08003ca4                Vga::vres()
 .text._ZN3Vga8draw_rowEhtth
                0x08003ca8      0x138 Main/vga.o
                0x08003ca8                Vga::draw_row(unsigned char, unsigned short, unsigned short, unsigned char)
 .text._ZN3Vga11draw_columnEhtth
                0x08003de0      0x11c Main/vga.o
                0x08003de0                Vga::draw_column(unsigned char, unsigned short, unsigned short, unsigned char)
 .text._ZN3Vga9draw_lineEhhhhh
                0x08003efc      0x128 Main/vga.o
                0x08003efc                Vga::draw_line(unsigned char, unsigned char, unsigned char, unsigned char, unsigned char)
 .text._ZN3Vga16GetBitmapAddressEh.part.0
                0x08004024       0x20 Main/vgaCore.o
 .text._ZN3Vga16GetBitmapAddressEh
                0x08004044       0x1c Main/vgaCore.o
                0x08004044                Vga::GetBitmapAddress(unsigned char)
 .text._ZN3Vga16GetBitmapAddressEhh
                0x08004060       0x28 Main/vgaCore.o
                0x08004060                Vga::GetBitmapAddress(unsigned char, unsigned char)
 .text._ZN3Vga20ConvertSinclairColorEh
                0x08004088       0x44 Main/vgaCore.o
                0x08004088                Vga::ConvertSinclairColor(unsigned char)
 .text._ZN3Vga12clear_screenEt
                0x080040cc       0x38 Main/vgaCore.o
                0x080040cc                Vga::clear_screen(unsigned short)
 *fill*         0x08004104        0x4 
 .text._ZN3Vga6millisEv
                0x08004108       0x7c Main/vgaCore.o
                0x08004108                Vga::millis()
 .text._ZN3Vga5delayEm
                0x08004184       0x1c Main/vgaCore.o
                0x08004184                Vga::delay(unsigned long)
 .text.TIM2_IRQHandler
                0x080041a0       0x34 Main/vgaCore.o
                0x080041a0                TIM2_IRQHandler
 .text.TIM3_IRQHandler
                0x080041d4       0xac Main/vgaCore.o
                0x080041d4                TIM3_IRQHandler
 .text.TIM4_IRQHandler
                0x08004280       0x38 Main/vgaCore.o
                0x08004280                TIM4_IRQHandler
 .text._ZN3Vga9InitVSyncENS_6Timing8PolarityEiii
                0x080042b8      0x100 Main/vgaCore.o
                0x080042b8                Vga::InitVSync(Vga::Timing::Polarity, int, int, int)
 .text._ZN3Vga9InitHSyncENS_6Timing8PolarityEiii
                0x080043b8      0x1c0 Main/vgaCore.o
                0x080043b8                Vga::InitHSync(Vga::Timing::Polarity, int, int, int)
 .text._ZN3Vga7InitVgaENS_6TimingE
                0x08004578      0x14c Main/vgaCore.o
                0x08004578                Vga::InitVga(Vga::Timing)
 .text.vgaDraw  0x080046c4     0x1038 Main/vgaDraw.o
                0x080046c4                vgaDraw
 .text._ZN3Vga10showCursorEv
                0x080056fc       0x38 Main/vgaText.o
                0x080056fc                Vga::showCursor()
 .text._ZN3Vga10hideCursorEv
                0x08005734       0x38 Main/vgaText.o
                0x08005734                Vga::hideCursor()
 .text._ZN3Vga11select_fontEPKh
                0x0800576c        0xc Main/vgaText.o
                0x0800576c                Vga::select_font(unsigned char const*)
 .text._ZN3Vga17setCursorPositionEhh
                0x08005778       0x60 Main/vgaText.o
                0x08005778                Vga::setCursorPosition(unsigned char, unsigned char)
 .text._ZN3Vga10cursorNextEv
                0x080057d8       0x24 Main/vgaText.o
                0x080057d8                Vga::cursorNext()
 .text._ZN3Vga5printEht
                0x080057fc       0xa0 Main/vgaText.o
                0x080057fc                Vga::print(unsigned char, unsigned short)
 .text._ZN3Vga7printAtEhhPKct
                0x0800589c       0x20 Main/vgaText.o
                0x0800589c                Vga::printAt(unsigned char, unsigned char, char const*, unsigned short)
 .text.DrawRunnerToGWorld
                0x080058bc       0x20 Main/game/Platform.o
                0x080058bc                DrawRunnerToGWorld
 .text.DrawWayToGWorld
                0x080058dc       0x18 Main/game/Platform.o
                0x080058dc                DrawWayToGWorld
 .text.DrawEaterToGWorld
                0x080058f4       0x18 Main/game/Platform.o
                0x080058f4                DrawEaterToGWorld
 .text.DrawEmptyToGWorld
                0x0800590c       0x18 Main/game/Platform.o
                0x0800590c                DrawEmptyToGWorld
 .text.DrawFlyerToGWorld
                0x08005924       0x18 Main/game/Platform.o
                0x08005924                DrawFlyerToGWorld
 .text.DrawFilledToGWorld
                0x0800593c       0x18 Main/game/Platform.o
                0x0800593c                DrawFilledToGWorld
 .text.DrawSmallFilledToGWorld
                0x08005954        0x4 Main/game/Platform.o
                0x08005954                DrawSmallFilledToGWorld
 .text.DrawComplete
                0x08005958       0xd8 Main/game/Platform.o
                0x08005958                DrawComplete
 .text.DrawCompleteBorder
                0x08005a30       0x8c Main/game/Platform.o
                0x08005a30                DrawCompleteBorder
 .text.GameInit
                0x08005abc       0x14 Main/game/Platform.o
                0x08005abc                GameInit
 .text.ScoreLevel
                0x08005ad0       0x38 Main/game/Platform.o
                0x08005ad0                ScoreLevel
 .text.ScorePercentage
                0x08005b08       0x38 Main/game/Platform.o
                0x08005b08                ScorePercentage
 .text.ScoreRunner
                0x08005b40       0x38 Main/game/Platform.o
                0x08005b40                ScoreRunner
 .text.ScorePoints
                0x08005b78       0x38 Main/game/Platform.o
                0x08005b78                ScorePoints
 .text.DisplayHighScore
                0x08005bb0        0x4 Main/game/Platform.o
                0x08005bb0                DisplayHighScore
 .text.ExitXonix
                0x08005bb4        0x4 Main/game/Platform.o
                0x08005bb4                ExitXonix
 .text._Z12GetUsbBufferPch
                0x08005bb8       0x30 Main/game/Platform.o
                0x08005bb8                GetUsbBuffer(char*, unsigned char)
 .text.GameUpdate
                0x08005be8       0x94 Main/game/Platform.o
                0x08005be8                GameUpdate
 .text.InitSegmentStack
                0x08005c7c       0x2c Main/game/stack.o
                0x08005c7c                InitSegmentStack
 .text.DeinitSegmentStack
                0x08005ca8       0x18 Main/game/stack.o
                0x08005ca8                DeinitSegmentStack
 .text.PushSeg  0x08005cc0       0x64 Main/game/stack.o
                0x08005cc0                PushSeg
 .text.PopSeg   0x08005d24       0x54 Main/game/stack.o
                0x08005d24                PopSeg
 .text.RandomPosition
                0x08005d78       0x50 Main/game/xonix.o
                0x08005d78                RandomPosition
 .text.NewFlyer.part.0
                0x08005dc8       0x94 Main/game/xonix.o
 .text.NewRunner
                0x08005e5c       0x40 Main/game/xonix.o
                0x08005e5c                NewRunner
 .text.NewEater
                0x08005e9c       0xbc Main/game/xonix.o
                0x08005e9c                NewEater
 .text.ResetStatus
                0x08005f58       0x6c Main/game/xonix.o
                0x08005f58                ResetStatus
 .text.ClearWay
                0x08005fc4       0x3c Main/game/xonix.o
                0x08005fc4                ClearWay
 .text.FillWay  0x08006000       0x68 Main/game/xonix.o
                0x08006000                FillWay
 .text.NewPlayRoom
                0x08006068       0x90 Main/game/xonix.o
                0x08006068                NewPlayRoom
 .text.Do_New   0x080060f8       0x60 Main/game/xonix.o
                0x080060f8                Do_New
 .text.NewLevel
                0x08006158       0x58 Main/game/xonix.o
                0x08006158                NewLevel
 .text.FindStartPoints
                0x080061b0       0xbc Main/game/xonix.o
                0x080061b0                FindStartPoints
 .text.SeedFillUp
                0x0800626c      0x2c0 Main/game/xonix.o
                0x0800626c                SeedFillUp
 .text.NewRunnerPosition
                0x0800652c      0x210 Main/game/xonix.o
                0x0800652c                NewRunnerPosition
 .text.FillNewArea
                0x0800673c       0xe4 Main/game/xonix.o
                0x0800673c                FillNewArea
 .text.NewEaterPosition
                0x08006820      0x198 Main/game/xonix.o
                0x08006820                NewEaterPosition
 .text.GetNewPlayer
                0x080069b8       0x78 Main/game/xonix.o
                0x080069b8                GetNewPlayer
 .text.NewFlyerPosition
                0x08006a30      0x1d4 Main/game/xonix.o
                0x08006a30                NewFlyerPosition
 .text.Animate  0x08006c04       0x68 Main/game/xonix.o
                0x08006c04                Animate
 .text.USBD_CDC_DataIn
                0x08006c6c       0x14 Middlewares/ST/STM32_USB_Device_Library/Class/CDC/Src/usbd_cdc.o
 .text.USBD_CDC_EP0_RxReady
                0x08006c80       0x2c Middlewares/ST/STM32_USB_Device_Library/Class/CDC/Src/usbd_cdc.o
 .text.USBD_CDC_GetFSCfgDesc
                0x08006cac        0xc Middlewares/ST/STM32_USB_Device_Library/Class/CDC/Src/usbd_cdc.o
 .text.USBD_CDC_GetHSCfgDesc
                0x08006cb8        0xc Middlewares/ST/STM32_USB_Device_Library/Class/CDC/Src/usbd_cdc.o
 .text.USBD_CDC_GetOtherSpeedCfgDesc
                0x08006cc4        0xc Middlewares/ST/STM32_USB_Device_Library/Class/CDC/Src/usbd_cdc.o
 .text.USBD_CDC_GetDeviceQualifierDescriptor
                0x08006cd0        0xc Middlewares/ST/STM32_USB_Device_Library/Class/CDC/Src/usbd_cdc.o
                0x08006cd0                USBD_CDC_GetDeviceQualifierDescriptor
 .text.USBD_CDC_DataOut
                0x08006cdc       0x30 Middlewares/ST/STM32_USB_Device_Library/Class/CDC/Src/usbd_cdc.o
 .text.USBD_CDC_Setup
                0x08006d0c       0x6c Middlewares/ST/STM32_USB_Device_Library/Class/CDC/Src/usbd_cdc.o
 .text.USBD_CDC_DeInit
                0x08006d78       0x3c Middlewares/ST/STM32_USB_Device_Library/Class/CDC/Src/usbd_cdc.o
 .text.USBD_CDC_Init
                0x08006db4       0x90 Middlewares/ST/STM32_USB_Device_Library/Class/CDC/Src/usbd_cdc.o
 .text.USBD_CDC_RegisterInterface
                0x08006e44       0x10 Middlewares/ST/STM32_USB_Device_Library/Class/CDC/Src/usbd_cdc.o
                0x08006e44                USBD_CDC_RegisterInterface
 .text.USBD_CDC_SetTxBuffer
                0x08006e54       0x10 Middlewares/ST/STM32_USB_Device_Library/Class/CDC/Src/usbd_cdc.o
                0x08006e54                USBD_CDC_SetTxBuffer
 .text.USBD_CDC_SetRxBuffer
                0x08006e64        0xc Middlewares/ST/STM32_USB_Device_Library/Class/CDC/Src/usbd_cdc.o
                0x08006e64                USBD_CDC_SetRxBuffer
 .text.USBD_CDC_TransmitPacket
                0x08006e70       0x30 Middlewares/ST/STM32_USB_Device_Library/Class/CDC/Src/usbd_cdc.o
                0x08006e70                USBD_CDC_TransmitPacket
 .text.USBD_CDC_ReceivePacket
                0x08006ea0       0x30 Middlewares/ST/STM32_USB_Device_Library/Class/CDC/Src/usbd_cdc.o
                0x08006ea0                USBD_CDC_ReceivePacket
 .text.USBD_Init
                0x08006ed0       0x2c Middlewares/ST/STM32_USB_Device_Library/Core/Src/usbd_core.o
                0x08006ed0                USBD_Init
 .text.USBD_RegisterClass
                0x08006efc       0x10 Middlewares/ST/STM32_USB_Device_Library/Core/Src/usbd_core.o
                0x08006efc                USBD_RegisterClass
 .text.USBD_Start
                0x08006f0c        0xc Middlewares/ST/STM32_USB_Device_Library/Core/Src/usbd_core.o
                0x08006f0c                USBD_Start
 .text.USBD_SetClassConfig
                0x08006f18       0x14 Middlewares/ST/STM32_USB_Device_Library/Core/Src/usbd_core.o
                0x08006f18                USBD_SetClassConfig
 .text.USBD_ClrClassConfig
                0x08006f2c       0x10 Middlewares/ST/STM32_USB_Device_Library/Core/Src/usbd_core.o
                0x08006f2c                USBD_ClrClassConfig
 .text.USBD_LL_SetupStage
                0x08006f3c       0x60 Middlewares/ST/STM32_USB_Device_Library/Core/Src/usbd_core.o
                0x08006f3c                USBD_LL_SetupStage
 .text.USBD_LL_DataOutStage
                0x08006f9c       0x6c Middlewares/ST/STM32_USB_Device_Library/Core/Src/usbd_core.o
                0x08006f9c                USBD_LL_DataOutStage
 .text.USBD_LL_DataInStage
                0x08007008       0xac Middlewares/ST/STM32_USB_Device_Library/Core/Src/usbd_core.o
                0x08007008                USBD_LL_DataInStage
 .text.USBD_LL_Reset
                0x080070b4       0x40 Middlewares/ST/STM32_USB_Device_Library/Core/Src/usbd_core.o
                0x080070b4                USBD_LL_Reset
 .text.USBD_LL_SetSpeed
                0x080070f4        0x8 Middlewares/ST/STM32_USB_Device_Library/Core/Src/usbd_core.o
                0x080070f4                USBD_LL_SetSpeed
 .text.USBD_LL_Suspend
                0x080070fc       0x14 Middlewares/ST/STM32_USB_Device_Library/Core/Src/usbd_core.o
                0x080070fc                USBD_LL_Suspend
 .text.USBD_LL_Resume
                0x08007110       0x10 Middlewares/ST/STM32_USB_Device_Library/Core/Src/usbd_core.o
                0x08007110                USBD_LL_Resume
 .text.USBD_LL_SOF
                0x08007120       0x1c Middlewares/ST/STM32_USB_Device_Library/Core/Src/usbd_core.o
                0x08007120                USBD_LL_SOF
 .text.USBD_StdDevReq
                0x0800713c      0x294 Middlewares/ST/STM32_USB_Device_Library/Core/Src/usbd_ctlreq.o
                0x0800713c                USBD_StdDevReq
 .text.USBD_StdItfReq
                0x080073d0       0x40 Middlewares/ST/STM32_USB_Device_Library/Core/Src/usbd_ctlreq.o
                0x080073d0                USBD_StdItfReq
 .text.USBD_StdEPReq
                0x08007410       0xcc Middlewares/ST/STM32_USB_Device_Library/Core/Src/usbd_ctlreq.o
                0x08007410                USBD_StdEPReq
 .text.USBD_ParseSetupRequest
                0x080074dc       0x28 Middlewares/ST/STM32_USB_Device_Library/Core/Src/usbd_ctlreq.o
                0x080074dc                USBD_ParseSetupRequest
 .text.USBD_GetString
                0x08007504       0x50 Middlewares/ST/STM32_USB_Device_Library/Core/Src/usbd_ctlreq.o
                0x08007504                USBD_GetString
 .text.USBD_CtlSendData
                0x08007554       0x1c Middlewares/ST/STM32_USB_Device_Library/Core/Src/usbd_ioreq.o
                0x08007554                USBD_CtlSendData
 .text.USBD_CtlContinueSendData
                0x08007570       0x10 Middlewares/ST/STM32_USB_Device_Library/Core/Src/usbd_ioreq.o
                0x08007570                USBD_CtlContinueSendData
 .text.USBD_CtlPrepareRx
                0x08007580       0x20 Middlewares/ST/STM32_USB_Device_Library/Core/Src/usbd_ioreq.o
                0x08007580                USBD_CtlPrepareRx
 .text.USBD_CtlContinueRx
                0x080075a0       0x10 Middlewares/ST/STM32_USB_Device_Library/Core/Src/usbd_ioreq.o
                0x080075a0                USBD_CtlContinueRx
 .text.USBD_CtlSendStatus
                0x080075b0       0x18 Middlewares/ST/STM32_USB_Device_Library/Core/Src/usbd_ioreq.o
                0x080075b0                USBD_CtlSendStatus
 .text.USBD_CtlReceiveStatus
                0x080075c8       0x18 Middlewares/ST/STM32_USB_Device_Library/Core/Src/usbd_ioreq.o
                0x080075c8                USBD_CtlReceiveStatus
 .text.SystemClock_Config
                0x080075e0       0x70 Src/main.o
                0x080075e0                SystemClock_Config
 .text.startup.main
                0x08007650       0x7c Src/main.o
                0x08007650                main
 .text.Error_Handler
                0x080076cc        0x4 Src/main.o
                0x080076cc                Error_Handler
 .text.HAL_MspInit
                0x080076d0       0x4c Src/stm32f1xx_hal_msp.o
                0x080076d0                HAL_MspInit
 .text.HAL_RTC_MspInit
                0x0800771c       0x40 Src/stm32f1xx_hal_msp.o
                0x0800771c                HAL_RTC_MspInit
 .text.HAL_TIM_Base_MspInit
                0x0800775c       0x2c Src/stm32f1xx_hal_msp.o
                0x0800775c                HAL_TIM_Base_MspInit
 .text.NMI_Handler
                0x08007788        0x4 Src/stm32f1xx_it.o
                0x08007788                NMI_Handler
 .text.HardFault_Handler
                0x0800778c        0x4 Src/stm32f1xx_it.o
                0x0800778c                HardFault_Handler
 .text.MemManage_Handler
                0x08007790        0x4 Src/stm32f1xx_it.o
                0x08007790                MemManage_Handler
 .text.BusFault_Handler
                0x08007794        0x4 Src/stm32f1xx_it.o
                0x08007794                BusFault_Handler
 .text.UsageFault_Handler
                0x08007798        0x4 Src/stm32f1xx_it.o
                0x08007798                UsageFault_Handler
 .text.SVC_Handler
                0x0800779c        0x4 Src/stm32f1xx_it.o
                0x0800779c                SVC_Handler
 .text.DebugMon_Handler
                0x080077a0        0x4 Src/stm32f1xx_it.o
                0x080077a0                DebugMon_Handler
 .text.PendSV_Handler
                0x080077a4        0x4 Src/stm32f1xx_it.o
                0x080077a4                PendSV_Handler
 .text.SysTick_Handler
                0x080077a8        0x4 Src/stm32f1xx_it.o
                0x080077a8                SysTick_Handler
 .text.USB_LP_CAN1_RX0_IRQHandler
                0x080077ac        0xc Src/stm32f1xx_it.o
                0x080077ac                USB_LP_CAN1_RX0_IRQHandler
 .text._sbrk    0x080077b8       0x3c Src/syscalls.o
                0x080077b8                _sbrk
 .text.SystemInit
                0x080077f4       0x50 Src/system_stm32f1xx.o
                0x080077f4                SystemInit
 .text.MX_USB_DEVICE_Init
                0x08007844       0x58 Src/usb_device.o
                0x08007844                MX_USB_DEVICE_Init
 .text.CDC_DeInit_FS
                0x0800789c        0x4 Src/usbd_cdc_if.o
 .text.CDC_Control_FS
                0x080078a0        0x4 Src/usbd_cdc_if.o
 .text.CDC_Receive_FS
                0x080078a4       0x1c Src/usbd_cdc_if.o
 .text.CDC_Init_FS
                0x080078c0       0x28 Src/usbd_cdc_if.o
 .text.CDC_Transmit_FS
                0x080078e8       0x2c Src/usbd_cdc_if.o
                0x080078e8                CDC_Transmit_FS
 .text.HAL_PCD_MspInit
                0x08007914       0x40 Src/usbd_conf.o
                0x08007914                HAL_PCD_MspInit
 .text.HAL_PCD_SetupStageCallback
                0x08007954        0xc Src/usbd_conf.o
                0x08007954                HAL_PCD_SetupStageCallback
 .text.HAL_PCD_DataOutStageCallback
                0x08007960       0x10 Src/usbd_conf.o
                0x08007960                HAL_PCD_DataOutStageCallback
 .text.HAL_PCD_DataInStageCallback
                0x08007970       0x10 Src/usbd_conf.o
                0x08007970                HAL_PCD_DataInStageCallback
 .text.HAL_PCD_SOFCallback
                0x08007980        0x8 Src/usbd_conf.o
                0x08007980                HAL_PCD_SOFCallback
 .text.HAL_PCD_ResetCallback
                0x08007988       0x24 Src/usbd_conf.o
                0x08007988                HAL_PCD_ResetCallback
 .text.HAL_PCD_SuspendCallback
                0x080079ac       0x20 Src/usbd_conf.o
                0x080079ac                HAL_PCD_SuspendCallback
 .text.HAL_PCD_ResumeCallback
                0x080079cc        0x8 Src/usbd_conf.o
                0x080079cc                HAL_PCD_ResumeCallback
 .text.USBD_LL_Init
                0x080079d4       0x84 Src/usbd_conf.o
                0x080079d4                USBD_LL_Init
 .text.USBD_LL_Start
                0x08007a58       0x1c Src/usbd_conf.o
                0x08007a58                USBD_LL_Start
 .text.USBD_LL_OpenEP
                0x08007a74       0x20 Src/usbd_conf.o
                0x08007a74                USBD_LL_OpenEP
 .text.USBD_LL_CloseEP
                0x08007a94       0x1c Src/usbd_conf.o
                0x08007a94                USBD_LL_CloseEP
 .text.USBD_LL_StallEP
                0x08007ab0       0x1c Src/usbd_conf.o
                0x08007ab0                USBD_LL_StallEP
 .text.USBD_LL_ClearStallEP
                0x08007acc       0x1c Src/usbd_conf.o
                0x08007acc                USBD_LL_ClearStallEP
 .text.USBD_LL_IsStallEP
                0x08007ae8       0x20 Src/usbd_conf.o
                0x08007ae8                USBD_LL_IsStallEP
 .text.USBD_LL_SetUSBAddress
                0x08007b08       0x1c Src/usbd_conf.o
                0x08007b08                USBD_LL_SetUSBAddress
 .text.USBD_LL_Transmit
                0x08007b24       0x1c Src/usbd_conf.o
                0x08007b24                USBD_LL_Transmit
 .text.USBD_LL_PrepareReceive
                0x08007b40       0x1c Src/usbd_conf.o
                0x08007b40                USBD_LL_PrepareReceive
 .text.USBD_LL_GetRxDataSize
                0x08007b5c        0xc Src/usbd_conf.o
                0x08007b5c                USBD_LL_GetRxDataSize
 .text.USBD_static_malloc
                0x08007b68        0x8 Src/usbd_conf.o
                0x08007b68                USBD_static_malloc
 .text.USBD_static_free
                0x08007b70        0x4 Src/usbd_conf.o
                0x08007b70                USBD_static_free
 .text.HAL_PCDEx_SetConnectionState
                0x08007b74        0x4 Src/usbd_conf.o
                0x08007b74                HAL_PCDEx_SetConnectionState
 .text.USBD_FS_DeviceDescriptor
                0x08007b78        0xc Src/usbd_desc.o
                0x08007b78                USBD_FS_DeviceDescriptor
 .text.USBD_FS_LangIDStrDescriptor
                0x08007b84        0xc Src/usbd_desc.o
                0x08007b84                USBD_FS_LangIDStrDescriptor
 .text.IntToUnicode
                0x08007b90       0x30 Src/usbd_desc.o
 .text.USBD_FS_SerialStrDescriptor
                0x08007bc0       0x48 Src/usbd_desc.o
                0x08007bc0                USBD_FS_SerialStrDescriptor
 .text.USBD_FS_ManufacturerStrDescriptor
                0x08007c08       0x1c Src/usbd_desc.o
                0x08007c08                USBD_FS_ManufacturerStrDescriptor
 .text.USBD_FS_ProductStrDescriptor
                0x08007c24       0x1c Src/usbd_desc.o
                0x08007c24                USBD_FS_ProductStrDescriptor
 .text.USBD_FS_ConfigStrDescriptor
                0x08007c40       0x1c Src/usbd_desc.o
                0x08007c40                USBD_FS_ConfigStrDescriptor
 .text.USBD_FS_InterfaceStrDescriptor
                0x08007c5c       0x1c Src/usbd_desc.o
                0x08007c5c                USBD_FS_InterfaceStrDescriptor
 .text.Reset_Handler
                0x08007c78       0x48 startup/startup_stm32f103xb.o
                0x08007c78                Reset_Handler
 .text.Default_Handler
                0x08007cc0        0x2 startup/startup_stm32f103xb.o
                0x08007cc0                RTC_Alarm_IRQHandler
                0x08007cc0                EXTI2_IRQHandler
                0x08007cc0                TIM1_CC_IRQHandler
                0x08007cc0                PVD_IRQHandler
                0x08007cc0                EXTI3_IRQHandler
                0x08007cc0                EXTI0_IRQHandler
                0x08007cc0                I2C2_EV_IRQHandler
                0x08007cc0                ADC1_2_IRQHandler
                0x08007cc0                SPI1_IRQHandler
                0x08007cc0                TAMPER_IRQHandler
                0x08007cc0                DMA1_Channel4_IRQHandler
                0x08007cc0                USART3_IRQHandler
                0x08007cc0                RTC_IRQHandler
                0x08007cc0                DMA1_Channel7_IRQHandler
                0x08007cc0                CAN1_RX1_IRQHandler
                0x08007cc0                I2C1_EV_IRQHandler
                0x08007cc0                DMA1_Channel6_IRQHandler
                0x08007cc0                RCC_IRQHandler
                0x08007cc0                TIM1_TRG_COM_IRQHandler
                0x08007cc0                DMA1_Channel1_IRQHandler
                0x08007cc0                Default_Handler
                0x08007cc0                EXTI15_10_IRQHandler
                0x08007cc0                EXTI9_5_IRQHandler
                0x08007cc0                SPI2_IRQHandler
                0x08007cc0                DMA1_Channel5_IRQHandler
                0x08007cc0                EXTI4_IRQHandler
                0x08007cc0                USB_HP_CAN1_TX_IRQHandler
                0x08007cc0                DMA1_Channel3_IRQHandler
                0x08007cc0                TIM1_UP_IRQHandler
                0x08007cc0                WWDG_IRQHandler
                0x08007cc0                TIM1_BRK_IRQHandler
                0x08007cc0                EXTI1_IRQHandler
                0x08007cc0                USART2_IRQHandler
                0x08007cc0                I2C2_ER_IRQHandler
                0x08007cc0                DMA1_Channel2_IRQHandler
                0x08007cc0                CAN1_SCE_IRQHandler
                0x08007cc0                FLASH_IRQHandler
                0x08007cc0                USART1_IRQHandler
                0x08007cc0                I2C1_ER_IRQHandler
                0x08007cc0                USBWakeUp_IRQHandler
 *fill*         0x08007cc2        0x2 
 .text.cosf     0x08007cc4       0x78 d:/ac6/systemworkbench/plugins/fr.ac6.mcu.externaltools.arm-none.win32_1.17.0.201812190825/tools/compiler/bin/../lib/gcc/arm-none-eabi/7.3.1/../../../../arm-none-eabi/lib/thumb/v7-m\libm.a(lib_a-sf_cos.o)
                0x08007cc4                cosf
 .text.sinf     0x08007d3c       0x7c d:/ac6/systemworkbench/plugins/fr.ac6.mcu.externaltools.arm-none.win32_1.17.0.201812190825/tools/compiler/bin/../lib/gcc/arm-none-eabi/7.3.1/../../../../arm-none-eabi/lib/thumb/v7-m\libm.a(lib_a-sf_sin.o)
                0x08007d3c                sinf
 .text.__ieee754_rem_pio2f
                0x08007db8      0x2e4 d:/ac6/systemworkbench/plugins/fr.ac6.mcu.externaltools.arm-none.win32_1.17.0.201812190825/tools/compiler/bin/../lib/gcc/arm-none-eabi/7.3.1/../../../../arm-none-eabi/lib/thumb/v7-m\libm.a(lib_a-ef_rem_pio2.o)
                0x08007db8                __ieee754_rem_pio2f
 .text.__kernel_cosf
                0x0800809c      0x188 d:/ac6/systemworkbench/plugins/fr.ac6.mcu.externaltools.arm-none.win32_1.17.0.201812190825/tools/compiler/bin/../lib/gcc/arm-none-eabi/7.3.1/../../../../arm-none-eabi/lib/thumb/v7-m\libm.a(lib_a-kf_cos.o)
                0x0800809c                __kernel_cosf
 .text.__kernel_rem_pio2f
                0x08008224      0x6c4 d:/ac6/systemworkbench/plugins/fr.ac6.mcu.externaltools.arm-none.win32_1.17.0.201812190825/tools/compiler/bin/../lib/gcc/arm-none-eabi/7.3.1/../../../../arm-none-eabi/lib/thumb/v7-m\libm.a(lib_a-kf_rem_pio2.o)
                0x08008224                __kernel_rem_pio2f
 .text.__kernel_sinf
                0x080088e8       0xec d:/ac6/systemworkbench/plugins/fr.ac6.mcu.externaltools.arm-none.win32_1.17.0.201812190825/tools/compiler/bin/../lib/gcc/arm-none-eabi/7.3.1/../../../../arm-none-eabi/lib/thumb/v7-m\libm.a(lib_a-kf_sin.o)
                0x080088e8                __kernel_sinf
 .text.fabsf    0x080089d4        0x8 d:/ac6/systemworkbench/plugins/fr.ac6.mcu.externaltools.arm-none.win32_1.17.0.201812190825/tools/compiler/bin/../lib/gcc/arm-none-eabi/7.3.1/../../../../arm-none-eabi/lib/thumb/v7-m\libm.a(lib_a-sf_fabs.o)
                0x080089d4                fabsf
 .text.floorf   0x080089dc       0x88 d:/ac6/systemworkbench/plugins/fr.ac6.mcu.externaltools.arm-none.win32_1.17.0.201812190825/tools/compiler/bin/../lib/gcc/arm-none-eabi/7.3.1/../../../../arm-none-eabi/lib/thumb/v7-m\libm.a(lib_a-sf_floor.o)
                0x080089dc                floorf
 .text.scalbnf  0x08008a64       0xb0 d:/ac6/systemworkbench/plugins/fr.ac6.mcu.externaltools.arm-none.win32_1.17.0.201812190825/tools/compiler/bin/../lib/gcc/arm-none-eabi/7.3.1/../../../../arm-none-eabi/lib/thumb/v7-m\libm.a(lib_a-sf_scalbn.o)
                0x08008a64                scalbnf
 .text.copysignf
                0x08008b14        0xc d:/ac6/systemworkbench/plugins/fr.ac6.mcu.externaltools.arm-none.win32_1.17.0.201812190825/tools/compiler/bin/../lib/gcc/arm-none-eabi/7.3.1/../../../../arm-none-eabi/lib/thumb/v7-m\libm.a(lib_a-sf_copysign.o)
                0x08008b14                copysignf
 .text.__errno  0x08008b20        0xc d:/ac6/systemworkbench/plugins/fr.ac6.mcu.externaltools.arm-none.win32_1.17.0.201812190825/tools/compiler/bin/../lib/gcc/arm-none-eabi/7.3.1/../../../../arm-none-eabi/lib/thumb/v7-m\libc_nano.a(lib_a-errno.o)
                0x08008b20                __errno
 .text.__libc_init_array
                0x08008b2c       0x48 d:/ac6/systemworkbench/plugins/fr.ac6.mcu.externaltools.arm-none.win32_1.17.0.201812190825/tools/compiler/bin/../lib/gcc/arm-none-eabi/7.3.1/../../../../arm-none-eabi/lib/thumb/v7-m\libc_nano.a(lib_a-init.o)
                0x08008b2c                __libc_init_array
 .text.malloc   0x08008b74       0x10 d:/ac6/systemworkbench/plugins/fr.ac6.mcu.externaltools.arm-none.win32_1.17.0.201812190825/tools/compiler/bin/../lib/gcc/arm-none-eabi/7.3.1/../../../../arm-none-eabi/lib/thumb/v7-m\libc_nano.a(lib_a-malloc.o)
                0x08008b74                malloc
 .text.free     0x08008b84       0x10 d:/ac6/systemworkbench/plugins/fr.ac6.mcu.externaltools.arm-none.win32_1.17.0.201812190825/tools/compiler/bin/../lib/gcc/arm-none-eabi/7.3.1/../../../../arm-none-eabi/lib/thumb/v7-m\libc_nano.a(lib_a-malloc.o)
                0x08008b84                free
 .text.memcpy   0x08008b94       0x16 d:/ac6/systemworkbench/plugins/fr.ac6.mcu.externaltools.arm-none.win32_1.17.0.201812190825/tools/compiler/bin/../lib/gcc/arm-none-eabi/7.3.1/../../../../arm-none-eabi/lib/thumb/v7-m\libc_nano.a(lib_a-memcpy-stub.o)
                0x08008b94                memcpy
 .text.memset   0x08008baa       0x10 d:/ac6/systemworkbench/plugins/fr.ac6.mcu.externaltools.arm-none.win32_1.17.0.201812190825/tools/compiler/bin/../lib/gcc/arm-none-eabi/7.3.1/../../../../arm-none-eabi/lib/thumb/v7-m\libc_nano.a(lib_a-memset.o)
                0x08008baa                memset
 *fill*         0x08008bba        0x2 
 .text._free_r  0x08008bbc       0x98 d:/ac6/systemworkbench/plugins/fr.ac6.mcu.externaltools.arm-none.win32_1.17.0.201812190825/tools/compiler/bin/../lib/gcc/arm-none-eabi/7.3.1/../../../../arm-none-eabi/lib/thumb/v7-m\libc_nano.a(lib_a-nano-freer.o)
                0x08008bbc                _free_r
 .text._malloc_r
                0x08008c54       0xb4 d:/ac6/systemworkbench/plugins/fr.ac6.mcu.externaltools.arm-none.win32_1.17.0.201812190825/tools/compiler/bin/../lib/gcc/arm-none-eabi/7.3.1/../../../../arm-none-eabi/lib/thumb/v7-m\libc_nano.a(lib_a-nano-mallocr.o)
                0x08008c54                _malloc_r
 .text.srand    0x08008d08       0x48 d:/ac6/systemworkbench/plugins/fr.ac6.mcu.externaltools.arm-none.win32_1.17.0.201812190825/tools/compiler/bin/../lib/gcc/arm-none-eabi/7.3.1/../../../../arm-none-eabi/lib/thumb/v7-m\libc_nano.a(lib_a-rand.o)
                0x08008d08                srand
 .text.rand     0x08008d50       0x68 d:/ac6/systemworkbench/plugins/fr.ac6.mcu.externaltools.arm-none.win32_1.17.0.201812190825/tools/compiler/bin/../lib/gcc/arm-none-eabi/7.3.1/../../../../arm-none-eabi/lib/thumb/v7-m\libc_nano.a(lib_a-rand.o)
                0x08008d50                rand
 .text.realloc  0x08008db8       0x10 d:/ac6/systemworkbench/plugins/fr.ac6.mcu.externaltools.arm-none.win32_1.17.0.201812190825/tools/compiler/bin/../lib/gcc/arm-none-eabi/7.3.1/../../../../arm-none-eabi/lib/thumb/v7-m\libc_nano.a(lib_a-realloc.o)
                0x08008db8                realloc
 .text._sbrk_r  0x08008dc8       0x20 d:/ac6/systemworkbench/plugins/fr.ac6.mcu.externaltools.arm-none.win32_1.17.0.201812190825/tools/compiler/bin/../lib/gcc/arm-none-eabi/7.3.1/../../../../arm-none-eabi/lib/thumb/v7-m\libc_nano.a(lib_a-sbrkr.o)
                0x08008dc8                _sbrk_r
 .text.sprintf  0x08008de8       0x40 d:/ac6/systemworkbench/plugins/fr.ac6.mcu.externaltools.arm-none.win32_1.17.0.201812190825/tools/compiler/bin/../lib/gcc/arm-none-eabi/7.3.1/../../../../arm-none-eabi/lib/thumb/v7-m\libc_nano.a(lib_a-sprintf.o)
                0x08008de8                siprintf
                0x08008de8                sprintf
 .text.__malloc_lock
                0x08008e28        0x2 d:/ac6/systemworkbench/plugins/fr.ac6.mcu.externaltools.arm-none.win32_1.17.0.201812190825/tools/compiler/bin/../lib/gcc/arm-none-eabi/7.3.1/../../../../arm-none-eabi/lib/thumb/v7-m\libc_nano.a(lib_a-mlock.o)
                0x08008e28                __malloc_lock
 .text.__malloc_unlock
                0x08008e2a        0x2 d:/ac6/systemworkbench/plugins/fr.ac6.mcu.externaltools.arm-none.win32_1.17.0.201812190825/tools/compiler/bin/../lib/gcc/arm-none-eabi/7.3.1/../../../../arm-none-eabi/lib/thumb/v7-m\libc_nano.a(lib_a-mlock.o)
                0x08008e2a                __malloc_unlock
 .text._realloc_r
                0x08008e2c       0x4c d:/ac6/systemworkbench/plugins/fr.ac6.mcu.externaltools.arm-none.win32_1.17.0.201812190825/tools/compiler/bin/../lib/gcc/arm-none-eabi/7.3.1/../../../../arm-none-eabi/lib/thumb/v7-m\libc_nano.a(lib_a-nano-reallocr.o)
                0x08008e2c                _realloc_r
 .text.__ssputs_r
                0x08008e78       0xb4 d:/ac6/systemworkbench/plugins/fr.ac6.mcu.externaltools.arm-none.win32_1.17.0.201812190825/tools/compiler/bin/../lib/gcc/arm-none-eabi/7.3.1/../../../../arm-none-eabi/lib/thumb/v7-m\libc_nano.a(lib_a-nano-svfprintf.o)
                0x08008e78                __ssputs_r
 .text._svfprintf_r
                0x08008f2c      0x1f0 d:/ac6/systemworkbench/plugins/fr.ac6.mcu.externaltools.arm-none.win32_1.17.0.201812190825/tools/compiler/bin/../lib/gcc/arm-none-eabi/7.3.1/../../../../arm-none-eabi/lib/thumb/v7-m\libc_nano.a(lib_a-nano-svfprintf.o)
                0x08008f2c                _svfiprintf_r
                0x08008f2c                _svfprintf_r
 .text._printf_common
                0x0800911c       0xec d:/ac6/systemworkbench/plugins/fr.ac6.mcu.externaltools.arm-none.win32_1.17.0.201812190825/tools/compiler/bin/../lib/gcc/arm-none-eabi/7.3.1/../../../../arm-none-eabi/lib/thumb/v7-m\libc_nano.a(lib_a-nano-vfprintf_i.o)
                0x0800911c                _printf_common
 .text._printf_i
                0x08009208      0x224 d:/ac6/systemworkbench/plugins/fr.ac6.mcu.externaltools.arm-none.win32_1.17.0.201812190825/tools/compiler/bin/../lib/gcc/arm-none-eabi/7.3.1/../../../../arm-none-eabi/lib/thumb/v7-m\libc_nano.a(lib_a-nano-vfprintf_i.o)
                0x08009208                _printf_i
 .text.memchr   0x0800942c       0x1c d:/ac6/systemworkbench/plugins/fr.ac6.mcu.externaltools.arm-none.win32_1.17.0.201812190825/tools/compiler/bin/../lib/gcc/arm-none-eabi/7.3.1/../../../../arm-none-eabi/lib/thumb/v7-m\libc_nano.a(lib_a-memchr-stub.o)
                0x0800942c                memchr
 .text.memmove  0x08009448       0x32 d:/ac6/systemworkbench/plugins/fr.ac6.mcu.externaltools.arm-none.win32_1.17.0.201812190825/tools/compiler/bin/../lib/gcc/arm-none-eabi/7.3.1/../../../../arm-none-eabi/lib/thumb/v7-m\libc_nano.a(lib_a-memmove.o)
                0x08009448                memmove
 .text._malloc_usable_size_r
                0x0800947a       0x10 d:/ac6/systemworkbench/plugins/fr.ac6.mcu.externaltools.arm-none.win32_1.17.0.201812190825/tools/compiler/bin/../lib/gcc/arm-none-eabi/7.3.1/../../../../arm-none-eabi/lib/thumb/v7-m\libc_nano.a(lib_a-nano-msizer.o)
                0x0800947a                _malloc_usable_size_r
 *(.glue_7)
 .glue_7        0x0800948a        0x0 linker stubs
 *(.glue_7t)
 .glue_7t       0x0800948a        0x0 linker stubs
 *(.eh_frame)
 *fill*         0x0800948a        0x2 
 .eh_frame      0x0800948c        0x0 d:/ac6/systemworkbench/plugins/fr.ac6.mcu.externaltools.arm-none.win32_1.17.0.201812190825/tools/compiler/bin/../lib/gcc/arm-none-eabi/7.3.1/thumb/v7-m/crtbegin.o
 *(.init)
 .init          0x0800948c        0x4 d:/ac6/systemworkbench/plugins/fr.ac6.mcu.externaltools.arm-none.win32_1.17.0.201812190825/tools/compiler/bin/../lib/gcc/arm-none-eabi/7.3.1/thumb/v7-m/crti.o
                0x0800948c                _init
 .init          0x08009490        0x8 d:/ac6/systemworkbench/plugins/fr.ac6.mcu.externaltools.arm-none.win32_1.17.0.201812190825/tools/compiler/bin/../lib/gcc/arm-none-eabi/7.3.1/thumb/v7-m/crtn.o
 *(.fini)
 .fini          0x08009498        0x4 d:/ac6/systemworkbench/plugins/fr.ac6.mcu.externaltools.arm-none.win32_1.17.0.201812190825/tools/compiler/bin/../lib/gcc/arm-none-eabi/7.3.1/thumb/v7-m/crti.o
                0x08009498                _fini
 .fini          0x0800949c        0x8 d:/ac6/systemworkbench/plugins/fr.ac6.mcu.externaltools.arm-none.win32_1.17.0.201812190825/tools/compiler/bin/../lib/gcc/arm-none-eabi/7.3.1/thumb/v7-m/crtn.o
                0x080094a4                . = ALIGN (0x4)
                0x080094a4                _etext = .

.vfp11_veneer   0x080094a4        0x0
 .vfp11_veneer  0x080094a4        0x0 linker stubs

.v4_bx          0x080094a4        0x0
 .v4_bx         0x080094a4        0x0 linker stubs

.iplt           0x080094a4        0x0
 .iplt          0x080094a4        0x0 d:/ac6/systemworkbench/plugins/fr.ac6.mcu.externaltools.arm-none.win32_1.17.0.201812190825/tools/compiler/bin/../lib/gcc/arm-none-eabi/7.3.1/thumb/v7-m/crtbegin.o

.rodata         0x080094a8     0x2888
                0x080094a8                . = ALIGN (0x4)
 *(.rodata)
 .rodata        0x080094a8       0x10 Drivers/STM32F1xx_HAL_Driver/Src/stm32f1xx_hal_rcc.o
 .rodata        0x080094b8       0x10 Drivers/STM32F1xx_HAL_Driver/Src/stm32f1xx_hal_rcc_ex.o
 .rodata        0x080094c8      0x803 Main/font8x8.o
                0x080094c8                font8x8
 *fill*         0x08009ccb        0x1 
 .rodata        0x08009ccc     0x1b00 Main/main.o
 *fill*         0x0800b7cc        0x4 
 .rodata        0x0800b7d0       0x78 Main/timing.o
                0x0800b7d0                Vga::timing_720x400_70hz
                0x0800b7f8                Vga::timing_640x480_60_01hz
                0x0800b820                Vga::timing_640x480_60hz
 .rodata        0x0800b848       0x1b Main/game/gameFont4x4.o
                0x0800b848                gameFont4x4
 *fill*         0x0800b863        0x1 
 .rodata        0x0800b864       0x18 Src/system_stm32f1xx.o
                0x0800b864                AHBPrescTable
                0x0800b874                APBPrescTable
 .rodata        0x0800b87c        0x4 Src/usbd_conf.o
 *(.rodata*)
 .rodata.str1.4
                0x0800b880       0x15 Main/demo/demo.o
 *fill*         0x0800b895        0x3 
 .rodata.str1.4
                0x0800b898        0x6 Main/main.o
 *fill*         0x0800b89e        0x2 
 .rodata.str1.4
                0x0800b8a0       0x41 Main/game/Platform.o
                                 0x45 (size before relaxing)
 *fill*         0x0800b8e1        0x3 
 .rodata.str1.4
                0x0800b8e4       0x48 Src/usbd_desc.o
                                 0x46 (size before relaxing)
 .rodata.npio2_hw
                0x0800b92c       0x80 d:/ac6/systemworkbench/plugins/fr.ac6.mcu.externaltools.arm-none.win32_1.17.0.201812190825/tools/compiler/bin/../lib/gcc/arm-none-eabi/7.3.1/../../../../arm-none-eabi/lib/thumb/v7-m\libm.a(lib_a-ef_rem_pio2.o)
 .rodata.two_over_pi
                0x0800b9ac      0x318 d:/ac6/systemworkbench/plugins/fr.ac6.mcu.externaltools.arm-none.win32_1.17.0.201812190825/tools/compiler/bin/../lib/gcc/arm-none-eabi/7.3.1/../../../../arm-none-eabi/lib/thumb/v7-m\libm.a(lib_a-ef_rem_pio2.o)
 .rodata.PIo2   0x0800bcc4       0x2c d:/ac6/systemworkbench/plugins/fr.ac6.mcu.externaltools.arm-none.win32_1.17.0.201812190825/tools/compiler/bin/../lib/gcc/arm-none-eabi/7.3.1/../../../../arm-none-eabi/lib/thumb/v7-m\libm.a(lib_a-kf_rem_pio2.o)
 .rodata.init_jk
                0x0800bcf0        0xc d:/ac6/systemworkbench/plugins/fr.ac6.mcu.externaltools.arm-none.win32_1.17.0.201812190825/tools/compiler/bin/../lib/gcc/arm-none-eabi/7.3.1/../../../../arm-none-eabi/lib/thumb/v7-m\libm.a(lib_a-kf_rem_pio2.o)
 .rodata._svfprintf_r.str1.1
                0x0800bcfc       0x11 d:/ac6/systemworkbench/plugins/fr.ac6.mcu.externaltools.arm-none.win32_1.17.0.201812190825/tools/compiler/bin/../lib/gcc/arm-none-eabi/7.3.1/../../../../arm-none-eabi/lib/thumb/v7-m\libc_nano.a(lib_a-nano-svfprintf.o)
 .rodata._printf_i.str1.1
                0x0800bd0d       0x22 d:/ac6/systemworkbench/plugins/fr.ac6.mcu.externaltools.arm-none.win32_1.17.0.201812190825/tools/compiler/bin/../lib/gcc/arm-none-eabi/7.3.1/../../../../arm-none-eabi/lib/thumb/v7-m\libc_nano.a(lib_a-nano-vfprintf_i.o)
                0x0800bd30                . = ALIGN (0x4)
 *fill*         0x0800bd2f        0x1 

.rel.dyn        0x0800bd30        0x0
 .rel.iplt      0x0800bd30        0x0 d:/ac6/systemworkbench/plugins/fr.ac6.mcu.externaltools.arm-none.win32_1.17.0.201812190825/tools/compiler/bin/../lib/gcc/arm-none-eabi/7.3.1/thumb/v7-m/crtbegin.o

.ARM.extab
 *(.ARM.extab* .gnu.linkonce.armextab.*)

.ARM            0x0800bd30        0x0
                0x0800bd30                __exidx_start = .
 *(.ARM.exidx*)
                0x0800bd30                __exidx_end = .

.preinit_array  0x0800bd30        0x0
                0x0800bd30                PROVIDE (__preinit_array_start = .)
 *(.preinit_array*)
                0x0800bd30                PROVIDE (__preinit_array_end = .)

.init_array     0x0800bd30        0x8
                0x0800bd30                PROVIDE (__init_array_start = .)
 *(SORT_BY_NAME(.init_array.*))
 *(.init_array*)
 .init_array    0x0800bd30        0x4 d:/ac6/systemworkbench/plugins/fr.ac6.mcu.externaltools.arm-none.win32_1.17.0.201812190825/tools/compiler/bin/../lib/gcc/arm-none-eabi/7.3.1/thumb/v7-m/crtbegin.o
 .init_array    0x0800bd34        0x4 Main/demo/demo.o
                0x0800bd38                PROVIDE (__init_array_end = .)

.fini_array     0x0800bd38        0x4
                [!provide]                PROVIDE (__fini_array_start = .)
 *(SORT_BY_NAME(.fini_array.*))
 *(.fini_array*)
 .fini_array    0x0800bd38        0x4 d:/ac6/systemworkbench/plugins/fr.ac6.mcu.externaltools.arm-none.win32_1.17.0.201812190825/tools/compiler/bin/../lib/gcc/arm-none-eabi/7.3.1/thumb/v7-m/crtbegin.o
                [!provide]                PROVIDE (__fini_array_end = .)
                0x0800bd3c                _sidata = LOADADDR (.data)

.data           0x20000000      0x1e8 load address 0x0800bd3c
                0x20000000                . = ALIGN (0x4)
                0x20000000                _sdata = .
 *(.data)
 .data          0x20000000        0x8 Drivers/STM32F1xx_HAL_Driver/Src/stm32f1xx_hal.o
                0x20000000                uwTickFreq
                0x20000004                uwTickPrio
 .data          0x20000008        0x8 Main/main.o
 .data          0x20000010      0x110 Middlewares/ST/STM32_USB_Device_Library/Class/CDC/Src/usbd_cdc.o
                0x20000010                USBD_CDC_CfgFSDesc
                0x20000054                USBD_CDC_CfgHSDesc
                0x20000098                USBD_CDC_OtherSpeedCfgDesc
                0x200000e8                USBD_CDC
 .data          0x20000120        0x4 Src/system_stm32f1xx.o
                0x20000120                SystemCoreClock
 .data          0x20000124       0x10 Src/usbd_cdc_if.o
                0x20000124                USBD_Interface_fops_FS
 .data          0x20000134       0x50 Src/usbd_desc.o
                0x20000134                USBD_FS_DeviceDesc
                0x20000148                USBD_LangIDDesc
                0x2000014c                USBD_StringSerial
                0x20000168                FS_Desc
 *(.data*)
 .data._impure_ptr
                0x20000184        0x4 d:/ac6/systemworkbench/plugins/fr.ac6.mcu.externaltools.arm-none.win32_1.17.0.201812190825/tools/compiler/bin/../lib/gcc/arm-none-eabi/7.3.1/../../../../arm-none-eabi/lib/thumb/v7-m\libc_nano.a(lib_a-impure.o)
                0x20000184                _impure_ptr
 .data.impure_data
                0x20000188       0x60 d:/ac6/systemworkbench/plugins/fr.ac6.mcu.externaltools.arm-none.win32_1.17.0.201812190825/tools/compiler/bin/../lib/gcc/arm-none-eabi/7.3.1/../../../../arm-none-eabi/lib/thumb/v7-m\libc_nano.a(lib_a-impure.o)
                0x200001e8                . = ALIGN (0x4)
                0x200001e8                _edata = .

.igot.plt       0x200001e8        0x0 load address 0x0800bf24
 .igot.plt      0x200001e8        0x0 d:/ac6/systemworkbench/plugins/fr.ac6.mcu.externaltools.arm-none.win32_1.17.0.201812190825/tools/compiler/bin/../lib/gcc/arm-none-eabi/7.3.1/thumb/v7-m/crtbegin.o
                0x200001e8                . = ALIGN (0x4)

.bss            0x200001e8     0x3fdc load address 0x0800bf24
                0x200001e8                _sbss = .
                0x200001e8                __bss_start__ = _sbss
 *(.bss)
 .bss           0x200001e8       0x1c d:/ac6/systemworkbench/plugins/fr.ac6.mcu.externaltools.arm-none.win32_1.17.0.201812190825/tools/compiler/bin/../lib/gcc/arm-none-eabi/7.3.1/thumb/v7-m/crtbegin.o
 .bss           0x20000204       0x70 Main/demo/demo.o
                0x20000204                cube3d
                0x20000264                cube2d
 .bss           0x20000274     0x1ed4 Main/vgaCore.o
                0x20000274                Vga::BitmapMode
                0x20000278                Vga::VideoMemoryColors
                0x20000948                Vga::VideoMemoryPixels
 .bss           0x20002148        0x8 Main/vgaText.o
                0x20002149                Vga::cursor_y
                0x2000214a                Vga::cursor_x
 .bss           0x20002150      0xb80 Main/game/Platform.o
 .bss           0x20002cd0        0x1 Middlewares/ST/STM32_USB_Device_Library/Class/CDC/Src/usbd_cdc.o
 .bss           0x20002cd1        0x1 Middlewares/ST/STM32_USB_Device_Library/Core/Src/usbd_ctlreq.o
 *fill*         0x20002cd2        0x2 
 .bss           0x20002cd4        0x8 Src/syscalls.o
                0x20002cd8                __env
 .bss           0x20002cdc      0x220 Src/usbd_conf.o
 *(.bss*)
 .bss.__malloc_free_list
                0x20002efc        0x4 d:/ac6/systemworkbench/plugins/fr.ac6.mcu.externaltools.arm-none.win32_1.17.0.201812190825/tools/compiler/bin/../lib/gcc/arm-none-eabi/7.3.1/../../../../arm-none-eabi/lib/thumb/v7-m\libc_nano.a(lib_a-nano-mallocr.o)
                0x20002efc                __malloc_free_list
 .bss.__malloc_sbrk_start
                0x20002f00        0x4 d:/ac6/systemworkbench/plugins/fr.ac6.mcu.externaltools.arm-none.win32_1.17.0.201812190825/tools/compiler/bin/../lib/gcc/arm-none-eabi/7.3.1/../../../../arm-none-eabi/lib/thumb/v7-m\libc_nano.a(lib_a-nano-mallocr.o)
                0x20002f00                __malloc_sbrk_start
 *(COMMON)
 COMMON         0x20002f04        0x4 Drivers/STM32F1xx_HAL_Driver/Src/stm32f1xx_hal.o
                0x20002f04                uwTick
 COMMON         0x20002f08      0x210 Main/game/xonix.o
                0x20002f08                gEater
                0x20002f88                gRun
                0x20002f8c                gFlyerCount
                0x20002f90                gMyRunner
                0x20002fb0                gFlyer
                0x200030f0                gEaterCount
                0x200030f4                gMyStatusArea
                0x200030f8                gLevel
                0x200030fc                gFillCount
                0x20003100                gPause
                0x20003104                gEndOfGame
                0x20003108                gLoops
                0x2000310c                gQuit
                0x20003110                gPlayer
                0x20003114                gHighScore
 COMMON         0x20003118       0x54 Src/main.o
                0x20003118                htim3
                0x20003158                hrtc
 COMMON         0x2000316c      0x224 Src/usb_device.o
                0x2000316c                hUsbDeviceFS
 COMMON         0x20003390      0x7d0 Src/usbd_cdc_if.o
                0x20003390                UserRxBufferFS
                0x20003778                UserTxBufferFS
 COMMON         0x20003b60      0x460 Src/usbd_conf.o
                0x20003b60                hpcd_USB_FS
 COMMON         0x20003fc0      0x200 Src/usbd_desc.o
                0x20003fc0                USBD_StrDesc
 COMMON         0x200041c0        0x4 d:/ac6/systemworkbench/plugins/fr.ac6.mcu.externaltools.arm-none.win32_1.17.0.201812190825/tools/compiler/bin/../lib/gcc/arm-none-eabi/7.3.1/../../../../arm-none-eabi/lib/thumb/v7-m\libc_nano.a(lib_a-reent.o)
                0x200041c0                errno
                0x200041c4                . = ALIGN (0x4)
                0x200041c4                _ebss = .
                0x200041c4                __bss_end__ = _ebss

._user_heap_stack
                0x200041c4      0x804 load address 0x0800bf24
                0x200041c8                . = ALIGN (0x8)
 *fill*         0x200041c4        0x4 
                0x200041c8                PROVIDE (end = .)
                [!provide]                PROVIDE (_end = .)
                0x200045c8                . = (. + _Min_Heap_Size)
 *fill*         0x200041c8      0x400 
                0x200049c8                . = (. + _Min_Stack_Size)
 *fill*         0x200045c8      0x400 
                0x200049c8                . = ALIGN (0x8)

/DISCARD/
 libc.a(*)
 libm.a(*)
 libgcc.a(*)

.ARM.attributes
                0x00000000       0x29
 *(.ARM.attributes)
 .ARM.attributes
                0x00000000       0x1d d:/ac6/systemworkbench/plugins/fr.ac6.mcu.externaltools.arm-none.win32_1.17.0.201812190825/tools/compiler/bin/../lib/gcc/arm-none-eabi/7.3.1/thumb/v7-m/crti.o
 .ARM.attributes
                0x0000001d       0x2d d:/ac6/systemworkbench/plugins/fr.ac6.mcu.externaltools.arm-none.win32_1.17.0.201812190825/tools/compiler/bin/../lib/gcc/arm-none-eabi/7.3.1/thumb/v7-m/crtbegin.o
 .ARM.attributes
                0x0000004a       0x33 Drivers/STM32F1xx_HAL_Driver/Src/stm32f1xx_hal.o
 .ARM.attributes
                0x0000007d       0x33 Drivers/STM32F1xx_HAL_Driver/Src/stm32f1xx_hal_cortex.o
 .ARM.attributes
                0x000000b0       0x33 Drivers/STM32F1xx_HAL_Driver/Src/stm32f1xx_hal_gpio.o
 .ARM.attributes
                0x000000e3       0x33 Drivers/STM32F1xx_HAL_Driver/Src/stm32f1xx_hal_pcd.o
 .ARM.attributes
                0x00000116       0x33 Drivers/STM32F1xx_HAL_Driver/Src/stm32f1xx_hal_pcd_ex.o
 .ARM.attributes
                0x00000149       0x33 Drivers/STM32F1xx_HAL_Driver/Src/stm32f1xx_hal_pwr.o
 .ARM.attributes
                0x0000017c       0x33 Drivers/STM32F1xx_HAL_Driver/Src/stm32f1xx_hal_rcc.o
 .ARM.attributes
                0x000001af       0x33 Drivers/STM32F1xx_HAL_Driver/Src/stm32f1xx_hal_rcc_ex.o
 .ARM.attributes
                0x000001e2       0x33 Drivers/STM32F1xx_HAL_Driver/Src/stm32f1xx_hal_rtc.o
 .ARM.attributes
                0x00000215       0x33 Drivers/STM32F1xx_HAL_Driver/Src/stm32f1xx_hal_tim.o
 .ARM.attributes
                0x00000248       0x33 Drivers/STM32F1xx_HAL_Driver/Src/stm32f1xx_hal_tim_ex.o
 .ARM.attributes
                0x0000027b       0x33 Drivers/STM32F1xx_HAL_Driver/Src/stm32f1xx_ll_usb.o
 .ARM.attributes
                0x000002ae       0x33 Main/demo/demo.o
 .ARM.attributes
                0x000002e1       0x33 Main/font8x8.o
 .ARM.attributes
                0x00000314       0x33 Main/main.o
 .ARM.attributes
                0x00000347       0x33 Main/timing.o
 .ARM.attributes
                0x0000037a       0x33 Main/vga.o
 .ARM.attributes
                0x000003ad       0x33 Main/vgaCore.o
 .ARM.attributes
                0x000003e0       0x21 Main/vgaDraw.o
 .ARM.attributes
                0x00000401       0x33 Main/vgaText.o
 .ARM.attributes
                0x00000434       0x33 Main/game/Platform.o
 .ARM.attributes
                0x00000467       0x33 Main/game/gameFont4x4.o
 .ARM.attributes
                0x0000049a       0x33 Main/game/stack.o
 .ARM.attributes
                0x000004cd       0x33 Main/game/xonix.o
 .ARM.attributes
                0x00000500       0x33 Middlewares/ST/STM32_USB_Device_Library/Class/CDC/Src/usbd_cdc.o
 .ARM.attributes
                0x00000533       0x33 Middlewares/ST/STM32_USB_Device_Library/Core/Src/usbd_core.o
 .ARM.attributes
                0x00000566       0x33 Middlewares/ST/STM32_USB_Device_Library/Core/Src/usbd_ctlreq.o
 .ARM.attributes
                0x00000599       0x33 Middlewares/ST/STM32_USB_Device_Library/Core/Src/usbd_ioreq.o
 .ARM.attributes
                0x000005cc       0x33 Src/main.o
 .ARM.attributes
                0x000005ff       0x33 Src/stm32f1xx_hal_msp.o
 .ARM.attributes
                0x00000632       0x33 Src/stm32f1xx_it.o
 .ARM.attributes
                0x00000665       0x33 Src/syscalls.o
 .ARM.attributes
                0x00000698       0x33 Src/system_stm32f1xx.o
 .ARM.attributes
                0x000006cb       0x33 Src/usb_device.o
 .ARM.attributes
                0x000006fe       0x33 Src/usbd_cdc_if.o
 .ARM.attributes
                0x00000731       0x33 Src/usbd_conf.o
 .ARM.attributes
                0x00000764       0x33 Src/usbd_desc.o
 .ARM.attributes
                0x00000797       0x21 startup/startup_stm32f103xb.o
 .ARM.attributes
                0x000007b8       0x2d d:/ac6/systemworkbench/plugins/fr.ac6.mcu.externaltools.arm-none.win32_1.17.0.201812190825/tools/compiler/bin/../lib/gcc/arm-none-eabi/7.3.1/../../../../arm-none-eabi/lib/thumb/v7-m\libm.a(lib_a-sf_cos.o)
 .ARM.attributes
                0x000007e5       0x2d d:/ac6/systemworkbench/plugins/fr.ac6.mcu.externaltools.arm-none.win32_1.17.0.201812190825/tools/compiler/bin/../lib/gcc/arm-none-eabi/7.3.1/../../../../arm-none-eabi/lib/thumb/v7-m\libm.a(lib_a-sf_sin.o)
 .ARM.attributes
                0x00000812       0x2d d:/ac6/systemworkbench/plugins/fr.ac6.mcu.externaltools.arm-none.win32_1.17.0.201812190825/tools/compiler/bin/../lib/gcc/arm-none-eabi/7.3.1/../../../../arm-none-eabi/lib/thumb/v7-m\libm.a(lib_a-ef_rem_pio2.o)
 .ARM.attributes
                0x0000083f       0x2d d:/ac6/systemworkbench/plugins/fr.ac6.mcu.externaltools.arm-none.win32_1.17.0.201812190825/tools/compiler/bin/../lib/gcc/arm-none-eabi/7.3.1/../../../../arm-none-eabi/lib/thumb/v7-m\libm.a(lib_a-kf_cos.o)
 .ARM.attributes
                0x0000086c       0x2d d:/ac6/systemworkbench/plugins/fr.ac6.mcu.externaltools.arm-none.win32_1.17.0.201812190825/tools/compiler/bin/../lib/gcc/arm-none-eabi/7.3.1/../../../../arm-none-eabi/lib/thumb/v7-m\libm.a(lib_a-kf_rem_pio2.o)
 .ARM.attributes
                0x00000899       0x2d d:/ac6/systemworkbench/plugins/fr.ac6.mcu.externaltools.arm-none.win32_1.17.0.201812190825/tools/compiler/bin/../lib/gcc/arm-none-eabi/7.3.1/../../../../arm-none-eabi/lib/thumb/v7-m\libm.a(lib_a-kf_sin.o)
 .ARM.attributes
                0x000008c6       0x2d d:/ac6/systemworkbench/plugins/fr.ac6.mcu.externaltools.arm-none.win32_1.17.0.201812190825/tools/compiler/bin/../lib/gcc/arm-none-eabi/7.3.1/../../../../arm-none-eabi/lib/thumb/v7-m\libm.a(lib_a-sf_fabs.o)
 .ARM.attributes
                0x000008f3       0x2d d:/ac6/systemworkbench/plugins/fr.ac6.mcu.externaltools.arm-none.win32_1.17.0.201812190825/tools/compiler/bin/../lib/gcc/arm-none-eabi/7.3.1/../../../../arm-none-eabi/lib/thumb/v7-m\libm.a(lib_a-sf_floor.o)
 .ARM.attributes
                0x00000920       0x2d d:/ac6/systemworkbench/plugins/fr.ac6.mcu.externaltools.arm-none.win32_1.17.0.201812190825/tools/compiler/bin/../lib/gcc/arm-none-eabi/7.3.1/../../../../arm-none-eabi/lib/thumb/v7-m\libm.a(lib_a-sf_scalbn.o)
 .ARM.attributes
                0x0000094d       0x2d d:/ac6/systemworkbench/plugins/fr.ac6.mcu.externaltools.arm-none.win32_1.17.0.201812190825/tools/compiler/bin/../lib/gcc/arm-none-eabi/7.3.1/../../../../arm-none-eabi/lib/thumb/v7-m\libm.a(lib_a-sf_copysign.o)
 .ARM.attributes
                0x0000097a       0x1d d:/ac6/systemworkbench/plugins/fr.ac6.mcu.externaltools.arm-none.win32_1.17.0.201812190825/tools/compiler/bin/../lib/gcc/arm-none-eabi/7.3.1/thumb/v7-m\libgcc.a(_arm_addsubdf3.o)
 .ARM.attributes
                0x00000997       0x1d d:/ac6/systemworkbench/plugins/fr.ac6.mcu.externaltools.arm-none.win32_1.17.0.201812190825/tools/compiler/bin/../lib/gcc/arm-none-eabi/7.3.1/thumb/v7-m\libgcc.a(_arm_muldivdf3.o)
 .ARM.attributes
                0x000009b4       0x1d d:/ac6/systemworkbench/plugins/fr.ac6.mcu.externaltools.arm-none.win32_1.17.0.201812190825/tools/compiler/bin/../lib/gcc/arm-none-eabi/7.3.1/thumb/v7-m\libgcc.a(_arm_fixdfsi.o)
 .ARM.attributes
                0x000009d1       0x1d d:/ac6/systemworkbench/plugins/fr.ac6.mcu.externaltools.arm-none.win32_1.17.0.201812190825/tools/compiler/bin/../lib/gcc/arm-none-eabi/7.3.1/thumb/v7-m\libgcc.a(_arm_fixunsdfsi.o)
 .ARM.attributes
                0x000009ee       0x1d d:/ac6/systemworkbench/plugins/fr.ac6.mcu.externaltools.arm-none.win32_1.17.0.201812190825/tools/compiler/bin/../lib/gcc/arm-none-eabi/7.3.1/thumb/v7-m\libgcc.a(_arm_addsubsf3.o)
 .ARM.attributes
                0x00000a0b       0x1d d:/ac6/systemworkbench/plugins/fr.ac6.mcu.externaltools.arm-none.win32_1.17.0.201812190825/tools/compiler/bin/../lib/gcc/arm-none-eabi/7.3.1/thumb/v7-m\libgcc.a(_arm_muldivsf3.o)
 .ARM.attributes
                0x00000a28       0x1d d:/ac6/systemworkbench/plugins/fr.ac6.mcu.externaltools.arm-none.win32_1.17.0.201812190825/tools/compiler/bin/../lib/gcc/arm-none-eabi/7.3.1/thumb/v7-m\libgcc.a(_arm_cmpsf2.o)
 .ARM.attributes
                0x00000a45       0x1d d:/ac6/systemworkbench/plugins/fr.ac6.mcu.externaltools.arm-none.win32_1.17.0.201812190825/tools/compiler/bin/../lib/gcc/arm-none-eabi/7.3.1/thumb/v7-m\libgcc.a(_arm_fixsfsi.o)
 .ARM.attributes
                0x00000a62       0x1d d:/ac6/systemworkbench/plugins/fr.ac6.mcu.externaltools.arm-none.win32_1.17.0.201812190825/tools/compiler/bin/../lib/gcc/arm-none-eabi/7.3.1/thumb/v7-m\libgcc.a(_arm_fixunssfsi.o)
 .ARM.attributes
                0x00000a7f       0x2d d:/ac6/systemworkbench/plugins/fr.ac6.mcu.externaltools.arm-none.win32_1.17.0.201812190825/tools/compiler/bin/../lib/gcc/arm-none-eabi/7.3.1/../../../../arm-none-eabi/lib/thumb/v7-m\libc_nano.a(lib_a-errno.o)
 .ARM.attributes
                0x00000aac       0x2d d:/ac6/systemworkbench/plugins/fr.ac6.mcu.externaltools.arm-none.win32_1.17.0.201812190825/tools/compiler/bin/../lib/gcc/arm-none-eabi/7.3.1/../../../../arm-none-eabi/lib/thumb/v7-m\libc_nano.a(lib_a-impure.o)
 .ARM.attributes
                0x00000ad9       0x2d d:/ac6/systemworkbench/plugins/fr.ac6.mcu.externaltools.arm-none.win32_1.17.0.201812190825/tools/compiler/bin/../lib/gcc/arm-none-eabi/7.3.1/../../../../arm-none-eabi/lib/thumb/v7-m\libc_nano.a(lib_a-init.o)
 .ARM.attributes
                0x00000b06       0x2d d:/ac6/systemworkbench/plugins/fr.ac6.mcu.externaltools.arm-none.win32_1.17.0.201812190825/tools/compiler/bin/../lib/gcc/arm-none-eabi/7.3.1/../../../../arm-none-eabi/lib/thumb/v7-m\libc_nano.a(lib_a-malloc.o)
 .ARM.attributes
                0x00000b33       0x2d d:/ac6/systemworkbench/plugins/fr.ac6.mcu.externaltools.arm-none.win32_1.17.0.201812190825/tools/compiler/bin/../lib/gcc/arm-none-eabi/7.3.1/../../../../arm-none-eabi/lib/thumb/v7-m\libc_nano.a(lib_a-memcpy-stub.o)
 .ARM.attributes
                0x00000b60       0x2d d:/ac6/systemworkbench/plugins/fr.ac6.mcu.externaltools.arm-none.win32_1.17.0.201812190825/tools/compiler/bin/../lib/gcc/arm-none-eabi/7.3.1/../../../../arm-none-eabi/lib/thumb/v7-m\libc_nano.a(lib_a-memset.o)
 .ARM.attributes
                0x00000b8d       0x2d d:/ac6/systemworkbench/plugins/fr.ac6.mcu.externaltools.arm-none.win32_1.17.0.201812190825/tools/compiler/bin/../lib/gcc/arm-none-eabi/7.3.1/../../../../arm-none-eabi/lib/thumb/v7-m\libc_nano.a(lib_a-nano-freer.o)
 .ARM.attributes
                0x00000bba       0x2d d:/ac6/systemworkbench/plugins/fr.ac6.mcu.externaltools.arm-none.win32_1.17.0.201812190825/tools/compiler/bin/../lib/gcc/arm-none-eabi/7.3.1/../../../../arm-none-eabi/lib/thumb/v7-m\libc_nano.a(lib_a-nano-mallocr.o)
 .ARM.attributes
                0x00000be7       0x2d d:/ac6/systemworkbench/plugins/fr.ac6.mcu.externaltools.arm-none.win32_1.17.0.201812190825/tools/compiler/bin/../lib/gcc/arm-none-eabi/7.3.1/../../../../arm-none-eabi/lib/thumb/v7-m\libc_nano.a(lib_a-rand.o)
 .ARM.attributes
                0x00000c14       0x2d d:/ac6/systemworkbench/plugins/fr.ac6.mcu.externaltools.arm-none.win32_1.17.0.201812190825/tools/compiler/bin/../lib/gcc/arm-none-eabi/7.3.1/../../../../arm-none-eabi/lib/thumb/v7-m\libc_nano.a(lib_a-realloc.o)
 .ARM.attributes
                0x00000c41       0x2d d:/ac6/systemworkbench/plugins/fr.ac6.mcu.externaltools.arm-none.win32_1.17.0.201812190825/tools/compiler/bin/../lib/gcc/arm-none-eabi/7.3.1/../../../../arm-none-eabi/lib/thumb/v7-m\libc_nano.a(lib_a-sbrkr.o)
 .ARM.attributes
                0x00000c6e       0x2d d:/ac6/systemworkbench/plugins/fr.ac6.mcu.externaltools.arm-none.win32_1.17.0.201812190825/tools/compiler/bin/../lib/gcc/arm-none-eabi/7.3.1/../../../../arm-none-eabi/lib/thumb/v7-m\libc_nano.a(lib_a-sprintf.o)
 .ARM.attributes
                0x00000c9b       0x2d d:/ac6/systemworkbench/plugins/fr.ac6.mcu.externaltools.arm-none.win32_1.17.0.201812190825/tools/compiler/bin/../lib/gcc/arm-none-eabi/7.3.1/../../../../arm-none-eabi/lib/thumb/v7-m\libc_nano.a(lib_a-mlock.o)
 .ARM.attributes
                0x00000cc8       0x2d d:/ac6/systemworkbench/plugins/fr.ac6.mcu.externaltools.arm-none.win32_1.17.0.201812190825/tools/compiler/bin/../lib/gcc/arm-none-eabi/7.3.1/../../../../arm-none-eabi/lib/thumb/v7-m\libc_nano.a(lib_a-nano-reallocr.o)
 .ARM.attributes
                0x00000cf5       0x2d d:/ac6/systemworkbench/plugins/fr.ac6.mcu.externaltools.arm-none.win32_1.17.0.201812190825/tools/compiler/bin/../lib/gcc/arm-none-eabi/7.3.1/../../../../arm-none-eabi/lib/thumb/v7-m\libc_nano.a(lib_a-nano-svfprintf.o)
 .ARM.attributes
                0x00000d22       0x2d d:/ac6/systemworkbench/plugins/fr.ac6.mcu.externaltools.arm-none.win32_1.17.0.201812190825/tools/compiler/bin/../lib/gcc/arm-none-eabi/7.3.1/../../../../arm-none-eabi/lib/thumb/v7-m\libc_nano.a(lib_a-nano-vfprintf_i.o)
 .ARM.attributes
                0x00000d4f       0x2d d:/ac6/systemworkbench/plugins/fr.ac6.mcu.externaltools.arm-none.win32_1.17.0.201812190825/tools/compiler/bin/../lib/gcc/arm-none-eabi/7.3.1/../../../../arm-none-eabi/lib/thumb/v7-m\libc_nano.a(lib_a-reent.o)
 .ARM.attributes
                0x00000d7c       0x2d d:/ac6/systemworkbench/plugins/fr.ac6.mcu.externaltools.arm-none.win32_1.17.0.201812190825/tools/compiler/bin/../lib/gcc/arm-none-eabi/7.3.1/../../../../arm-none-eabi/lib/thumb/v7-m\libc_nano.a(lib_a-memchr-stub.o)
 .ARM.attributes
                0x00000da9       0x2d d:/ac6/systemworkbench/plugins/fr.ac6.mcu.externaltools.arm-none.win32_1.17.0.201812190825/tools/compiler/bin/../lib/gcc/arm-none-eabi/7.3.1/../../../../arm-none-eabi/lib/thumb/v7-m\libc_nano.a(lib_a-memmove.o)
 .ARM.attributes
                0x00000dd6       0x2d d:/ac6/systemworkbench/plugins/fr.ac6.mcu.externaltools.arm-none.win32_1.17.0.201812190825/tools/compiler/bin/../lib/gcc/arm-none-eabi/7.3.1/../../../../arm-none-eabi/lib/thumb/v7-m\libc_nano.a(lib_a-nano-msizer.o)
 .ARM.attributes
                0x00000e03       0x1d d:/ac6/systemworkbench/plugins/fr.ac6.mcu.externaltools.arm-none.win32_1.17.0.201812190825/tools/compiler/bin/../lib/gcc/arm-none-eabi/7.3.1/thumb/v7-m/crtn.o
OUTPUT(stm32f103-vga-demo.elf elf32-littlearm)

.comment        0x00000000       0x7f
 .comment       0x00000000       0x7f Drivers/STM32F1xx_HAL_Driver/Src/stm32f1xx_hal.o
                                 0x80 (size before relaxing)
 .comment       0x0000007f       0x80 Drivers/STM32F1xx_HAL_Driver/Src/stm32f1xx_hal_cortex.o
 .comment       0x0000007f       0x80 Drivers/STM32F1xx_HAL_Driver/Src/stm32f1xx_hal_gpio.o
 .comment       0x0000007f       0x80 Drivers/STM32F1xx_HAL_Driver/Src/stm32f1xx_hal_pcd.o
 .comment       0x0000007f       0x80 Drivers/STM32F1xx_HAL_Driver/Src/stm32f1xx_hal_pcd_ex.o
 .comment       0x0000007f       0x80 Drivers/STM32F1xx_HAL_Driver/Src/stm32f1xx_hal_pwr.o
 .comment       0x0000007f       0x80 Drivers/STM32F1xx_HAL_Driver/Src/stm32f1xx_hal_rcc.o
 .comment       0x0000007f       0x80 Drivers/STM32F1xx_HAL_Driver/Src/stm32f1xx_hal_rcc_ex.o
 .comment       0x0000007f       0x80 Drivers/STM32F1xx_HAL_Driver/Src/stm32f1xx_hal_rtc.o
 .comment       0x0000007f       0x80 Drivers/STM32F1xx_HAL_Driver/Src/stm32f1xx_hal_tim.o
 .comment       0x0000007f       0x80 Drivers/STM32F1xx_HAL_Driver/Src/stm32f1xx_hal_tim_ex.o
 .comment       0x0000007f       0x80 Drivers/STM32F1xx_HAL_Driver/Src/stm32f1xx_ll_usb.o
 .comment       0x0000007f       0x80 Main/demo/demo.o
 .comment       0x0000007f       0x80 Main/font8x8.o
 .comment       0x0000007f       0x80 Main/main.o
 .comment       0x0000007f       0x80 Main/timing.o
 .comment       0x0000007f       0x80 Main/vga.o
 .comment       0x0000007f       0x80 Main/vgaCore.o
 .comment       0x0000007f       0x80 Main/vgaText.o
 .comment       0x0000007f       0x80 Main/game/Platform.o
 .comment       0x0000007f       0x80 Main/game/gameFont4x4.o
 .comment       0x0000007f       0x80 Main/game/stack.o
 .comment       0x0000007f       0x80 Main/game/xonix.o
 .comment       0x0000007f       0x80 Middlewares/ST/STM32_USB_Device_Library/Class/CDC/Src/usbd_cdc.o
 .comment       0x0000007f       0x80 Middlewares/ST/STM32_USB_Device_Library/Core/Src/usbd_core.o
 .comment       0x0000007f       0x80 Middlewares/ST/STM32_USB_Device_Library/Core/Src/usbd_ctlreq.o
 .comment       0x0000007f       0x80 Middlewares/ST/STM32_USB_Device_Library/Core/Src/usbd_ioreq.o
 .comment       0x0000007f       0x80 Src/main.o
 .comment       0x0000007f       0x80 Src/stm32f1xx_hal_msp.o
 .comment       0x0000007f       0x80 Src/stm32f1xx_it.o
 .comment       0x0000007f       0x80 Src/syscalls.o
 .comment       0x0000007f       0x80 Src/system_stm32f1xx.o
 .comment       0x0000007f       0x80 Src/usb_device.o
 .comment       0x0000007f       0x80 Src/usbd_cdc_if.o
 .comment       0x0000007f       0x80 Src/usbd_conf.o
 .comment       0x0000007f       0x80 Src/usbd_desc.o